Component: ARM Compiler 5.06 update 7 (build 960) Tool: armlink [4d3601]

==============================================================================

Section Cross References

    system_msp432p401r.o(i.SystemCoreClockUpdate) refers to system_msp432p401r.o(.data) for .data
    startup_msp432p401r_uvision.o(RESET) refers to startup_msp432p401r_uvision.o(STACK) for __initial_sp
    startup_msp432p401r_uvision.o(RESET) refers to startup_msp432p401r_uvision.o(.text) for Reset_Handler
    startup_msp432p401r_uvision.o(RESET) refers to main.o(i.TA3_0_IRQHandler) for TA3_0_IRQHandler
    startup_msp432p401r_uvision.o(RESET) refers to usart.o(i.EUSCIA0_IRQHandler) for EUSCIA0_IRQHandler
    startup_msp432p401r_uvision.o(RESET) refers to usart.o(i.EUSCIA1_IRQHandler) for EUSCIA1_IRQHandler
    startup_msp432p401r_uvision.o(RESET) refers to usart.o(i.EUSCIA2_IRQHandler) for EUSCIA2_IRQHandler
    startup_msp432p401r_uvision.o(RESET) refers to usart.o(i.EUSCIA3_IRQHandler) for EUSCIA3_IRQHandler
    startup_msp432p401r_uvision.o(RESET) refers to ic.o(i.PORT2_IRQHandler) for PORT2_IRQHandler
    startup_msp432p401r_uvision.o(RESET) refers to ic.o(i.PORT4_IRQHandler) for PORT4_IRQHandler
    startup_msp432p401r_uvision.o(RESET) refers to ic.o(i.PORT5_IRQHandler) for PORT5_IRQHandler
    startup_msp432p401r_uvision.o(RESET) refers to ic.o(i.PORT6_IRQHandler) for PORT6_IRQHandler
    startup_msp432p401r_uvision.o(.text) refers to system_msp432p401r.o(i.SystemInit) for SystemInit
    startup_msp432p401r_uvision.o(.text) refers to entry.o(.ARM.Collect$$$$00000000) for __main
    main.o(i.TA3_0_IRQHandler) refers to trans.o(i.trans_bt_R) for trans_bt_R
    main.o(i.TA3_0_IRQHandler) refers to pwm.o(i.speed_set) for speed_set
    main.o(i.TA3_0_IRQHandler) refers to pid.o(i.PID_init) for PID_init
    main.o(i.TA3_0_IRQHandler) refers to led.o(i.BUZZ_Off) for BUZZ_Off
    main.o(i.TA3_0_IRQHandler) refers to trans.o(i.trans_others_R) for trans_others_R
    main.o(i.TA3_0_IRQHandler) refers to pid.o(i.PID_calc1) for PID_calc1
    main.o(i.TA3_0_IRQHandler) refers to led.o(i.BUZZ_On) for BUZZ_On
    main.o(i.TA3_0_IRQHandler) refers to ic.o(i.get_v1) for get_v1
    main.o(i.TA3_0_IRQHandler) refers to ic.o(i.get_v2) for get_v2
    main.o(i.TA3_0_IRQHandler) refers to pid.o(i.PID_calc2) for PID_calc2
    main.o(i.TA3_0_IRQHandler) refers to pwm.o(i.speed_adjust) for speed_adjust
    main.o(i.TA3_0_IRQHandler) refers to trans.o(i.trans_bt_T) for trans_bt_T
    main.o(i.TA3_0_IRQHandler) refers to printf6.o(i.__0printf$6) for __2printf
    main.o(i.TA3_0_IRQHandler) refers to main.o(.data) for .data
    main.o(i.TA3_0_IRQHandler) refers to main.o(.bss) for .bss
    main.o(i.TA3_0_IRQHandler) refers to oled.o(i.oled_show) for oled_show
    main.o(i.TA3_0_IRQHandler) refers to dfltui.o(.text) for __aeabi_ui2d
    main.o(i.TA3_0_IRQHandler) refers to ddiv.o(.text) for __aeabi_ddiv
    main.o(i.TA3_0_IRQHandler) refers to d2f.o(.text) for __aeabi_d2f
    main.o(i.main) refers to sysinit.o(i.SysInit) for SysInit
    main.o(i.main) refers to delay.o(i.delay_init) for delay_init
    main.o(i.main) refers to delay.o(i.delay_ms) for delay_ms
    main.o(i.main) refers to pid.o(i.PID_init) for PID_init
    main.o(i.main) refers to ic.o(i.ic_init) for ic_init
    main.o(i.main) refers to oled.o(i.oled_init) for oled_init
    main.o(i.main) refers to led.o(i.LED_Init) for LED_Init
    main.o(i.main) refers to key.o(i.KEY_Init) for KEY_Init
    main.o(i.main) refers to trans.o(i.trans_others_init) for trans_others_init
    main.o(i.main) refers to trans.o(i.trans_bt_init) for trans_bt_init
    main.o(i.main) refers to pwm.o(i.pwm_init) for pwm_init
    main.o(i.main) refers to interrupt.o(i.Interrupt_setPriority) for Interrupt_setPriority
    main.o(i.main) refers to timer.o(i.TimA3_Init) for TimA3_Init
    main.o(i.main) refers to printf6.o(i.__0printf$6) for __2printf
    main.o(i.main) refers to main.o(.bss) for .bss
    sysinit.o(i.SysInit) refers to cs.o(i.CS_setExternalClockSourceFrequency) for CS_setExternalClockSourceFrequency
    sysinit.o(i.SysInit) refers to cs.o(i.CS_startHFXT) for CS_startHFXT
    sysinit.o(i.SysInit) refers to cs.o(i.CS_startLFXT) for CS_startLFXT
    baudrate_calculate.o(i.eusci_calcBaudDividers) refers to cs.o(i.CS_getSMCLK) for CS_getSMCLK
    baudrate_calculate.o(i.eusci_calcBaudDividers) refers to cs.o(i.CS_getACLK) for CS_getACLK
    baudrate_calculate.o(i.eusci_calcBaudDividers) refers to baudrate_calculate.o(i.bitPosition) for bitPosition
    delay.o(i.delay_init) refers to cs.o(i.CS_getMCLK) for CS_getMCLK
    delay.o(i.delay_init) refers to delay.o(.data) for .data
    delay.o(i.delay_ms) refers to delay.o(i.delay_us) for delay_us
    delay.o(i.delay_us) refers to delay.o(.data) for .data
    trans.o(i.trans_bt_R) refers to trans.o(.bss) for .bss
    trans.o(i.trans_bt_T) refers to usart.o(i.uart_singletrans) for uart_singletrans
    trans.o(i.trans_bt_T) refers to trans.o(.bss) for .bss
[...]
    printf6.o(i.__0vprintf$6) refers to printf6.o(i._printf_core) for _printf_core
    printf6.o(i.__0vprintf$6) refers to usart.o(i.fputc) for fputc
    printf6.o(i.__0vprintf$6) refers to usart.o(.data) for __stdout
    printf6.o(i.__0vsnprintf$6) refers to printf6.o(i._printf_core) for _printf_core
    printf6.o(i.__0vsnprintf$6) refers to printf6.o(i._snputc) for _snputc
    printf6.o(i.__0vsprintf$6) refers to printf6.o(i._printf_core) for _printf_core
    printf6.o(i.__0vsprintf$6) refers to printf6.o(i._sputc) for _sputc
    printf6.o(i._printf_core) refers to printf6.o(i._printf_pre_padding) for _printf_pre_padding
    printf6.o(i._printf_core) refers to uidiv.o(.text) for __aeabi_uidivmod
    printf6.o(i._printf_core) refers to printf6.o(i._printf_post_padding) for _printf_post_padding
    printf7.o(i.__0fprintf$7) refers to printf7.o(i._printf_core) for _printf_core
    printf7.o(i.__0fprintf$7) refers to usart.o(i.fputc) for fputc
    printf7.o(i.__0printf$7) refers to printf7.o(i._printf_core) for _printf_core
    printf7.o(i.__0printf$7) refers to usart.o(i.fputc) for fputc
    printf7.o(i.__0printf$7) refers to usart.o(.data) for __stdout
    printf7.o(i.__0snprintf$7) refers to printf7.o(i._printf_core) for _printf_core
    printf7.o(i.__0snprintf$7) refers to printf7.o(i._snputc) for _snputc
    printf7.o(i.__0sprintf$7) refers to printf7.o(i._printf_core) for _printf_core
    printf7.o(i.__0sprintf$7) refers to printf7.o(i._sputc) for _sputc
    printf7.o(i.__0vfprintf$7) refers to printf7.o(i._printf_core) for _printf_core
    printf7.o(i.__0vfprintf$7) refers to usart.o(i.fputc) for fputc
    printf7.o(i.__0vprintf$7) refers to printf7.o(i._printf_core) for _printf_core
    printf7.o(i.__0vprintf$7) refers to usart.o(i.fputc) for fputc
    printf7.o(i.__0vprintf$7) refers to usart.o(.data) for __stdout
    printf7.o(i.__0vsnprintf$7) refers to printf7.o(i._printf_core) for _printf_core
    printf7.o(i.__0vsnprintf$7) refers to printf7.o(i._snputc) for _snputc
    printf7.o(i.__0vsprintf$7) refers to printf7.o(i._printf_core) for _printf_core
    printf7.o(i.__0vsprintf$7) refers to printf7.o(i._sputc) for _sputc
    printf7.o(i._printf_core) refers to printf7.o(i._printf_pre_padding) for _printf_pre_padding
    printf7.o(i._printf_core) refers to uldiv.o(.text) for __aeabi_uldivmod
    printf7.o(i._printf_core) refers to printf7.o(i._printf_post_padding) for _printf_post_padding
    printf8.o(i.__0fprintf$8) refers to printf8.o(i._printf_core) for _printf_core
    printf8.o(i.__0fprintf$8) refers to usart.o(i.fputc) for fputc
    printf8.o(i.__0printf$8) refers to printf8.o(i._printf_core) for _printf_core
    printf8.o(i.__0printf$8) refers to usart.o(i.fputc) for fputc
    printf8.o(i.__0printf$8) refers to usart.o(.data) for __stdout
    printf8.o(i.__0snprintf$8) refers to printf8.o(i._printf_core) for _printf_core
    printf8.o(i.__0snprintf$8) refers to printf8.o(i._snputc) for _snputc
    printf8.o(i.__0sprintf$8) refers to printf8.o(i._printf_core) for _printf_core
    printf8.o(i.__0sprintf$8) refers to printf8.o(i._sputc) for _sputc
    printf8.o(i.__0vfprintf$8) refers to printf8.o(i._printf_core) for _printf_core
    printf8.o(i.__0vfprintf$8) refers to usart.o(i.fputc) for fputc
    printf8.o(i.__0vprintf$8) refers to printf8.o(i._printf_core) for _printf_core
    printf8.o(i.__0vprintf$8) refers to usart.o(i.fputc) for fputc
    printf8.o(i.__0vprintf$8) refers to usart.o(.data) for __stdout
    printf8.o(i.__0vsnprintf$8) refers to printf8.o(i._printf_core) for _printf_core
    printf8.o(i.__0vsnprintf$8) refers to printf8.o(i._snputc) for _snputc
    printf8.o(i.__0vsprintf$8) refers to printf8.o(i._printf_core) for _printf_core
    printf8.o(i.__0vsprintf$8) refers to printf8.o(i._sputc) for _sputc
    printf8.o(i._printf_core) refers to printf8.o(i._printf_pre_padding) for _printf_pre_padding
    printf8.o(i._printf_core) refers to uldiv.o(.text) for __aeabi_uldivmod
    printf8.o(i._printf_core) refers to printf8.o(i._printf_post_padding) for _printf_post_padding
    printfa.o(i.__0fprintf) refers (Special) to iusefp.o(.text) for __I$use$fp
    printfa.o(i.__0fprintf) refers to printfa.o(i._printf_core) for _printf_core
    printfa.o(i.__0fprintf) refers to usart.o(i.fputc) for fputc
    printfa.o(i.__0printf) refers (Special) to iusefp.o(.text) for __I$use$fp
    printfa.o(i.__0printf) refers to printfa.o(i._printf_core) for _printf_core
    printfa.o(i.__0printf) refers to usart.o(i.fputc) for fputc
    printfa.o(i.__0printf) refers to usart.o(.data) for __stdout
    printfa.o(i.__0snprintf) refers (Special) to iusefp.o(.text) for __I$use$fp
    printfa.o(i.__0snprintf) refers to printfa.o(i._printf_core) for _printf_core
    printfa.o(i.__0snprintf) refers to printfa.o(i._snputc) for _snputc
    printfa.o(i.__0sprintf) refers (Special) to iusefp.o(.text) for __I$use$fp
    printfa.o(i.__0sprintf) refers to printfa.o(i._printf_core) for _printf_core
    printfa.o(i.__0sprintf) refers to printfa.o(i._sputc) for _sputc
    printfa.o(i.__0vfprintf) refers (Special) to iusefp.o(.text) for __I$use$fp
    printfa.o(i.__0vfprintf) refers to printfa.o(i._printf_core) for _printf_core
    printfa.o(i.__0vfprintf) refers to usart.o(i.fputc) for fputc
    printfa.o(i.__0vprintf) refers (Special) to iusefp.o(.text) for __I$use$fp
    printfa.o(i.__0vprintf) refers to printfa.o(i._printf_core) for _printf_core
    printfa.o(i.__0vprintf) refers to usart.o(i.fputc) for fputc
    printfa.o(i.__0vprintf) refers to usart.o(.data) for __stdout
    printfa.o(i.__0vsnprintf) refers (Special) to iusefp.o(.text) for __I$use$fp
    printfa.o(i.__0vsnprintf) refers to printfa.o(i._printf_core) for _printf_core
    printfa.o(i.__0vsnprintf) refers to printfa.o(i._snputc) for _snputc
    printfa.o(i.__0vsprintf) refers (Special) to iusefp.o(.text) for __I$use$fp
    printfa.o(i.__0vsprintf) refers to printfa.o(i._printf_core) for _printf_core
    printfa.o(i.__0vsprintf) refers to printfa.o(i._sputc) for _sputc
    printfa.o(i._fp_digits) refers (Special) to iusefp.o(.text) for __I$use$fp
    printfa.o(i._fp_digits) refers to dmul.o(.text) for __aeabi_dmul
    printfa.o(i._fp_digits) refers to ddiv.o(.text) for __aeabi_ddiv
    printfa.o(i._fp_digits) refers to cdrcmple.o(.text) for __aeabi_cdrcmple
    printfa.o(i._fp_digits) refers to dadd.o(.text) for __aeabi_dadd
    printfa.o(i._fp_digits) refers to dfixul.o(.text) for __aeabi_d2ulz
    printfa.o(i._fp_digits) refers to uldiv.o(.text) for __aeabi_uldivmod
    printfa.o(i._printf_core) refers (Special) to iusefp.o(.text) for __I$use$fp
    printfa.o(i._printf_core) refers to printfa.o(i._printf_pre_padding) for _printf_pre_padding
    printfa.o(i._printf_core) refers to uldiv.o(.text) for __aeabi_uldivmod
    printfa.o(i._printf_core) refers to printfa.o(i._printf_post_padding) for _printf_post_padding
    printfa.o(i._printf_core) refers to printfa.o(i._fp_digits) for _fp_digits
    printfa.o(i._printf_core) refers to uidiv.o(.text) for __aeabi_uidivmod
    printfa.o(i._printf_post_padding) refers (Special) to iusefp.o(.text) for __I$use$fp
    printfa.o(i._printf_pre_padding) refers (Special) to iusefp.o(.text) for __I$use$fp
    printfa.o(i._snputc) refers (Special) to iusefp.o(.text) for __I$use$fp
    printfa.o(i._sputc) refers (Special) to iusefp.o(.text) for __I$use$fp
    ddiv.o(.text) refers (Special) to iusefp.o(.text) for __I$use$fp
    ddiv.o(.text) refers to depilogue.o(.text) for _double_round
    dfltui.o(.text) refers (Special) to iusefp.o(.text) for __I$use$fp
    dfltui.o(.text) refers to depilogue.o(.text) for _double_epilogue
    d2f.o(.text) refers (Special) to iusefp.o(.text) for __I$use$fp
    d2f.o(.text) refers to fepilogue.o(.text) for _float_round
    entry2.o(.ARM.Collect$$$$00000001) refers to entry2.o(.ARM.Collect$$$$00002712) for __lit__00000000
    entry2.o(.ARM.Collect$$$$00002712) refers to startup_msp432p401r_uvision.o(STACK) for __initial_sp
    entry2.o(__vectab_stack_and_reset_area) refers to startup_msp432p401r_uvision.o(STACK) for __initial_sp
    entry2.o(__vectab_stack_and_reset_area) refers to entry.o(.ARM.Collect$$$$00000000) for __main
    entry5.o(.ARM.Collect$$$$00000004) refers to init.o(.text) for __scatterload
    entry9a.o(.ARM.Collect$$$$0000000B) refers to main.o(i.main) for main
    entry9b.o(.ARM.Collect$$$$0000000C) refers to main.o(i.main) for main
    uldiv.o(.text) refers to llushr.o(.text) for __aeabi_llsr
    uldiv.o(.text) refers to llshl.o(.text) for __aeabi_llsl
    depilogue.o(.text) refers to llshl.o(.text) for __aeabi_llsl
    depilogue.o(.text) refers to llushr.o(.text) for __aeabi_llsr
    dadd.o(.text) refers to llshl.o(.text) for __aeabi_llsl
    dadd.o(.text) refers to llsshr.o(.text) for __aeabi_lasr
    dadd.o(.text) refers to depilogue.o(.text) for _double_epilogue
    dmul.o(.text) refers to depilogue.o(.text) for _double_epilogue
    dfixul.o(.text) refers to llushr.o(.text) for __aeabi_llsr
    dfixul.o(.text) refers to llshl.o(.text) for __aeabi_llsl
    init.o(.text) refers to entry5.o(.ARM.Collect$$$$00000004) for __main_after_scatterload


==============================================================================

Removing Unused input sections from the image.

    Removing system_msp432p401r.o(.rev16_text), (4 bytes).
    Removing system_msp432p401r.o(.revsh_text), (4 bytes).
    Removing system_msp432p401r.o(.rrx_text), (6 bytes).
    Removing system_msp432p401r.o(i.SystemCoreClockUpdate), (452 bytes).
    Removing system_msp432p401r.o(.data), (4 bytes).
    Removing startup_msp432p401r_uvision.o(HEAP), (0 bytes).
    Removing main.o(.rev16_text), (4 bytes).
    Removing main.o(.revsh_text), (4 bytes).
    Removing main.o(.rrx_text), (6 bytes).
    Removing main.o(.data), (1 bytes).
    Removing main.o(.data), (4 bytes).
    Removing sysinit.o(.rev16_text), (4 bytes).
    Removing sysinit.o(.revsh_text), (4 bytes).
    Removing sysinit.o(.rrx_text), (6 bytes).
    Removing baudrate_calculate.o(.rev16_text), (4 bytes).
    Removing baudrate_calculate.o(.revsh_text), (4 bytes).
    Removing baudrate_calculate.o(.rrx_text), (6 bytes).
    Removing delay.o(.rev16_text), (4 bytes).
    Removing delay.o(.revsh_text), (4 bytes).
    Removing delay.o(.rrx_text), (6 bytes).
    Removing pid.o(i.PID_start), (24 bytes).
    Removing trans.o(.rev16_text), (4 bytes).
    Removing trans.o(.revsh_text), (4 bytes).
    Removing trans.o(.rrx_text), (6 bytes).
    Removing trans.o(i.trans_others_T), (152 bytes).
    Removing trans.o(.bss), (16 bytes).
    Removing timer.o(.rev16_text), (4 bytes).
    Removing timer.o(.revsh_text), (4 bytes).
    Removing timer.o(.rrx_text), (6 bytes).
    Removing oled.o(.rev16_text), (4 bytes).
    Removing oled.o(.revsh_text), (4 bytes).
    Removing oled.o(.rrx_text), (6 bytes).
    Removing ic.o(.rev16_text), (4 bytes).
    Removing ic.o(.revsh_text), (4 bytes).
    Removing ic.o(.rrx_text), (6 bytes).
    Removing led.o(.rev16_text), (4 bytes).
    Removing led.o(.revsh_text), (4 bytes).
    Removing led.o(.rrx_text), (6 bytes).
    Removing led.o(i.LED_G_On), (20 bytes).
    Removing led.o(i.LED_RED_Off), (16 bytes).
    Removing led.o(i.LED_RED_On), (16 bytes).
    Removing led.o(i.LED_R_On), (20 bytes).
    Removing led.o(i.LED_Y_On), (16 bytes).
    Removing key.o(.rev16_text), (4 bytes).
    Removing key.o(.revsh_text), (4 bytes).
    Removing key.o(.rrx_text), (6 bytes).
    Removing pwm.o(.rev16_text), (4 bytes).
    Removing pwm.o(.revsh_text), (4 bytes).
    Removing pwm.o(.rrx_text), (6 bytes).
    Removing pwm.o(i.dirc_set), (88 bytes).
    Removing olediic.o(.rev16_text), (4 bytes).
    Removing olediic.o(.revsh_text), (4 bytes).
    Removing olediic.o(.rrx_text), (6 bytes).
    Removing olediic.o(i.OLED_ColorTurn), (22 bytes).
    Removing olediic.o(i.OLED_DisplayTurn), (44 bytes).
    Removing olediic.o(i.OLED_Display_Off), (30 bytes).
    Removing olediic.o(i.OLED_Display_On), (30 bytes).
    Removing olediic.o(i.OLED_DrawBMP), (80 bytes).
    Removing olediic.o(i.OLED_ShowChinese), (84 bytes).
    Removing usart.o(.rev16_text), (4 bytes).
    Removing usart.o(.revsh_text), (4 bytes).
    Removing usart.o(.rrx_text), (6 bytes).
    Removing usart.o(i._sys_exit), (2 bytes).
    Removing tima.o(.rev16_text), (4 bytes).
    Removing tima.o(.revsh_text), (4 bytes).
    Removing tima.o(.rrx_text), (6 bytes).
    Removing tima.o(i.TimA0_PWM_Init), (72 bytes).
    Removing cs.o(.rev16_text), (4 bytes).
    Removing cs.o(.revsh_text), (4 bytes).
    Removing cs.o(.rrx_text), (6 bytes).
    Removing cs.o(i.CS_disableClockRequest), (36 bytes).
    Removing cs.o(i.CS_disableDCOExternalResistor), (32 bytes).
    Removing cs.o(i.CS_disableFaultCounter), (40 bytes).
    Removing cs.o(i.CS_disableInterrupt), (36 bytes).
    Removing cs.o(i.CS_enableClockRequest), (36 bytes).
    Removing cs.o(i.CS_enableDCOExternalResistor), (28 bytes).
    Removing cs.o(i.CS_enableFaultCounter), (40 bytes).
    Removing cs.o(i.CS_enableInterrupt), (36 bytes).
    Removing cs.o(i.CS_getBCLK), (28 bytes).
    Removing cs.o(i.CS_getEnabledInterruptStatus), (20 bytes).
    Removing cs.o(i.CS_getHSMCLK), (24 bytes).
    Removing cs.o(i.CS_getInterruptStatus), (12 bytes).
    Removing cs.o(i.CS_initClockSignal), (232 bytes).
    Removing cs.o(i.CS_registerInterrupt), (20 bytes).
    Removing cs.o(i.CS_resetFaultCounter), (40 bytes).
    Removing cs.o(i.CS_setDCOCenteredFrequency), (36 bytes).
    Removing cs.o(i.CS_setDCOExternalResistorCalibration), (100 bytes).
    Removing cs.o(i.CS_setDCOFrequency), (300 bytes).
    Removing cs.o(i.CS_setReferenceOscillatorFrequency), (32 bytes).
    Removing cs.o(i.CS_startFaultCounter), (52 bytes).
    Removing cs.o(i.CS_tuneDCOFrequency), (52 bytes).
    Removing cs.o(i.CS_unregisterInterrupt), (18 bytes).
    Removing gpio.o(.rev16_text), (4 bytes).
    Removing gpio.o(.revsh_text), (4 bytes).
    Removing gpio.o(.rrx_text), (6 bytes).
    Removing gpio.o(i.GPIO_disableInterrupt), (20 bytes).
    Removing gpio.o(i.GPIO_registerInterrupt), (28 bytes).
    Removing gpio.o(i.GPIO_setAsInputPin), (36 bytes).
    Removing gpio.o(i.GPIO_setAsInputPinWithPullDownResistor), (44 bytes).
    Removing gpio.o(i.GPIO_setAsInputPinWithPullUpResistor), (44 bytes).
    Removing gpio.o(i.GPIO_setAsOutputPin), (32 bytes).
    Removing gpio.o(i.GPIO_setAsPeripheralModuleFunctionInputPin), (60 bytes).
    Removing gpio.o(i.GPIO_setAsPeripheralModuleFunctionOutputPin), (60 bytes).
    Removing gpio.o(i.GPIO_setDriveStrengthHigh), (20 bytes).
    Removing gpio.o(i.GPIO_setDriveStrengthLow), (20 bytes).
    Removing gpio.o(i.GPIO_setOutputHighOnPin), (20 bytes).
    Removing gpio.o(i.GPIO_setOutputLowOnPin), (20 bytes).
    Removing gpio.o(i.GPIO_toggleOutputOnPin), (20 bytes).
    Removing gpio.o(i.GPIO_unregisterInterrupt), (28 bytes).
    Removing interrupt.o(.rev16_text), (4 bytes).
    Removing interrupt.o(.revsh_text), (4 bytes).
    Removing interrupt.o(.rrx_text), (6 bytes).
    Removing interrupt.o(i.IntDefaultHandler), (2 bytes).
    Removing interrupt.o(i.Interrupt_disableInterrupt), (92 bytes).
    Removing interrupt.o(i.Interrupt_disableMaster), (14 bytes).
    Removing interrupt.o(i.Interrupt_disableSleepOnIsrExit), (16 bytes).
    Removing interrupt.o(i.Interrupt_enableMaster), (14 bytes).
    Removing interrupt.o(i.Interrupt_enableSleepOnIsrExit), (16 bytes).
    Removing interrupt.o(i.Interrupt_getPriority), (24 bytes).
    Removing interrupt.o(i.Interrupt_getPriorityGrouping), (36 bytes).
    Removing interrupt.o(i.Interrupt_getPriorityMask), (10 bytes).
    Removing interrupt.o(i.Interrupt_getVectorTableAddress), (12 bytes).
    Removing interrupt.o(i.Interrupt_isEnabled), (100 bytes).
    Removing interrupt.o(i.Interrupt_pendInterrupt), (76 bytes).
    Removing interrupt.o(i.Interrupt_registerInterrupt), (48 bytes).
    Removing interrupt.o(i.Interrupt_setPriorityGrouping), (40 bytes).
    Removing interrupt.o(i.Interrupt_setPriorityMask), (4 bytes).
    Removing interrupt.o(i.Interrupt_setVectorTableAddress), (12 bytes).
    Removing interrupt.o(i.Interrupt_unpendInterrupt), (64 bytes).
    Removing interrupt.o(i.Interrupt_unregisterInterrupt), (20 bytes).
    Removing interrupt.o(vtable), (232 bytes).
    Removing uart.o(.rev16_text), (4 bytes).
    Removing uart.o(.revsh_text), (4 bytes).
    Removing uart.o(.rrx_text), (6 bytes).
    Removing uart.o(i.UART_clearInterruptFlag), (8 bytes).
    Removing uart.o(i.UART_disableInterrupt), (22 bytes).
    Removing uart.o(i.UART_disableModule), (12 bytes).
    Removing uart.o(i.UART_enableInterrupt), (22 bytes).
    Removing uart.o(i.UART_enableModule), (12 bytes).
    Removing uart.o(i.UART_getInterruptStatus), (6 bytes).
    Removing uart.o(i.UART_getReceiveBufferAddressForDMA), (4 bytes).
    Removing uart.o(i.UART_getTransmitBufferAddressForDMA), (4 bytes).
    Removing uart.o(i.UART_queryStatusFlags), (6 bytes).
    Removing uart.o(i.UART_receiveData), (24 bytes).
    Removing uart.o(i.UART_registerInterrupt), (80 bytes).
    Removing uart.o(i.UART_resetDormant), (12 bytes).
    Removing uart.o(i.UART_selectDeglitchTime), (12 bytes).
    Removing uart.o(i.UART_setDormant), (12 bytes).
    Removing uart.o(i.UART_transmitAddress), (14 bytes).
    Removing uart.o(i.UART_transmitBreak), (44 bytes).
    Removing uart.o(i.UART_unregisterInterrupt), (80 bytes).
    Removing cpu.o(.rev16_text), (4 bytes).
    Removing cpu.o(.revsh_text), (4 bytes).
    Removing cpu.o(.rrx_text), (6 bytes).
    Removing cpu.o(.emb_text), (38 bytes).
    Removing sysctl_a.o(.rev16_text), (4 bytes).
    Removing sysctl_a.o(.revsh_text), (4 bytes).
    Removing sysctl_a.o(.rrx_text), (6 bytes).
    Removing sysctl_a.o(i.SysCtl_A_disableGlitchFilter), (16 bytes).
    Removing sysctl_a.o(i.SysCtl_A_disablePeripheralAtCPUHalt), (16 bytes).
    Removing sysctl_a.o(i.SysCtl_A_disableSRAM), (96 bytes).
    Removing sysctl_a.o(i.SysCtl_A_disableSRAMRetention), (272 bytes).
    Removing sysctl_a.o(i.SysCtl_A_enableGlitchFilter), (16 bytes).
    Removing sysctl_a.o(i.SysCtl_A_enablePeripheralAtCPUHalt), (16 bytes).
    Removing sysctl_a.o(i.SysCtl_A_enableSRAM), (96 bytes).
    Removing sysctl_a.o(i.SysCtl_A_enableSRAMRetention), (284 bytes).
    Removing sysctl_a.o(i.SysCtl_A_getFlashSize), (12 bytes).
    Removing sysctl_a.o(i.SysCtl_A_getInfoFlashSize), (12 bytes).
    Removing sysctl_a.o(i.SysCtl_A_getSRAMSize), (12 bytes).
    Removing sysctl_a.o(i.SysCtl_A_getTempCalibrationConstant), (12 bytes).
    Removing sysctl_a.o(i.SysCtl_A_rebootDevice), (16 bytes).
    Removing sysctl_a.o(i.SysCtl_A_setWDTPasswordViolationResetType), (28 bytes).
    Removing sysctl_a.o(i.SysCtl_A_setWDTTimeoutResetType), (28 bytes).
    Removing dadd.o(.text), (334 bytes).
    Removing dmul.o(.text), (228 bytes).
    Removing dfixul.o(.text), (48 bytes).
    Removing cdrcmple.o(.text), (48 bytes).

177 unused section(s) (total 6023 bytes) removed from the image.

==============================================================================

Image Symbol Table

    Local Symbols

    Symbol Name                              Value     Ov Type        Size  Object(Section)

    RESET                                    0x00000000   Section      324  startup_msp432p401r_uvision.o(RESET)
    ../clib/microlib/division.c              0x00000000   Number         0  uidiv.o ABSOLUTE
    ../clib/microlib/division.c              0x00000000   Number         0  uldiv.o ABSOLUTE
    ../clib/microlib/init/entry.s            0x00000000   Number         0  entry9a.o ABSOLUTE
    ../clib/microlib/init/entry.s            0x00000000   Number         0  entry7a.o ABSOLUTE
    ../clib/microlib/init/entry.s            0x00000000   Number         0  entry.o ABSOLUTE
    ../clib/microlib/init/entry.s            0x00000000   Number         0  entry9b.o ABSOLUTE
    ../clib/microlib/init/entry.s            0x00000000   Number         0  entry8b.o ABSOLUTE
    ../clib/microlib/init/entry.s            0x00000000   Number         0  entry10b.o ABSOLUTE
    ../clib/microlib/init/entry.s            0x00000000   Number         0  entry8a.o ABSOLUTE
    ../clib/microlib/init/entry.s            0x00000000   Number         0  entry5.o ABSOLUTE
    ../clib/microlib/init/entry.s            0x00000000   Number         0  entry11a.o ABSOLUTE
    ../clib/microlib/init/entry.s            0x00000000   Number         0  entry2.o ABSOLUTE
    ../clib/microlib/init/entry.s            0x00000000   Number         0  entry11b.o ABSOLUTE
    ../clib/microlib/init/entry.s            0x00000000   Number         0  entry12a.o ABSOLUTE
    ../clib/microlib/init/entry.s            0x00000000   Number         0  entry12b.o ABSOLUTE
    ../clib/microlib/init/entry.s            0x00000000   Number         0  entry10a.o ABSOLUTE
    ../clib/microlib/init/entry.s            0x00000000   Number         0  entry7b.o ABSOLUTE
    ../clib/microlib/longlong.c              0x00000000   Number         0  llsshr.o ABSOLUTE
    ../clib/microlib/longlong.c              0x00000000   Number         0  llushr.o ABSOLUTE
    ../clib/microlib/longlong.c              0x00000000   Number         0  llshl.o ABSOLUTE
    ../clib/microlib/printf/printf.c         0x00000000   Number         0  printfb.o ABSOLUTE
    ../clib/microlib/printf/printf.c         0x00000000   Number         0  printf0.o ABSOLUTE
    ../clib/microlib/printf/printf.c         0x00000000   Number         0  printf1.o ABSOLUTE
    ../clib/microlib/printf/printf.c         0x00000000   Number         0  printf2.o ABSOLUTE
    ../clib/microlib/printf/printf.c         0x00000000   Number         0  printf6.o ABSOLUTE
    ../clib/microlib/printf/printf.c         0x00000000   Number         0  printf3.o ABSOLUTE
    ../clib/microlib/printf/printf.c         0x00000000   Number         0  printf4.o ABSOLUTE
    ../clib/microlib/printf/printf.c         0x00000000   Number         0  printfa.o ABSOLUTE
    ../clib/microlib/printf/printf.c         0x00000000   Number         0  printf8.o ABSOLUTE
    ../clib/microlib/printf/printf.c         0x00000000   Number         0  printf7.o ABSOLUTE
    ../clib/microlib/printf/printf.c         0x00000000   Number         0  printf5.o ABSOLUTE
    ../clib/microlib/printf/stubs.s          0x00000000   Number         0  stubs.o ABSOLUTE
    ../clib/microlib/string/memcpy.c         0x00000000   Number         0  memcpyb.o ABSOLUTE
    ../clib/microlib/string/memcpy.c         0x00000000   Number         0  memcpya.o ABSOLUTE
    ../clib/microlib/string/memset.c         0x00000000   Number         0  memseta.o ABSOLUTE
    ../clib/microlib/stubs.s                 0x00000000   Number         0  iusefp.o ABSOLUTE
    ../clib/microlib/stubs.s                 0x00000000   Number         0  useno.o ABSOLUTE
    ../fplib/microlib/d2f.c                  0x00000000   Number         0  d2f.o ABSOLUTE
    ../fplib/microlib/fpadd.c                0x00000000   Number         0  dadd.o ABSOLUTE
    ../fplib/microlib/fpdiv.c                0x00000000   Number         0  ddiv.o ABSOLUTE
    ../fplib/microlib/fpepilogue.c           0x00000000   Number         0  depilogue.o ABSOLUTE
    ../fplib/microlib/fpepilogue.c           0x00000000   Number         0  fepilogue.o ABSOLUTE
    ../fplib/microlib/fpfix.c                0x00000000   Number         0  dfixul.o ABSOLUTE
    ../fplib/microlib/fpflt.c                0x00000000   Number         0  dfltui.o ABSOLUTE
    ../fplib/microlib/fpmul.c                0x00000000   Number         0  dmul.o ABSOLUTE
    ../system_msp432p401r.c                  0x00000000   Number         0  system_msp432p401r.o ABSOLUTE
    ..\\hardware\\button\\olediic.c          0x00000000   Number         0  olediic.o ABSOLUTE
    ..\\hardware\\button\\timA.c             0x00000000   Number         0  tima.o ABSOLUTE
    ..\\hardware\\button\\usart.c            0x00000000   Number         0  usart.o ABSOLUTE
    ..\\hardware\\ic.c                       0x00000000   Number         0  ic.o ABSOLUTE
    ..\\hardware\\key.c                      0x00000000   Number         0  key.o ABSOLUTE
    ..\\hardware\\led.c                      0x00000000   Number         0  led.o ABSOLUTE
    ..\\hardware\\oled.c                     0x00000000   Number         0  oled.o ABSOLUTE
    ..\\hardware\\pwm.c                      0x00000000   Number         0  pwm.o ABSOLUTE
    ..\\hardware\\timer.c                    0x00000000   Number         0  timer.o ABSOLUTE
    ..\\hardware\\trans.c                    0x00000000   Number         0  trans.o ABSOLUTE
    ..\\main.c                               0x00000000   Number         0  main.o ABSOLUTE
    ..\\sys\\baudrate_calculate.c            0x00000000   Number         0  baudrate_calculate.o ABSOLUTE
    ..\\sys\\delay.c                         0x00000000   Number         0  delay.o ABSOLUTE
    ..\\sys\\sysinit.c                       0x00000000   Number         0  sysinit.o ABSOLUTE
    ..\hardware\button\olediic.c             0x00000000   Number         0  olediic.o ABSOLUTE
    ..\hardware\button\timA.c                0x00000000   Number         0  tima.o ABSOLUTE
    ..\hardware\button\usart.c               0x00000000   Number         0  usart.o ABSOLUTE
    ..\hardware\ic.c                         0x00000000   Number         0  ic.o ABSOLUTE
    ..\hardware\key.c                        0x00000000   Number         0  key.o ABSOLUTE
    ..\hardware\led.c                        0x00000000   Number         0  led.o ABSOLUTE
    ..\hardware\oled.c                       0x00000000   Number         0  oled.o ABSOLUTE
    ..\hardware\pwm.c                        0x00000000   Number         0  pwm.o ABSOLUTE
    ..\hardware\timer.c                      0x00000000   Number         0  timer.o ABSOLUTE
    ..\hardware\trans.c                      0x00000000   Number         0  trans.o ABSOLUTE
    ..\main.c                                0x00000000   Number         0  main.o ABSOLUTE
    ..\sys\baudrate_calculate.c              0x00000000   Number         0  baudrate_calculate.o ABSOLUTE
    ..\sys\delay.c                           0x00000000   Number         0  delay.o ABSOLUTE
    ..\sys\pid.c                             0x00000000   Number         0  pid.o ABSOLUTE
    ..\sys\sysinit.c                         0x00000000   Number         0  sysinit.o ABSOLUTE
    ..\system_msp432p401r.c                  0x00000000   Number         0  system_msp432p401r.o ABSOLUTE
    cdrcmple.s                               0x00000000   Number         0  cdrcmple.o ABSOLUTE
    dc.s                                     0x00000000   Number         0  dc.o ABSOLUTE
    handlers.s                               0x00000000   Number         0  handlers.o ABSOLUTE
    init.s                                   0x00000000   Number         0  init.o ABSOLUTE
    source/ti/devices/msp432p4xx/driverlib/cpu.c 0x00000000   Number         0  cpu.o ABSOLUTE
    source/ti/devices/msp432p4xx/driverlib/cpu.c 0x00000000   Number         0  cpu.o ABSOLUTE
    source/ti/devices/msp432p4xx/driverlib/cs.c 0x00000000   Number         0  cs.o ABSOLUTE
    source/ti/devices/msp432p4xx/driverlib/cs.c 0x00000000   Number         0  cs.o ABSOLUTE
    source/ti/devices/msp432p4xx/driverlib/gpio.c 0x00000000   Number         0  gpio.o ABSOLUTE
    source/ti/devices/msp432p4xx/driverlib/gpio.c 0x00000000   Number         0  gpio.o ABSOLUTE
    source/ti/devices/msp432p4xx/driverlib/interrupt.c 0x00000000   Number         0  interrupt.o ABSOLUTE
    source/ti/devices/msp432p4xx/driverlib/interrupt.c 0x00000000   Number         0  interrupt.o ABSOLUTE
    source/ti/devices/msp432p4xx/driverlib/sysctl_a.c 0x00000000   Number         0  sysctl_a.o ABSOLUTE
    source/ti/devices/msp432p4xx/driverlib/sysctl_a.c 0x00000000   Number         0  sysctl_a.o ABSOLUTE
    source/ti/devices/msp432p4xx/driverlib/uart.c 0x00000000   Number         0  uart.o ABSOLUTE
    source/ti/devices/msp432p4xx/driverlib/uart.c 0x00000000   Number         0  uart.o ABSOLUTE
    startup_msp432p401r_uvision.s            0x00000000   Number         0  startup_msp432p401r_uvision.o ABSOLUTE
    .ARM.Collect$$$$00000000                 0x00000144   Section        0  entry.o(.ARM.Collect$$$$00000000)
    .ARM.Collect$$$$00000001                 0x00000144   Section        4  entry2.o(.ARM.Collect$$$$00000001)
    .ARM.Collect$$$$00000004                 0x00000148   Section        4  entry5.o(.ARM.Collect$$$$00000004)
    .ARM.Collect$$$$00000008                 0x0000014c   Section        0  entry7b.o(.ARM.Collect$$$$00000008)
    .ARM.Collect$$$$0000000A                 0x0000014c   Section        0  entry8b.o(.ARM.Collect$$$$0000000A)
    .ARM.Collect$$$$0000000B                 0x0000014c   Section        8  entry9a.o(.ARM.Collect$$$$0000000B)
    .ARM.Collect$$$$0000000E                 0x00000154   Section        4  entry12b.o(.ARM.Collect$$$$0000000E)
    .ARM.Collect$$$$0000000F                 0x00000158   Section        0  entry10a.o(.ARM.Collect$$$$0000000F)
    .ARM.Collect$$$$00000011                 0x00000158   Section        0  entry11a.o(.ARM.Collect$$$$00000011)
    .ARM.Collect$$$$00002712                 0x00000158   Section        4  entry2.o(.ARM.Collect$$$$00002712)
    __lit__00000000                          0x00000158   Data           4  entry2.o(.ARM.Collect$$$$00002712)
    .text                                    0x0000015c   Section       36  startup_msp432p401r_uvision.o(.text)
    $v0                                      0x0000015c   Number         0  startup_msp432p401r_uvision.o(.text)
    .text                                    0x00000180   Section        0  memcpya.o(.text)
    .text                                    0x000001a4   Section        0  memseta.o(.text)
    .text                                    0x000001c8   Section        0  ddiv.o(.text)
    .text                                    0x000002a6   Section        0  dfltui.o(.text)
    .text                                    0x000002c0   Section        0  d2f.o(.text)
    .text                                    0x000002f8   Section        0  uidiv.o(.text)
    .text                                    0x00000324   Section        0  iusefp.o(.text)
    .text                                    0x00000324   Section        0  fepilogue.o(.text)
    .text                                    0x00000392   Section        0  depilogue.o(.text)
    .text                                    0x0000044c   Section       36  init.o(.text)
    .text                                    0x00000470   Section        0  llshl.o(.text)
    .text                                    0x0000048e   Section        0  llushr.o(.text)
    i.BUZZ_Off                               0x000004b0   Section        0  led.o(i.BUZZ_Off)
    i.BUZZ_On                                0x000004c0   Section        0  led.o(i.BUZZ_On)
    i.CS_clearInterruptFlag                  0x000004d0   Section        0  cs.o(i.CS_clearInterruptFlag)
    i.CS_getACLK                             0x000004f4   Section        0  cs.o(i.CS_getACLK)
    i.CS_getDCOFrequency                     0x0000050c   Section        0  cs.o(i.CS_getDCOFrequency)
    i.CS_getMCLK                             0x00000618   Section        0  cs.o(i.CS_getMCLK)
    i.CS_getSMCLK                            0x00000630   Section        0  cs.o(i.CS_getSMCLK)
    i.CS_setExternalClockSourceFrequency     0x00000648   Section        0  cs.o(i.CS_setExternalClockSourceFrequency)
    i.CS_startHFXT                           0x00000654   Section        0  cs.o(i.CS_startHFXT)
    i.CS_startHFXTWithTimeout                0x0000065c   Section        0  cs.o(i.CS_startHFXTWithTimeout)
    i.CS_startLFXT                           0x000006fc   Section        0  cs.o(i.CS_startLFXT)
    i.CS_startLFXTWithTimeout                0x00000704   Section        0  cs.o(i.CS_startLFXTWithTimeout)
    i.EUSCIA0_IRQHandler                     0x000007a4   Section        0  usart.o(i.EUSCIA0_IRQHandler)
    i.EUSCIA1_IRQHandler                     0x000007aa   Section        0  usart.o(i.EUSCIA1_IRQHandler)
    i.EUSCIA2_IRQHandler                     0x000007b0   Section        0  usart.o(i.EUSCIA2_IRQHandler)
    i.EUSCIA3_IRQHandler                     0x000007b6   Section        0  usart.o(i.EUSCIA3_IRQHandler)
    i.EUSCIAx_IRQHandler                     0x000007bc   Section        0  usart.o(i.EUSCIAx_IRQHandler)
    i.GPIO_clearInterruptFlag                0x000008b8   Section        0  gpio.o(i.GPIO_clearInterruptFlag)
    i.GPIO_enableInterrupt                   0x000008cc   Section        0  gpio.o(i.GPIO_enableInterrupt)
    i.GPIO_getEnabledInterruptStatus         0x000008e0   Section        0  gpio.o(i.GPIO_getEnabledInterruptStatus)
    i.GPIO_getInputPinValue                  0x00000918   Section        0  gpio.o(i.GPIO_getInputPinValue)
    i.GPIO_getInterruptStatus                0x0000092c   Section        0  gpio.o(i.GPIO_getInterruptStatus)
    i.GPIO_interruptEdgeSelect               0x0000093c   Section        0  gpio.o(i.GPIO_interruptEdgeSelect)
    i.I2C_SW_Configuration                   0x00000958   Section        0  olediic.o(i.I2C_SW_Configuration)
    i.I2C_Start                              0x00000970   Section        0  olediic.o(i.I2C_Start)
    i.I2C_Stop                               0x00000988   Section        0  olediic.o(i.I2C_Stop)
    i.I2C_WaitAck                            0x000009a0   Section        0  olediic.o(i.I2C_WaitAck)
    i.Interrupt_enableInterrupt              0x000009b8   Section        0  interrupt.o(i.Interrupt_enableInterrupt)
    i.Interrupt_setPriority                  0x00000a14   Section        0  interrupt.o(i.Interrupt_setPriority)
    i.KEY_Init                               0x00000a38   Section        0  key.o(i.KEY_Init)
    i.LED_Init                               0x00000a48   Section        0  led.o(i.LED_Init)
    i.LED_Off                                0x00000a78   Section        0  led.o(i.LED_Off)
    i.OLED_Clear                             0x00000a88   Section        0  olediic.o(i.OLED_Clear)
    i.OLED_Init                              0x00000ac4   Section        0  olediic.o(i.OLED_Init)
    i.OLED_Set_Pos                           0x00000bb2   Section        0  olediic.o(i.OLED_Set_Pos)
    i.OLED_ShowChar                          0x00000bdc   Section        0  olediic.o(i.OLED_ShowChar)
    i.OLED_ShowNum                           0x00000c64   Section        0  olediic.o(i.OLED_ShowNum)
    i.OLED_ShowString                        0x00000cde   Section        0  olediic.o(i.OLED_ShowString)
    i.OLED_WR_Byte                           0x00000d16   Section        0  olediic.o(i.OLED_WR_Byte)
    i.PID_calc1                              0x00000d4c   Section        0  pid.o(i.PID_calc1)
    i.PID_calc2                              0x00000d82   Section        0  pid.o(i.PID_calc2)
    i.PID_init                               0x00000dc4   Section        0  pid.o(i.PID_init)
    i.PORT2_IRQHandler                       0x00000de4   Section        0  ic.o(i.PORT2_IRQHandler)
    i.PORT4_IRQHandler                       0x00000e4c   Section        0  ic.o(i.PORT4_IRQHandler)
    i.PORT5_IRQHandler                       0x00000eb4   Section        0  ic.o(i.PORT5_IRQHandler)
    i.PORT6_IRQHandler                       0x00000f1c   Section        0  ic.o(i.PORT6_IRQHandler)
    i.Send_Byte                              0x00000f84   Section        0  olediic.o(i.Send_Byte)
    i.SysCtl_A_disableNMISource              0x00000fb4   Section        0  sysctl_a.o(i.SysCtl_A_disableNMISource)
    i.SysCtl_A_enableNMISource               0x00000fc4   Section        0  sysctl_a.o(i.SysCtl_A_enableNMISource)
    i.SysCtl_A_getNMISourceStatus            0x00000fd4   Section        0  sysctl_a.o(i.SysCtl_A_getNMISourceStatus)
    i.SysCtl_A_getTLVInfo                    0x00000fe4   Section        0  sysctl_a.o(i.SysCtl_A_getTLVInfo)
    i.SysInit                                0x0000102c   Section        0  sysinit.o(i.SysInit)
    i.SystemInit                             0x000010b8   Section        0  system_msp432p401r.o(i.SystemInit)
    i.TA3_0_IRQHandler                       0x00001118   Section        0  main.o(i.TA3_0_IRQHandler)
    i.TimA1_PWM_Init                         0x000015b4   Section        0  tima.o(i.TimA1_PWM_Init)
    i.TimA2_PWM_Init                         0x00001648   Section        0  tima.o(i.TimA2_PWM_Init)
    i.TimA3_Init                             0x00001690   Section        0  timer.o(i.TimA3_Init)
    i.UART_getEnabledInterruptStatus         0x000016e4   Section        0  uart.o(i.UART_getEnabledInterruptStatus)
    i.UART_initModule                        0x0000170a   Section        0  uart.o(i.UART_initModule)
    i.UART_transmitData                      0x0000179c   Section        0  uart.o(i.UART_transmitData)
    i._CSComputeCLKFrequency                 0x000017b4   Section        0  cs.o(i._CSComputeCLKFrequency)
    _CSComputeCLKFrequency                   0x000017b5   Thumb Code   176  cs.o(i._CSComputeCLKFrequency)
    i._CSGetHFXTFrequency                    0x00001874   Section        0  cs.o(i._CSGetHFXTFrequency)
    _CSGetHFXTFrequency                      0x00001875   Thumb Code   106  cs.o(i._CSGetHFXTFrequency)
    i.__0printf$6                            0x0000190c   Section        0  printf6.o(i.__0printf$6)
    i.__scatterload_copy                     0x0000192c   Section       14  handlers.o(i.__scatterload_copy)
    i.__scatterload_null                     0x0000193a   Section        2  handlers.o(i.__scatterload_null)
    i.__scatterload_zeroinit                 0x0000193c   Section       14  handlers.o(i.__scatterload_zeroinit)
    i._printf_core                           0x0000194c   Section        0  printf6.o(i._printf_core)
    _printf_core                             0x0000194d   Thumb Code   748  printf6.o(i._printf_core)
    i._printf_post_padding                   0x00001c3c   Section        0  printf6.o(i._printf_post_padding)
    _printf_post_padding                     0x00001c3d   Thumb Code    36  printf6.o(i._printf_post_padding)
    i._printf_pre_padding                    0x00001c60   Section        0  printf6.o(i._printf_pre_padding)
    _printf_pre_padding                      0x00001c61   Thumb Code    46  printf6.o(i._printf_pre_padding)
    i.bitPosition                            0x00001c8e   Section        0  baudrate_calculate.o(i.bitPosition)
    i.delay_init                             0x00001ca0   Section        0  delay.o(i.delay_init)
    i.delay_ms                               0x00001cc8   Section        0  delay.o(i.delay_ms)
    i.delay_us                               0x00001ce0   Section        0  delay.o(i.delay_us)
    i.eusci_calcBaudDividers                 0x00001d14   Section        0  baudrate_calculate.o(i.eusci_calcBaudDividers)
    i.fputc                                  0x00001e40   Section        0  usart.o(i.fputc)
    i.get_v1                                 0x00001e54   Section        0  ic.o(i.get_v1)
    i.get_v2                                 0x00001e64   Section        0  ic.o(i.get_v2)
    i.ic_init                                0x00001e74   Section        0  ic.o(i.ic_init)
    i.main                                   0x00001f78   Section        0  main.o(i.main)
    i.oled_init                              0x000020c0   Section        0  oled.o(i.oled_init)
    i.oled_pow                               0x0000213a   Section        0  olediic.o(i.oled_pow)
    i.oled_show                              0x0000214c   Section        0  oled.o(i.oled_show)
    i.pwm_init                               0x000021f4   Section        0  pwm.o(i.pwm_init)
    i.speed_adjust                           0x00002228   Section        0  pwm.o(i.speed_adjust)
    i.speed_set                              0x000022b4   Section        0  pwm.o(i.speed_set)
    i.trans_bt_R                             0x00002324   Section        0  trans.o(i.trans_bt_R)
    i.trans_bt_T                             0x000024f4   Section        0  trans.o(i.trans_bt_T)
    i.trans_bt_init                          0x00002544   Section        0  trans.o(i.trans_bt_init)
    i.trans_others_R                         0x00002588   Section        0  trans.o(i.trans_others_R)
    i.trans_others_init                      0x00002684   Section        0  trans.o(i.trans_others_init)
    i.uart_init                              0x000026cc   Section        0  usart.o(i.uart_init)
    i.uart_singletrans                       0x00002790   Section        0  usart.o(i.uart_singletrans)
    .constdata                               0x000027e0   Section     2314  olediic.o(.constdata)
    .constdata                               0x000030ec   Section       40  usart.o(.constdata)
    .constdata                               0x00003114   Section       72  tima.o(.constdata)
    .constdata                               0x0000315c   Section       76  gpio.o(.constdata)
    GPIO_PORT_TO_INT                         0x0000315c   Data          28  gpio.o(.constdata)
    GPIO_PORT_TO_BASE                        0x00003178   Data          48  gpio.o(.constdata)
    .constdata                               0x000031a8   Section      144  interrupt.o(.constdata)
    g_pulEnRegs                              0x000031a8   Data           8  interrupt.o(.constdata)
    g_pulDisRegs                             0x000031b0   Data           8  interrupt.o(.constdata)
    g_pulPendRegs                            0x000031b8   Data           8  interrupt.o(.constdata)
    g_pulUnpendRegs                          0x000031c0   Data           8  interrupt.o(.constdata)
    g_pulPriority                            0x000031c8   Data          32  interrupt.o(.constdata)
    g_pulRegs                                0x000031e8   Data          80  interrupt.o(.constdata)
    .data                                    0x20000000   Section      148  main.o(.data)
    cnt                                      0x20000090   Data           4  main.o(.data)
    .data                                    0x20000094   Section        1  delay.o(.data)
    fac_us                                   0x20000094   Data           1  delay.o(.data)
    .data                                    0x20000095   Section        1  trans.o(.data)
    .data                                    0x20000096   Section        2  oled.o(.data)
    cnt                                      0x20000096   Data           2  oled.o(.data)
    .data                                    0x20000098   Section        8  ic.o(.data)
    v1                                       0x20000098   Data           4  ic.o(.data)
    v2                                       0x2000009c   Data           4  ic.o(.data)
    .data                                    0x200000a0   Section        8  pwm.o(.data)
    v1                                       0x200000a0   Data           4  pwm.o(.data)
    v2                                       0x200000a4   Data           4  pwm.o(.data)
    .data                                    0x200000a8   Section       92  usart.o(.data)
    first_flag                               0x200000a8   Data           4  usart.o(.data)
    Rx_Buffer_Index                          0x200000ac   Data           8  usart.o(.data)
    .data                                    0x20000104   Section        4  usart.o(.data)
    .data                                    0x20000108   Section        8  cs.o(.data)
    hfxtFreq                                 0x20000108   Data           4  cs.o(.data)
    lfxtFreq                                 0x2000010c   Data           4  cs.o(.data)
    .bss                                     0x20000110   Section       96  main.o(.bss)
    .bss                                     0x20000170   Section     1484  trans.o(.bss)
    trans_bt_Rflag                           0x20000170   Data          16  trans.o(.bss)
    trans_bt_Tbuff                           0x2000033c   Data         512  trans.o(.bss)
    trans_bt_Rbuff                           0x2000053c   Data         512  trans.o(.bss)
    .bss                                     0x2000073c   Section     1680  usart.o(.bss)
    STACK                                    0x20000dd0   Section      512  startup_msp432p401r_uvision.o(STACK)

    Global Symbols

    Symbol Name                              Value     Ov Type        Size  Object(Section)

    BuildAttributes$$THM_ISAv4$E$P$D$K$B$S$7EM$VFPi3$EXTD16$VFPS$VFMA$PE$A:L22UL41UL21$X:L11$S22US41US21$IEEE1$IW$USESV6$~STKCKD$USESV7$~SHL$OTIME$ROPI$EBA8$MICROLIB$REQ8$PRES8$EABIv2 0x00000000   Number         0  anon$$obj.o ABSOLUTE
    __ARM_use_no_argv                        0x00000000   Number         0  main.o ABSOLUTE
    __Vectors                                0x00000000   Data           4  startup_msp432p401r_uvision.o(RESET)
    __use_no_errno                           0x00000000   Number         0  useno.o ABSOLUTE
    __use_no_exception_handling              0x00000000   Number         0  useno.o ABSOLUTE
    __use_no_fp                              0x00000000   Number         0  useno.o ABSOLUTE
    __use_no_heap                            0x00000000   Number         0  useno.o ABSOLUTE
    __use_no_heap_region                     0x00000000   Number         0  useno.o ABSOLUTE
    __use_no_semihosting                     0x00000000   Number         0  useno.o ABSOLUTE
    __use_no_semihosting_swi                 0x00000000   Number         0  useno.o ABSOLUTE
    __use_no_signal_handling                 0x00000000   Number         0  useno.o ABSOLUTE
    _printf_a                                0x00000000   Number         0  stubs.o ABSOLUTE
    _printf_c                                0x00000000   Number         0  stubs.o ABSOLUTE
    _printf_charcount                        0x00000000   Number         0  stubs.o ABSOLUTE
    _printf_d                                0x00000000   Number         0  stubs.o ABSOLUTE
    _printf_e                                0x00000000   Number         0  stubs.o ABSOLUTE
    _printf_f                                0x00000000   Number         0  stubs.o ABSOLUTE
    _printf_flags                            0x00000000   Number         0  stubs.o ABSOLUTE
    _printf_fp_dec                           0x00000000   Number         0  stubs.o ABSOLUTE
    _printf_fp_hex                           0x00000000   Number         0  stubs.o ABSOLUTE
    _printf_g                                0x00000000   Number         0  stubs.o ABSOLUTE
    _printf_i                                0x00000000   Number         0  stubs.o ABSOLUTE
    _printf_int_dec                          0x00000000   Number         0  stubs.o ABSOLUTE
    _printf_l                                0x00000000   Number         0  stubs.o ABSOLUTE
    _printf_lc                               0x00000000   Number         0  stubs.o ABSOLUTE
    _printf_ll                               0x00000000   Number         0  stubs.o ABSOLUTE
    _printf_lld                              0x00000000   Number         0  stubs.o ABSOLUTE
    _printf_lli                              0x00000000   Number         0  stubs.o ABSOLUTE
    _printf_llo                              0x00000000   Number         0  stubs.o ABSOLUTE
    _printf_llu                              0x00000000   Number         0  stubs.o ABSOLUTE
    _printf_llx                              0x00000000   Number         0  stubs.o ABSOLUTE
    _printf_longlong_dec                     0x00000000   Number         0  stubs.o ABSOLUTE
    _printf_longlong_hex                     0x00000000   Number         0  stubs.o ABSOLUTE
    _printf_longlong_oct                     0x00000000   Number         0  stubs.o ABSOLUTE
    _printf_ls                               0x00000000   Number         0  stubs.o ABSOLUTE
    _printf_mbtowc                           0x00000000   Number         0  stubs.o ABSOLUTE
    _printf_n                                0x00000000   Number         0  stubs.o ABSOLUTE
    _printf_o                                0x00000000   Number         0  stubs.o ABSOLUTE
    _printf_p                                0x00000000   Number         0  stubs.o ABSOLUTE
    _printf_percent                          0x00000000   Number         0  stubs.o ABSOLUTE
    _printf_pre_padding                      0x00000000   Number         0  stubs.o ABSOLUTE
    _printf_return_value                     0x00000000   Number         0  stubs.o ABSOLUTE
    _printf_s                                0x00000000   Number         0  stubs.o ABSOLUTE
    _printf_sizespec                         0x00000000   Number         0  stubs.o ABSOLUTE
    _printf_str                              0x00000000   Number         0  stubs.o ABSOLUTE
    _printf_truncate_signed                  0x00000000   Number         0  stubs.o ABSOLUTE
    _printf_truncate_unsigned                0x00000000   Number         0  stubs.o ABSOLUTE
    _printf_u                                0x00000000   Number         0  stubs.o ABSOLUTE
    _printf_wc                               0x00000000   Number         0  stubs.o ABSOLUTE
    _printf_wctomb                           0x00000000   Number         0  stubs.o ABSOLUTE
    _printf_widthprec                        0x00000000   Number         0  stubs.o ABSOLUTE
    _printf_x                                0x00000000   Number         0  stubs.o ABSOLUTE
    __arm_fini_                               - Undefined Weak Reference
    __cpp_initialize__aeabi_                  - Undefined Weak Reference
    __cxa_finalize                            - Undefined Weak Reference
    __decompress                              - Undefined Weak Reference
    _clock_init                               - Undefined Weak Reference
    _microlib_exit                            - Undefined Weak Reference
    __Vectors_End                            0x00000144   Data           0  startup_msp432p401r_uvision.o(RESET)
    __Vectors_Size                           0x00000144   Number         0  startup_msp432p401r_uvision.o ABSOLUTE
    __main                                   0x00000145   Thumb Code     0  entry.o(.ARM.Collect$$$$00000000)
    _main_stk                                0x00000145   Thumb Code     0  entry2.o(.ARM.Collect$$$$00000001)
    _main_scatterload                        0x00000149   Thumb Code     0  entry5.o(.ARM.Collect$$$$00000004)
    __main_after_scatterload                 0x0000014d   Thumb Code     0  entry5.o(.ARM.Collect$$$$00000004)
    _main_clock                              0x0000014d   Thumb Code     0  entry7b.o(.ARM.Collect$$$$00000008)
    _main_cpp_init                           0x0000014d   Thumb Code     0  entry8b.o(.ARM.Collect$$$$0000000A)
    _main_init                               0x0000014d   Thumb Code     0  entry9a.o(.ARM.Collect$$$$0000000B)
    __rt_lib_shutdown_fini                   0x00000155   Thumb Code     0  entry12b.o(.ARM.Collect$$$$0000000E)
    __rt_final_cpp                           0x00000159   Thumb Code     0  entry10a.o(.ARM.Collect$$$$0000000F)
    __rt_final_exit                          0x00000159   Thumb Code     0  entry11a.o(.ARM.Collect$$$$00000011)
    Reset_Handler                            0x0000015d   Thumb Code     8  startup_msp432p401r_uvision.o(.text)
    NMI_Handler                              0x00000165   Thumb Code     2  startup_msp432p401r_uvision.o(.text)
    HardFault_Handler                        0x00000167   Thumb Code     2  startup_msp432p401r_uvision.o(.text)
    MemManage_Handler                        0x00000169   Thumb Code     2  startup_msp432p401r_uvision.o(.text)
    BusFault_Handler                         0x0000016b   Thumb Code     2  startup_msp432p401r_uvision.o(.text)
    UsageFault_Handler                       0x0000016d   Thumb Code     2  startup_msp432p401r_uvision.o(.text)
    SVC_Handler                              0x0000016f   Thumb Code     2  startup_msp432p401r_uvision.o(.text)
    DebugMon_Handler                         0x00000171   Thumb Code     2  startup_msp432p401r_uvision.o(.text)
    PendSV_Handler                           0x00000173   Thumb Code     2  startup_msp432p401r_uvision.o(.text)
    SysTick_Handler                          0x00000175   Thumb Code     2  startup_msp432p401r_uvision.o(.text)
    ADC14_IRQHandler                         0x00000177   Thumb Code     0  startup_msp432p401r_uvision.o(.text)
    AES256_IRQHandler                        0x00000177   Thumb Code     0  startup_msp432p401r_uvision.o(.text)
    COMP_E0_IRQHandler                       0x00000177   Thumb Code     0  startup_msp432p401r_uvision.o(.text)
    COMP_E1_IRQHandler                       0x00000177   Thumb Code     0  startup_msp432p401r_uvision.o(.text)
    CS_IRQHandler                            0x00000177   Thumb Code     0  startup_msp432p401r_uvision.o(.text)
    DMA_ERR_IRQHandler                       0x00000177   Thumb Code     0  startup_msp432p401r_uvision.o(.text)
    DMA_INT0_IRQHandler                      0x00000177   Thumb Code     0  startup_msp432p401r_uvision.o(.text)
    DMA_INT1_IRQHandler                      0x00000177   Thumb Code     0  startup_msp432p401r_uvision.o(.text)
    DMA_INT2_IRQHandler                      0x00000177   Thumb Code     0  startup_msp432p401r_uvision.o(.text)
    DMA_INT3_IRQHandler                      0x00000177   Thumb Code     0  startup_msp432p401r_uvision.o(.text)
    EUSCIB0_IRQHandler                       0x00000177   Thumb Code     0  startup_msp432p401r_uvision.o(.text)
    EUSCIB1_IRQHandler                       0x00000177   Thumb Code     0  startup_msp432p401r_uvision.o(.text)
    EUSCIB2_IRQHandler                       0x00000177   Thumb Code     0  startup_msp432p401r_uvision.o(.text)
    EUSCIB3_IRQHandler                       0x00000177   Thumb Code     0  startup_msp432p401r_uvision.o(.text)
    FLCTL_IRQHandler                         0x00000177   Thumb Code     0  startup_msp432p401r_uvision.o(.text)
    FPU_IRQHandler                           0x00000177   Thumb Code     0  startup_msp432p401r_uvision.o(.text)
    PCM_IRQHandler                           0x00000177   Thumb Code     0  startup_msp432p401r_uvision.o(.text)
    PORT1_IRQHandler                         0x00000177   Thumb Code     0  startup_msp432p401r_uvision.o(.text)
    PORT3_IRQHandler                         0x00000177   Thumb Code     0  startup_msp432p401r_uvision.o(.text)
    PSS_IRQHandler                           0x00000177   Thumb Code     0  startup_msp432p401r_uvision.o(.text)
    RTC_C_IRQHandler                         0x00000177   Thumb Code     0  startup_msp432p401r_uvision.o(.text)
    T32_INT1_IRQHandler                      0x00000177   Thumb Code     0  startup_msp432p401r_uvision.o(.text)
    T32_INT2_IRQHandler                      0x00000177   Thumb Code     0  startup_msp432p401r_uvision.o(.text)
    T32_INTC_IRQHandler                      0x00000177   Thumb Code     0  startup_msp432p401r_uvision.o(.text)
    TA0_0_IRQHandler                         0x00000177   Thumb Code     0  startup_msp432p401r_uvision.o(.text)
    TA0_N_IRQHandler                         0x00000177   Thumb Code     0  startup_msp432p401r_uvision.o(.text)
    TA1_0_IRQHandler                         0x00000177   Thumb Code     0  startup_msp432p401r_uvision.o(.text)
    TA1_N_IRQHandler                         0x00000177   Thumb Code     0  startup_msp432p401r_uvision.o(.text)
    TA2_0_IRQHandler                         0x00000177   Thumb Code     0  startup_msp432p401r_uvision.o(.text)
    TA2_N_IRQHandler                         0x00000177   Thumb Code     0  startup_msp432p401r_uvision.o(.text)
    TA3_N_IRQHandler                         0x00000177   Thumb Code     0  startup_msp432p401r_uvision.o(.text)
    WDT_A_IRQHandler                         0x00000177   Thumb Code     0  startup_msp432p401r_uvision.o(.text)
    __aeabi_memcpy                           0x00000181   Thumb Code    36  memcpya.o(.text)
    __aeabi_memcpy4                          0x00000181   Thumb Code     0  memcpya.o(.text)
    __aeabi_memcpy8                          0x00000181   Thumb Code     0  memcpya.o(.text)
    __aeabi_memset                           0x000001a5   Thumb Code    14  memseta.o(.text)
    __aeabi_memset4                          0x000001a5   Thumb Code     0  memseta.o(.text)
    __aeabi_memset8                          0x000001a5   Thumb Code     0  memseta.o(.text)
    __aeabi_memclr                           0x000001b3   Thumb Code     4  memseta.o(.text)
    __aeabi_memclr4                          0x000001b3   Thumb Code     0  memseta.o(.text)
    __aeabi_memclr8                          0x000001b3   Thumb Code     0  memseta.o(.text)
    _memset$wrapper                          0x000001b7   Thumb Code    18  memseta.o(.text)
    __aeabi_ddiv                             0x000001c9   Thumb Code   222  ddiv.o(.text)
    __aeabi_ui2d                             0x000002a7   Thumb Code    26  dfltui.o(.text)
    __aeabi_d2f                              0x000002c1   Thumb Code    56  d2f.o(.text)
    __aeabi_uidiv                            0x000002f9   Thumb Code     0  uidiv.o(.text)
    __aeabi_uidivmod                         0x000002f9   Thumb Code    44  uidiv.o(.text)
    __I$use$fp                               0x00000325   Thumb Code     0  iusefp.o(.text)
    _float_round                             0x00000325   Thumb Code    18  fepilogue.o(.text)
    _float_epilogue                          0x00000337   Thumb Code    92  fepilogue.o(.text)
    _double_round                            0x00000393   Thumb Code    30  depilogue.o(.text)
    _double_epilogue                         0x000003b1   Thumb Code   156  depilogue.o(.text)
    __scatterload                            0x0000044d   Thumb Code    28  init.o(.text)
    __scatterload_rt2                        0x0000044d   Thumb Code     0  init.o(.text)
    __aeabi_llsl                             0x00000471   Thumb Code    30  llshl.o(.text)
    _ll_shift_l                              0x00000471   Thumb Code     0  llshl.o(.text)
    __aeabi_llsr                             0x0000048f   Thumb Code    32  llushr.o(.text)
    _ll_ushift_r                             0x0000048f   Thumb Code     0  llushr.o(.text)
    BUZZ_Off                                 0x000004b1   Thumb Code    10  led.o(i.BUZZ_Off)
    BUZZ_On                                  0x000004c1   Thumb Code    10  led.o(i.BUZZ_On)
    CS_clearInterruptFlag                    0x000004d1   Thumb Code    26  cs.o(i.CS_clearInterruptFlag)
    CS_getACLK                               0x000004f5   Thumb Code    20  cs.o(i.CS_getACLK)
    CS_getDCOFrequency                       0x0000050d   Thumb Code   234  cs.o(i.CS_getDCOFrequency)
    CS_getMCLK                               0x00000619   Thumb Code    20  cs.o(i.CS_getMCLK)
    CS_getSMCLK                              0x00000631   Thumb Code    18  cs.o(i.CS_getSMCLK)
    CS_setExternalClockSourceFrequency       0x00000649   Thumb Code     8  cs.o(i.CS_setExternalClockSourceFrequency)
    CS_startHFXT                             0x00000655   Thumb Code     6  cs.o(i.CS_startHFXT)
    CS_startHFXTWithTimeout                  0x0000065d   Thumb Code   144  cs.o(i.CS_startHFXTWithTimeout)
    CS_startLFXT                             0x000006fd   Thumb Code     6  cs.o(i.CS_startLFXT)
    CS_startLFXTWithTimeout                  0x00000705   Thumb Code   144  cs.o(i.CS_startLFXTWithTimeout)
    EUSCIA0_IRQHandler                       0x000007a5   Thumb Code     6  usart.o(i.EUSCIA0_IRQHandler)
    EUSCIA1_IRQHandler                       0x000007ab   Thumb Code     6  usart.o(i.EUSCIA1_IRQHandler)
    EUSCIA2_IRQHandler                       0x000007b1   Thumb Code     6  usart.o(i.EUSCIA2_IRQHandler)
    EUSCIA3_IRQHandler                       0x000007b7   Thumb Code     6  usart.o(i.EUSCIA3_IRQHandler)
    EUSCIAx_IRQHandler                       0x000007bd   Thumb Code   234  usart.o(i.EUSCIAx_IRQHandler)
    GPIO_clearInterruptFlag                  0x000008b9   Thumb Code    14  gpio.o(i.GPIO_clearInterruptFlag)
    GPIO_enableInterrupt                     0x000008cd   Thumb Code    14  gpio.o(i.GPIO_enableInterrupt)
    GPIO_getEnabledInterruptStatus           0x000008e1   Thumb Code    52  gpio.o(i.GPIO_getEnabledInterruptStatus)
    GPIO_getInputPinValue                    0x00000919   Thumb Code    16  gpio.o(i.GPIO_getInputPinValue)
    GPIO_getInterruptStatus                  0x0000092d   Thumb Code    12  gpio.o(i.GPIO_getInterruptStatus)
    GPIO_interruptEdgeSelect                 0x0000093d   Thumb Code    22  gpio.o(i.GPIO_interruptEdgeSelect)
    I2C_SW_Configuration                     0x00000959   Thumb Code    18  olediic.o(i.I2C_SW_Configuration)
    I2C_Start                                0x00000971   Thumb Code    20  olediic.o(i.I2C_Start)
    I2C_Stop                                 0x00000989   Thumb Code    18  olediic.o(i.I2C_Stop)
    I2C_WaitAck                              0x000009a1   Thumb Code    18  olediic.o(i.I2C_WaitAck)
    Interrupt_enableInterrupt                0x000009b9   Thumb Code    84  interrupt.o(i.Interrupt_enableInterrupt)
    Interrupt_setPriority                    0x00000a15   Thumb Code    30  interrupt.o(i.Interrupt_setPriority)
    KEY_Init                                 0x00000a39   Thumb Code    12  key.o(i.KEY_Init)
    LED_Init                                 0x00000a49   Thumb Code    40  led.o(i.LED_Init)
    LED_Off                                  0x00000a79   Thumb Code    12  led.o(i.LED_Off)
    OLED_Clear                               0x00000a89   Thumb Code    60  olediic.o(i.OLED_Clear)
    OLED_Init                                0x00000ac5   Thumb Code   238  olediic.o(i.OLED_Init)
    OLED_Set_Pos                             0x00000bb3   Thumb Code    40  olediic.o(i.OLED_Set_Pos)
    OLED_ShowChar                            0x00000bdd   Thumb Code   128  olediic.o(i.OLED_ShowChar)
    OLED_ShowNum                             0x00000c65   Thumb Code   122  olediic.o(i.OLED_ShowNum)
    OLED_ShowString                          0x00000cdf   Thumb Code    56  olediic.o(i.OLED_ShowString)
    OLED_WR_Byte                             0x00000d17   Thumb Code    54  olediic.o(i.OLED_WR_Byte)
    PID_calc1                                0x00000d4d   Thumb Code    54  pid.o(i.PID_calc1)
    PID_calc2                                0x00000d83   Thumb Code    66  pid.o(i.PID_calc2)
    PID_init                                 0x00000dc5   Thumb Code    26  pid.o(i.PID_init)
    PORT2_IRQHandler                         0x00000de5   Thumb Code   100  ic.o(i.PORT2_IRQHandler)
    PORT4_IRQHandler                         0x00000e4d   Thumb Code   100  ic.o(i.PORT4_IRQHandler)
    PORT5_IRQHandler                         0x00000eb5   Thumb Code   100  ic.o(i.PORT5_IRQHandler)
    PORT6_IRQHandler                         0x00000f1d   Thumb Code   100  ic.o(i.PORT6_IRQHandler)
    Send_Byte                                0x00000f85   Thumb Code    44  olediic.o(i.Send_Byte)
    SysCtl_A_disableNMISource                0x00000fb5   Thumb Code    10  sysctl_a.o(i.SysCtl_A_disableNMISource)
    SysCtl_A_enableNMISource                 0x00000fc5   Thumb Code    10  sysctl_a.o(i.SysCtl_A_enableNMISource)
    SysCtl_A_getNMISourceStatus              0x00000fd5   Thumb Code    10  sysctl_a.o(i.SysCtl_A_getNMISourceStatus)
    SysCtl_A_getTLVInfo                      0x00000fe5   Thumb Code    64  sysctl_a.o(i.SysCtl_A_getTLVInfo)
    SysInit                                  0x0000102d   Thumb Code   126  sysinit.o(i.SysInit)
    SystemInit                               0x000010b9   Thumb Code    76  system_msp432p401r.o(i.SystemInit)
    TA3_0_IRQHandler                         0x00001119   Thumb Code  1164  main.o(i.TA3_0_IRQHandler)
    TimA1_PWM_Init                           0x000015b5   Thumb Code   136  tima.o(i.TimA1_PWM_Init)
    TimA2_PWM_Init                           0x00001649   Thumb Code    60  tima.o(i.TimA2_PWM_Init)
    TimA3_Init                               0x00001691   Thumb Code    76  timer.o(i.TimA3_Init)
    UART_getEnabledInterruptStatus           0x000016e5   Thumb Code    38  uart.o(i.UART_getEnabledInterruptStatus)
    UART_initModule                          0x0000170b   Thumb Code   146  uart.o(i.UART_initModule)
    UART_transmitData                        0x0000179d   Thumb Code    22  uart.o(i.UART_transmitData)
    __0printf$6                              0x0000190d   Thumb Code    22  printf6.o(i.__0printf$6)
    __1printf$6                              0x0000190d   Thumb Code     0  printf6.o(i.__0printf$6)
    __2printf                                0x0000190d   Thumb Code     0  printf6.o(i.__0printf$6)
    __scatterload_copy                       0x0000192d   Thumb Code    14  handlers.o(i.__scatterload_copy)
    __scatterload_null                       0x0000193b   Thumb Code     2  handlers.o(i.__scatterload_null)
    __scatterload_zeroinit                   0x0000193d   Thumb Code    14  handlers.o(i.__scatterload_zeroinit)
    bitPosition                              0x00001c8f   Thumb Code    16  baudrate_calculate.o(i.bitPosition)
    delay_init                               0x00001ca1   Thumb Code    30  delay.o(i.delay_init)
    delay_ms                                 0x00001cc9   Thumb Code    24  delay.o(i.delay_ms)
    delay_us                                 0x00001ce1   Thumb Code    46  delay.o(i.delay_us)
    eusci_calcBaudDividers                   0x00001d15   Thumb Code   282  baudrate_calculate.o(i.eusci_calcBaudDividers)
    fputc                                    0x00001e41   Thumb Code    16  usart.o(i.fputc)
    get_v1                                   0x00001e55   Thumb Code    12  ic.o(i.get_v1)
    get_v2                                   0x00001e65   Thumb Code    12  ic.o(i.get_v2)
    ic_init                                  0x00001e75   Thumb Code   256  ic.o(i.ic_init)
    main                                     0x00001f79   Thumb Code   262  main.o(i.main)
    oled_init                                0x000020c1   Thumb Code   122  oled.o(i.oled_init)
    oled_pow                                 0x0000213b   Thumb Code    16  olediic.o(i.oled_pow)
    oled_show                                0x0000214d   Thumb Code   162  oled.o(i.oled_show)
    pwm_init                                 0x000021f5   Thumb Code    42  pwm.o(i.pwm_init)
    speed_adjust                             0x00002229   Thumb Code   118  pwm.o(i.speed_adjust)
    speed_set                                0x000022b5   Thumb Code   102  pwm.o(i.speed_set)
    trans_bt_R                               0x00002325   Thumb Code   456  trans.o(i.trans_bt_R)
    trans_bt_T                               0x000024f5   Thumb Code    76  trans.o(i.trans_bt_T)
    trans_bt_init                            0x00002545   Thumb Code    56  trans.o(i.trans_bt_init)
    trans_others_R                           0x00002589   Thumb Code   240  trans.o(i.trans_others_R)
    trans_others_init                        0x00002685   Thumb Code    60  trans.o(i.trans_others_init)
    uart_init                                0x000026cd   Thumb Code   178  usart.o(i.uart_init)
    uart_singletrans                         0x00002791   Thumb Code    66  usart.o(i.uart_singletrans)
    asc2_0806                                0x000027e0   Data         570  olediic.o(.constdata)
    asc2_1608                                0x00002a1a   Data        1520  olediic.o(.constdata)
    Hzk                                      0x0000300a   Data         224  olediic.o(.constdata)
    Region$$Table$$Base                      0x00003238   Number         0  anon$$obj.o(Region$$Table)
    Region$$Table$$Limit                     0x00003258   Number         0  anon$$obj.o(Region$$Table)
    state                                    0x20000000   Data           1  main.o(.data)
    CERTAIN_V_or_TRACK                       0x20000001   Data           1  main.o(.data)
    Task1_state                              0x20000002   Data           1  main.o(.data)
    work                                     0x20000003   Data           1  main.o(.data)
    cnt_stopline_flag                        0x20000004   Data           1  main.o(.data)
    cnt_c                                    0x20000008   Data           4  main.o(.data)
    cnt_stopline                             0x2000000c   Data           4  main.o(.data)
    CPU                                      0x20000010   Data           4  main.o(.data)
    _1_to_2_flag                             0x20000014   Data           4  main.o(.data)
    _2_from_1_flag                           0x20000018   Data           4  main.o(.data)
    P_d                                      0x2000001c   Data           4  main.o(.data)
    I_d                                      0x20000020   Data           4  main.o(.data)
    D_d                                      0x20000024   Data           4  main.o(.data)
    a_d                                      0x20000028   Data           4  main.o(.data)
    d1                                       0x2000002c   Data           4  main.o(.data)
    d2                                       0x20000030   Data           4  main.o(.data)
    d                                        0x20000034   Data           4  main.o(.data)
    a_vd                                     0x20000038   Data           4  main.o(.data)
    a_vd_max                                 0x2000003c   Data           4  main.o(.data)
    P_s                                      0x20000040   Data           4  main.o(.data)
    I_s                                      0x20000044   Data           4  main.o(.data)
    D_s                                      0x20000048   Data           4  main.o(.data)
    a_s                                      0x2000004c   Data           4  main.o(.data)
    s1                                       0x20000050   Data           4  main.o(.data)
    s2                                       0x20000054   Data           4  main.o(.data)
    s                                        0x20000058   Data           4  main.o(.data)
    a_vs_max                                 0x2000005c   Data           4  main.o(.data)
    P_v                                      0x20000060   Data           4  main.o(.data)
    I_v                                      0x20000064   Data           4  main.o(.data)
    D_v                                      0x20000068   Data           4  main.o(.data)
    a_v1                                     0x2000006c   Data           4  main.o(.data)
    a_v2                                     0x20000070   Data           4  main.o(.data)
    a_v                                      0x20000074   Data           4  main.o(.data)
    v1                                       0x20000078   Data           4  main.o(.data)
    v2                                       0x2000007c   Data           4  main.o(.data)
    d_                                       0x20000080   Data           4  main.o(.data)
    s_                                       0x20000084   Data           4  main.o(.data)
    v1_                                      0x20000088   Data           4  main.o(.data)
    v2_                                      0x2000008c   Data           4  main.o(.data)
    TRANS_OTHERS_RBUFF_SIZE                  0x20000095   Data           1  trans.o(.data)
    GPIO_PORT_Px                             0x200000b4   Data          16  usart.o(.data)
    T_GPIO_PINx                              0x200000c4   Data          16  usart.o(.data)
    R_GPIO_PINx                              0x200000d4   Data          16  usart.o(.data)
    EUSCI_Ax_BASE                            0x200000e4   Data          16  usart.o(.data)
    INT_EUSCIAx                              0x200000f4   Data          16  usart.o(.data)
    __stdout                                 0x20000104   Data           4  usart.o(.data)
    d_pid                                    0x20000110   Data          24  main.o(.bss)
    s_pid                                    0x20000128   Data          24  main.o(.bss)
    v1_pid                                   0x20000140   Data          24  main.o(.bss)
    v2_pid                                   0x20000158   Data          24  main.o(.bss)
    trans_others_Tbuff                       0x20000180   Data          28  trans.o(.bss)
    trans_others_Rbuff                       0x2000019c   Data         400  trans.o(.bss)
    trans_others_RFlag                       0x2000032c   Data          16  trans.o(.bss)
    T_ptrs                                   0x2000073c   Data          16  usart.o(.bss)
    T_lens                                   0x2000074c   Data          16  usart.o(.bss)
    R_ptrs                                   0x2000075c   Data          16  usart.o(.bss)
    R_lens                                   0x2000076c   Data          16  usart.o(.bss)
    R_flags                                  0x2000077c   Data          16  usart.o(.bss)
    Rx_Buffer                                0x2000078c   Data        1600  usart.o(.bss)
    __initial_sp                             0x20000fd0   Data           0  startup_msp432p401r_uvision.o(STACK)



==============================================================================

Memory Map of the image

  Image Entry point : 0x00000145

  Load Region LR_IROM1 (Base: 0x00000000, Size: 0x00003368, Max: 0x00040000, ABSOLUTE)

    Execution Region ER_IROM1 (Exec base: 0x00000000, Load base: 0x00000000, Size: 0x00003258, Max: 0x00040000, ABSOLUTE)

    Exec Addr    Load Addr    Size         Type   Attr      Idx    E Section Name        Object

    0x00000000   0x00000000   0x00000144   Data   RO           73    RESET               startup_msp432p401r_uvision.o
    0x00000144   0x00000144   0x00000000   Code   RO         1805  * .ARM.Collect$$$$00000000  mc_w.l(entry.o)
    0x00000144   0x00000144   0x00000004   Code   RO         2081    .ARM.Collect$$$$00000001  mc_w.l(entry2.o)
    0x00000148   0x00000148   0x00000004   Code   RO         2084    .ARM.Collect$$$$00000004  mc_w.l(entry5.o)
    0x0000014c   0x0000014c   0x00000000   Code   RO         2086    .ARM.Collect$$$$00000008  mc_w.l(entry7b.o)
    0x0000014c   0x0000014c   0x00000000   Code   RO         2088    .ARM.Collect$$$$0000000A  mc_w.l(entry8b.o)
    0x0000014c   0x0000014c   0x00000008   Code   RO         2089    .ARM.Collect$$$$0000000B  mc_w.l(entry9a.o)
    0x00000154   0x00000154   0x00000004   Code   RO         2096    .ARM.Collect$$$$0000000E  mc_w.l(entry12b.o)
    0x00000158   0x00000158   0x00000000   Code   RO         2091    .ARM.Collect$$$$0000000F  mc_w.l(entry10a.o)
    0x00000158   0x00000158   0x00000000   Code   RO         2093    .ARM.Collect$$$$00000011  mc_w.l(entry11a.o)
    0x00000158   0x00000158   0x00000004   Code   RO         2082    .ARM.Collect$$$$00002712  mc_w.l(entry2.o)
    0x0000015c   0x0000015c   0x00000024   Code   RO           74    .text               startup_msp432p401r_uvision.o
    0x00000180   0x00000180   0x00000024   Code   RO         1808    .text               mc_w.l(memcpya.o)
    0x000001a4   0x000001a4   0x00000024   Code   RO         1810    .text               mc_w.l(memseta.o)
    0x000001c8   0x000001c8   0x000000de   Code   RO         2075    .text               mf_w.l(ddiv.o)
    0x000002a6   0x000002a6   0x0000001a   Code   RO         2077    .text               mf_w.l(dfltui.o)
    0x000002c0   0x000002c0   0x00000038   Code   RO         2079    .text               mf_w.l(d2f.o)
    0x000002f8   0x000002f8   0x0000002c   Code   RO         2097    .text               mc_w.l(uidiv.o)
    0x00000324   0x00000324   0x00000000   Code   RO         2101    .text               mc_w.l(iusefp.o)
    0x00000324   0x00000324   0x0000006e   Code   RO         2102    .text               mf_w.l(fepilogue.o)
    0x00000392   0x00000392   0x000000ba   Code   RO         2104    .text               mf_w.l(depilogue.o)
    0x0000044c   0x0000044c   0x00000024   Code   RO         2114    .text               mc_w.l(init.o)
    0x00000470   0x00000470   0x0000001e   Code   RO         2116    .text               mc_w.l(llshl.o)
    0x0000048e   0x0000048e   0x00000020   Code   RO         2118    .text               mc_w.l(llushr.o)
    0x000004ae   0x000004ae   0x00000002   PAD
    0x000004b0   0x000004b0   0x00000010   Code   RO          561    i.BUZZ_Off          led.o
    0x000004c0   0x000004c0   0x00000010   Code   RO          562    i.BUZZ_On           led.o
    0x000004d0   0x000004d0   0x00000024   Code   RO          957    i.CS_clearInterruptFlag  msp432p4xx_driverlib.lib(cs.o)
    0x000004f4   0x000004f4   0x00000018   Code   RO          966    i.CS_getACLK        msp432p4xx_driverlib.lib(cs.o)
    0x0000050c   0x0000050c   0x0000010c   Code   RO          968    i.CS_getDCOFrequency  msp432p4xx_driverlib.lib(cs.o)
    0x00000618   0x00000618   0x00000018   Code   RO          972    i.CS_getMCLK        msp432p4xx_driverlib.lib(cs.o)
    0x00000630   0x00000630   0x00000018   Code   RO          973    i.CS_getSMCLK       msp432p4xx_driverlib.lib(cs.o)
    0x00000648   0x00000648   0x0000000c   Code   RO          980    i.CS_setExternalClockSourceFrequency  msp432p4xx_driverlib.lib(cs.o)
    0x00000654   0x00000654   0x00000006   Code   RO          983    i.CS_startHFXT      msp432p4xx_driverlib.lib(cs.o)
    0x0000065a   0x0000065a   0x00000002   PAD
    0x0000065c   0x0000065c   0x000000a0   Code   RO          984    i.CS_startHFXTWithTimeout  msp432p4xx_driverlib.lib(cs.o)
    0x000006fc   0x000006fc   0x00000006   Code   RO          985    i.CS_startLFXT      msp432p4xx_driverlib.lib(cs.o)
    0x00000702   0x00000702   0x00000002   PAD
    0x00000704   0x00000704   0x000000a0   Code   RO          986    i.CS_startLFXTWithTimeout  msp432p4xx_driverlib.lib(cs.o)
    0x000007a4   0x000007a4   0x00000006   Code   RO          835    i.EUSCIA0_IRQHandler  usart.o
    0x000007aa   0x000007aa   0x00000006   Code   RO          836    i.EUSCIA1_IRQHandler  usart.o
    0x000007b0   0x000007b0   0x00000006   Code   RO          837    i.EUSCIA2_IRQHandler  usart.o
    0x000007b6   0x000007b6   0x00000006   Code   RO          838    i.EUSCIA3_IRQHandler  usart.o
    0x000007bc   0x000007bc   0x000000fc   Code   RO          839    i.EUSCIAx_IRQHandler  usart.o
    0x000008b8   0x000008b8   0x00000014   Code   RO         1224    i.GPIO_clearInterruptFlag  msp432p4xx_driverlib.lib(gpio.o)
    0x000008cc   0x000008cc   0x00000014   Code   RO         1226    i.GPIO_enableInterrupt  msp432p4xx_driverlib.lib(gpio.o)
    0x000008e0   0x000008e0   0x00000038   Code   RO         1227    i.GPIO_getEnabledInterruptStatus  msp432p4xx_driverlib.lib(gpio.o)
    0x00000918   0x00000918   0x00000014   Code   RO         1228    i.GPIO_getInputPinValue  msp432p4xx_driverlib.lib(gpio.o)
    0x0000092c   0x0000092c   0x00000010   Code   RO         1229    i.GPIO_getInterruptStatus  msp432p4xx_driverlib.lib(gpio.o)
    0x0000093c   0x0000093c   0x0000001c   Code   RO         1230    i.GPIO_interruptEdgeSelect  msp432p4xx_driverlib.lib(gpio.o)
    0x00000958   0x00000958   0x00000018   Code   RO          702    i.I2C_SW_Configuration  olediic.o
    0x00000970   0x00000970   0x00000018   Code   RO          703    i.I2C_Start         olediic.o
    0x00000988   0x00000988   0x00000018   Code   RO          704    i.I2C_Stop          olediic.o
    0x000009a0   0x000009a0   0x00000018   Code   RO          705    i.I2C_WaitAck       olediic.o
    0x000009b8   0x000009b8   0x0000005c   Code   RO         1371    i.Interrupt_enableInterrupt  msp432p4xx_driverlib.lib(interrupt.o)
    0x00000a14   0x00000a14   0x00000024   Code   RO         1381    i.Interrupt_setPriority  msp432p4xx_driverlib.lib(interrupt.o)
    0x00000a38   0x00000a38   0x00000010   Code   RO          632    i.KEY_Init          key.o
    0x00000a48   0x00000a48   0x00000030   Code   RO          564    i.LED_Init          led.o
    0x00000a78   0x00000a78   0x00000010   Code   RO          565    i.LED_Off           led.o
    0x00000a88   0x00000a88   0x0000003c   Code   RO          706    i.OLED_Clear        olediic.o
    0x00000ac4   0x00000ac4   0x000000ee   Code   RO          712    i.OLED_Init         olediic.o
    0x00000bb2   0x00000bb2   0x00000028   Code   RO          713    i.OLED_Set_Pos      olediic.o
    0x00000bda   0x00000bda   0x00000002   PAD
    0x00000bdc   0x00000bdc   0x00000088   Code   RO          714    i.OLED_ShowChar     olediic.o
    0x00000c64   0x00000c64   0x0000007a   Code   RO          716    i.OLED_ShowNum      olediic.o
    0x00000cde   0x00000cde   0x00000038   Code   RO          717    i.OLED_ShowString   olediic.o
    0x00000d16   0x00000d16   0x00000036   Code   RO          718    i.OLED_WR_Byte      olediic.o
    0x00000d4c   0x00000d4c   0x00000036   Code   RO          352    i.PID_calc1         pid.o
    0x00000d82   0x00000d82   0x00000042   Code   RO          353    i.PID_calc2         pid.o
    0x00000dc4   0x00000dc4   0x00000020   Code   RO          354    i.PID_init          pid.o
    0x00000de4   0x00000de4   0x00000068   Code   RO          499    i.PORT2_IRQHandler  ic.o
    0x00000e4c   0x00000e4c   0x00000068   Code   RO          500    i.PORT4_IRQHandler  ic.o
    0x00000eb4   0x00000eb4   0x00000068   Code   RO          501    i.PORT5_IRQHandler  ic.o
    0x00000f1c   0x00000f1c   0x00000068   Code   RO          502    i.PORT6_IRQHandler  ic.o
    0x00000f84   0x00000f84   0x00000030   Code   RO          719    i.Send_Byte         olediic.o
    0x00000fb4   0x00000fb4   0x00000010   Code   RO         1677    i.SysCtl_A_disableNMISource  msp432p4xx_driverlib.lib(sysctl_a.o)
    0x00000fc4   0x00000fc4   0x00000010   Code   RO         1682    i.SysCtl_A_enableNMISource  msp432p4xx_driverlib.lib(sysctl_a.o)
    0x00000fd4   0x00000fd4   0x00000010   Code   RO         1688    i.SysCtl_A_getNMISourceStatus  msp432p4xx_driverlib.lib(sysctl_a.o)
    0x00000fe4   0x00000fe4   0x00000048   Code   RO         1690    i.SysCtl_A_getTLVInfo  msp432p4xx_driverlib.lib(sysctl_a.o)
    0x0000102c   0x0000102c   0x0000008c   Code   RO          260    i.SysInit           sysinit.o
    0x000010b8   0x000010b8   0x00000060   Code   RO            5    i.SystemInit        system_msp432p401r.o
    0x00001118   0x00001118   0x0000049c   Code   RO           81    i.TA3_0_IRQHandler  main.o
    0x000015b4   0x000015b4   0x00000094   Code   RO          921    i.TimA1_PWM_Init    tima.o
    0x00001648   0x00001648   0x00000048   Code   RO          922    i.TimA2_PWM_Init    tima.o
    0x00001690   0x00001690   0x00000054   Code   RO          444    i.TimA3_Init        timer.o
    0x000016e4   0x000016e4   0x00000026   Code   RO         1515    i.UART_getEnabledInterruptStatus  msp432p4xx_driverlib.lib(uart.o)
    0x0000170a   0x0000170a   0x00000092   Code   RO         1519    i.UART_initModule   msp432p4xx_driverlib.lib(uart.o)
    0x0000179c   0x0000179c   0x00000016   Code   RO         1528    i.UART_transmitData  msp432p4xx_driverlib.lib(uart.o)
    0x000017b2   0x000017b2   0x00000002   PAD
    0x000017b4   0x000017b4   0x000000c0   Code   RO          989    i._CSComputeCLKFrequency  msp432p4xx_driverlib.lib(cs.o)
    0x00001874   0x00001874   0x00000098   Code   RO          990    i._CSGetHFXTFrequency  msp432p4xx_driverlib.lib(cs.o)
    0x0000190c   0x0000190c   0x00000020   Code   RO         1969    i.__0printf$6       mc_w.l(printf6.o)
    0x0000192c   0x0000192c   0x0000000e   Code   RO         2124    i.__scatterload_copy  mc_w.l(handlers.o)
    0x0000193a   0x0000193a   0x00000002   Code   RO         2125    i.__scatterload_null  mc_w.l(handlers.o)
    0x0000193c   0x0000193c   0x0000000e   Code   RO         2126    i.__scatterload_zeroinit  mc_w.l(handlers.o)
    0x0000194a   0x0000194a   0x00000002   PAD
    0x0000194c   0x0000194c   0x000002f0   Code   RO         1976    i._printf_core      mc_w.l(printf6.o)
    0x00001c3c   0x00001c3c   0x00000024   Code   RO         1977    i._printf_post_padding  mc_w.l(printf6.o)
    0x00001c60   0x00001c60   0x0000002e   Code   RO         1978    i._printf_pre_padding  mc_w.l(printf6.o)
    0x00001c8e   0x00001c8e   0x00000010   Code   RO          284    i.bitPosition       baudrate_calculate.o
    0x00001c9e   0x00001c9e   0x00000002   PAD
    0x00001ca0   0x00001ca0   0x00000028   Code   RO          317    i.delay_init        delay.o
    0x00001cc8   0x00001cc8   0x00000018   Code   RO          318    i.delay_ms          delay.o
    0x00001ce0   0x00001ce0   0x00000034   Code   RO          319    i.delay_us          delay.o
    0x00001d14   0x00001d14   0x0000012c   Code   RO          285    i.eusci_calcBaudDividers  baudrate_calculate.o
    0x00001e40   0x00001e40   0x00000014   Code   RO          841    i.fputc             usart.o
    0x00001e54   0x00001e54   0x00000010   Code   RO          503    i.get_v1            ic.o
    0x00001e64   0x00001e64   0x00000010   Code   RO          504    i.get_v2            ic.o
    0x00001e74   0x00001e74   0x00000104   Code   RO          505    i.ic_init           ic.o
    0x00001f78   0x00001f78   0x00000148   Code   RO           82    i.main              main.o
    0x000020c0   0x000020c0   0x0000007a   Code   RO          468    i.oled_init         oled.o
    0x0000213a   0x0000213a   0x00000010   Code   RO          720    i.oled_pow          olediic.o
    0x0000214a   0x0000214a   0x00000002   PAD
    0x0000214c   0x0000214c   0x000000a8   Code   RO          469    i.oled_show         oled.o
    0x000021f4   0x000021f4   0x00000034   Code   RO          657    i.pwm_init          pwm.o
    0x00002228   0x00002228   0x0000008c   Code   RO          658    i.speed_adjust      pwm.o
    0x000022b4   0x000022b4   0x00000070   Code   RO          659    i.speed_set         pwm.o
    0x00002324   0x00002324   0x000001d0   Code   RO          385    i.trans_bt_R        trans.o
    0x000024f4   0x000024f4   0x00000050   Code   RO          386    i.trans_bt_T        trans.o
    0x00002544   0x00002544   0x00000044   Code   RO          387    i.trans_bt_init     trans.o
    0x00002588   0x00002588   0x000000fc   Code   RO          388    i.trans_others_R    trans.o
    0x00002684   0x00002684   0x00000048   Code   RO          390    i.trans_others_init  trans.o
    0x000026cc   0x000026cc   0x000000c4   Code   RO          842    i.uart_init         usart.o
    0x00002790   0x00002790   0x00000050   Code   RO          843    i.uart_singletrans  usart.o
    0x000027e0   0x000027e0   0x0000090a   Data   RO          721    .constdata          olediic.o
    0x000030ea   0x000030ea   0x00000002   PAD
    0x000030ec   0x000030ec   0x00000028   Data   RO          845    .constdata          usart.o
    0x00003114   0x00003114   0x00000048   Data   RO          923    .constdata          tima.o
    0x0000315c   0x0000315c   0x0000004c   Data   RO         1244    .constdata          msp432p4xx_driverlib.lib(gpio.o)
    0x000031a8   0x000031a8   0x00000090   Data   RO         1387    .constdata          msp432p4xx_driverlib.lib(interrupt.o)
    0x00003238   0x00003238   0x00000020   Data   RO         2122    Region$$Table       anon$$obj.o


    Execution Region RW_IRAM1 (Exec base: 0x20000000, Load base: 0x00003258, Size: 0x00000fd0, Max: 0x00010000, ABSOLUTE)

    Exec Addr    Load Addr    Size         Type   Attr      Idx    E Section Name        Object

    0x20000000   0x00003258   0x00000094   Data   RW           84    .data               main.o
    0x20000094   0x000032ec   0x00000001   Data   RW          320    .data               delay.o
    0x20000095   0x000032ed   0x00000001   Data   RW          393    .data               trans.o
    0x20000096   0x000032ee   0x00000002   Data   RW          470    .data               oled.o
    0x20000098   0x000032f0   0x00000008   Data   RW          506    .data               ic.o
    0x200000a0   0x000032f8   0x00000008   Data   RW          660    .data               pwm.o
    0x200000a8   0x00003300   0x0000005c   Data   RW          846    .data               usart.o
    0x20000104   0x0000335c   0x00000004   Data   RW          847    .data               usart.o
    0x20000108   0x00003360   0x00000008   Data   RW          991    .data               msp432p4xx_driverlib.lib(cs.o)
    0x20000110        -       0x00000060   Zero   RW           83    .bss                main.o
    0x20000170        -       0x000005cc   Zero   RW          391    .bss                trans.o
    0x2000073c        -       0x00000690   Zero   RW          844    .bss                usart.o
    0x20000dcc   0x00003368   0x00000004   PAD
    0x20000dd0        -       0x00000200   Zero   RW           71    STACK               startup_msp432p401r_uvision.o


==============================================================================

Image component sizes


      Code (inc. data)   RO Data    RW Data    ZI Data      Debug   Object Name

       316         18          0          0          0       2167   baudrate_calculate.o
       116         16          0          1          0       1659   delay.o
       708         28          0          8          0       4048   ic.o
        16          4          0          0          0        427   key.o
        96         24          0          0          0       2198   led.o
      1508        120          0        148         96      13071   main.o
       290          6          0          2          0       1688   oled.o
       866         34       2314          0          0       8903   olediic.o
       152          6          0          0          0       2111   pid.o
       304         42          0          8          0       1742   pwm.o
        36          8        324          0        512        812   startup_msp432p401r_uvision.o
       140         14          0          0          0        506   sysinit.o
        96         20          0          0          0       5037   system_msp432p401r.o
       220         24         72          0          0       1666   tima.o
        84          8          0          0          0        605   timer.o
       936         48          0          1       1484       7601   trans.o
       572         54         40         96       1680       7651   usart.o

    ----------------------------------------------------------------------
      6462        474       2784        264       3776      61892   Object Totals
         0          0         32          0          0          0   (incl. Generated)
         6          0          2          0          4          0   (incl. Padding)

    ----------------------------------------------------------------------

      Code (inc. data)   RO Data    RW Data    ZI Data      Debug   Library Member Name

         0          0          0          0          0          0   entry.o
         0          0          0          0          0          0   entry10a.o
         0          0          0          0          0          0   entry11a.o
         4          0          0          0          0          0   entry12b.o
         8          4          0          0          0          0   entry2.o
         4          0          0          0          0          0   entry5.o
         0          0          0          0          0          0   entry7b.o
         0          0          0          0          0          0   entry8b.o
         8          4          0          0          0          0   entry9a.o
        30          0          0          0          0          0   handlers.o
        36          8          0          0          0         68   init.o
         0          0          0          0          0          0   iusefp.o
        30          0          0          0          0         68   llshl.o
        32          0          0          0          0         68   llushr.o
        36          0          0          0          0         68   memcpya.o
        36          0          0          0          0        108   memseta.o
       866         14          0          0          0        352   printf6.o
        44          0          0          0          0         80   uidiv.o
        56          0          0          0          0         88   d2f.o
       222          0          0          0          0        100   ddiv.o
       186          0          0          0          0        176   depilogue.o
        26          0          0          0          0         76   dfltui.o
       110          0          0          0          0        168   fepilogue.o
      1064        170          0          8          0      16601   cs.o
       160         42         76          0          0       5331   gpio.o
       128         14        144          0          0       2468   interrupt.o
       120         26          0          0          0       3378   sysctl_a.o
       206          0          0          0          0       6673   uart.o

    ----------------------------------------------------------------------
      3422        282        220          8          0      35871   Library Totals
        10          0          0          0          0          0   (incl. Padding)

    ----------------------------------------------------------------------

      Code (inc. data)   RO Data    RW Data    ZI Data      Debug   Library Name

      1134         30          0          0          0        812   mc_w.l
       600          0          0          0          0        608   mf_w.l
      1678        252        220          8          0      34451   msp432p4xx_driverlib.lib

    ----------------------------------------------------------------------
      3422        282        220          8          0      35871   Library Totals

    ----------------------------------------------------------------------

==============================================================================


      Code (inc. data)   RO Data    RW Data    ZI Data      Debug   

      9884        756       3004        272       3776      89791   Grand Totals
      9884        756       3004        272       3776      89791   ELF Image Totals
      9884        756       3004        272          0          0   ROM Totals

==============================================================================

    Total RO  Size (Code + RO Data)                12888 (  12.59kB)
    Total RW  Size (RW Data + ZI Data)              4048 (   3.95kB)
    Total ROM Size (Code + RO Data + RW Data)      13160 (  12.85kB)

==============================================================================

