<html>
<body>
<pre>
<h1>µVision Build Log</h1>
<h2>Tool Versions:</h2>
IDE-Version: ¦ÌVision V5.35.0.0
Copyright (C) 2021 ARM Ltd and ARM Germany GmbH. All rights reserved.
License Information: 1 1, 1, LIC=65ISZ-JYT9Y-56YQ2-9UVJR-D7AGM-U9R9B
 
Tool Versions:
Toolchain:       MDK-ARM Plus  Version: 5.35.0.2
Toolchain Path:  E:\Keil\_MDK_C51\ARM\ARMCC\Bin
C Compiler:      Armcc.exe V5.06 update 7 (build 960)
Assembler:       Armasm.exe V5.06 update 7 (build 960)
Linker/Locator:  ArmLink.exe V5.06 update 7 (build 960)
Library Manager: ArmAr.exe V5.06 update 7 (build 960)
Hex Converter:   FromElf.exe V5.06 update 7 (build 960)
CPU DLL:         SARMCM3.DLL V5.35.0.2
Dialog DLL:      DCM.DLL V1.17.3.0
Target DLL:      CMSIS_AGDI.dll V1.33.0.0
Dialog DLL:      TCM.DLL V1.53.0.0
 
<h2>Project:</h2>
C:\Users\76308\Desktop\msp432p401\keil\my_project_ROM.uvprojx
Project File Date:  07/27/2022

<h2>Output:</h2>
*** Using Compiler 'V5.06 update 7 (build 960)', folder: 'E:\Keil\_MDK_C51\ARM\ARMCC\Bin'
Build target 'my_project'
compiling main.c...
..\hardware\oled.h(13): warning:  #1-D: last line of file ends without a newline
  #endif
..\sys\include.h(18): warning:  #1-D: last line of file ends without a newline
  #endif
..\main.c: 2 warnings, 0 errors
linking...
Program Size: Code=9884 RO-data=3004 RW-data=272 ZI-data=3776  
After Build - User command #1: fromelf --bin --output .\Build\uart_loopback_24mhz_brclk.bin .\Build\uart_loopback_24mhz_brclk.axf
".\Build\uart_loopback_24mhz_brclk.axf": Error: Q0122E: Could not open file '.\Build\uart_loopback_24mhz_brclk.axf': No such file or directory
Finished: 0 information, 0 warning and 1 error messages.
".\Build\my_project_rom.axf" - 0 Error(s), 2 Warning(s).

<h2>Software Packages used:</h2>

Package Vendor: ARM
                http://www.keil.com/pack/ARM.CMSIS.5.8.0.pack
                ARM.CMSIS.5.8.0
                CMSIS (Common Microcontroller Software Interface Standard)
   * Component: CORE Version: 5.5.0

Package Vendor: TexasInstruments
                http://software-dl.ti.com/msp430/msp430_public_sw/mcu/msp430/msp432cmsis/latest/exports/TexasInstruments.MSP432P4xx_DFP.3.2.6.pack
                TexasInstruments.MSP432P4xx_DFP.3.2.6
                Device Family Pack for Texas Instruments SimpleLink(TM) MSP432 Series

<h2>Collection of Component include folders:</h2>
  .\RTE\_my_project
  E:\Keil\_MDK_C51\Pack\ARM\CMSIS\5.8.0\CMSIS\Core\Include
  E:\Keil\_MDK_C51\Pack\TexasInstruments\MSP432P4xx_DFP\3.2.6\Device\Include

<h2>Collection of Component Files used:</h2>

   * Component: ARM::CMSIS:CORE:5.5.0
Build Time Elapsed:  00:00:02
</pre>
</body>
</html>
