Component: ARM Compiler 5.06 update 7 (build 960) Tool: armlink [4d3601]

==============================================================================

Section Cross References

    startup_stm32f10x_hd.o(RESET) refers to startup_stm32f10x_hd.o(STACK) for __initial_sp
    startup_stm32f10x_hd.o(RESET) refers to startup_stm32f10x_hd.o(.text) for Reset_Handler
    startup_stm32f10x_hd.o(RESET) refers to stm32f10x_it.o(i.NMI_Handler) for NMI_Handler
    startup_stm32f10x_hd.o(RESET) refers to stm32f10x_it.o(i.HardFault_Handler) for HardFault_Handler
    startup_stm32f10x_hd.o(RESET) refers to stm32f10x_it.o(i.MemManage_Handler) for MemManage_Handler
    startup_stm32f10x_hd.o(RESET) refers to stm32f10x_it.o(i.BusFault_Handler) for BusFault_Handler
    startup_stm32f10x_hd.o(RESET) refers to stm32f10x_it.o(i.UsageFault_Handler) for UsageFault_Handler
    startup_stm32f10x_hd.o(RESET) refers to stm32f10x_it.o(i.SVC_Handler) for SVC_Handler
    startup_stm32f10x_hd.o(RESET) refers to stm32f10x_it.o(i.DebugMon_Handler) for DebugMon_Handler
    startup_stm32f10x_hd.o(RESET) refers to stm32f10x_it.o(i.PendSV_Handler) for PendSV_Handler
    startup_stm32f10x_hd.o(RESET) refers to stm32f10x_it.o(i.SysTick_Handler) for SysTick_Handler
    startup_stm32f10x_hd.o(RESET) refers to gpio.o(i.EXTI0_IRQHandler) for EXTI0_IRQHandler
    startup_stm32f10x_hd.o(RESET) refers to gpio.o(i.EXTI1_IRQHandler) for EXTI1_IRQHandler
    startup_stm32f10x_hd.o(RESET) refers to gpio.o(i.EXTI2_IRQHandler) for EXTI2_IRQHandler
    startup_stm32f10x_hd.o(RESET) refers to gpio.o(i.EXTI3_IRQHandler) for EXTI3_IRQHandler
    startup_stm32f10x_hd.o(RESET) refers to gpio.o(i.EXTI4_IRQHandler) for EXTI4_IRQHandler
    startup_stm32f10x_hd.o(RESET) refers to gpio.o(i.EXTI9_5_IRQHandler) for EXTI9_5_IRQHandler
    startup_stm32f10x_hd.o(RESET) refers to uart.o(i.USART1_IRQHandler) for USART1_IRQHandler
    startup_stm32f10x_hd.o(RESET) refers to uart.o(i.USART2_IRQHandler) for USART2_IRQHandler
    startup_stm32f10x_hd.o(RESET) refers to uart.o(i.USART3_IRQHandler) for USART3_IRQHandler
    startup_stm32f10x_hd.o(RESET) refers to gpio.o(i.EXTI15_10_IRQHandler) for EXTI15_10_IRQHandler
    startup_stm32f10x_hd.o(RESET) refers to uart.o(i.UART4_IRQHandler) for UART4_IRQHandler
    startup_stm32f10x_hd.o(RESET) refers to main.o(i.TIM6_IRQHandler) for TIM6_IRQHandler
    startup_stm32f10x_hd.o(.text) refers to system_stm32f10x.o(i.SystemInit) for SystemInit
    startup_stm32f10x_hd.o(.text) refers to entry.o(.ARM.Collect$$$$00000000) for __main
    stm32f10x_adc.o(i.ADC_DeInit) refers to stm32f10x_rcc.o(i.RCC_APB2PeriphResetCmd) for RCC_APB2PeriphResetCmd
    stm32f10x_bkp.o(i.BKP_DeInit) refers to stm32f10x_rcc.o(i.RCC_BackupResetCmd) for RCC_BackupResetCmd
    stm32f10x_can.o(i.CAN_DeInit) refers to stm32f10x_rcc.o(i.RCC_APB1PeriphResetCmd) for RCC_APB1PeriphResetCmd
    stm32f10x_can.o(i.CAN_GetITStatus) refers to stm32f10x_can.o(i.CheckITStatus) for CheckITStatus
    stm32f10x_cec.o(i.CEC_DeInit) refers to stm32f10x_rcc.o(i.RCC_APB1PeriphResetCmd) for RCC_APB1PeriphResetCmd
    stm32f10x_dac.o(i.DAC_DeInit) refers to stm32f10x_rcc.o(i.RCC_APB1PeriphResetCmd) for RCC_APB1PeriphResetCmd
    stm32f10x_flash.o(i.FLASH_EnableWriteProtection) refers to stm32f10x_flash.o(i.FLASH_WaitForLastOperation) for FLASH_WaitForLastOperation
    stm32f10x_flash.o(i.FLASH_EraseAllBank1Pages) refers to stm32f10x_flash.o(i.FLASH_WaitForLastBank1Operation) for FLASH_WaitForLastBank1Operation
    stm32f10x_flash.o(i.FLASH_EraseAllPages) refers to stm32f10x_flash.o(i.FLASH_WaitForLastOperation) for FLASH_WaitForLastOperation
    stm32f10x_flash.o(i.FLASH_EraseOptionBytes) refers to stm32f10x_flash.o(i.FLASH_GetReadOutProtectionStatus) for FLASH_GetReadOutProtectionStatus
    stm32f10x_flash.o(i.FLASH_EraseOptionBytes) refers to stm32f10x_flash.o(i.FLASH_WaitForLastOperation) for FLASH_WaitForLastOperation
    stm32f10x_flash.o(i.FLASH_ErasePage) refers to stm32f10x_flash.o(i.FLASH_WaitForLastOperation) for FLASH_WaitForLastOperation
    stm32f10x_flash.o(i.FLASH_ProgramHalfWord) refers to stm32f10x_flash.o(i.FLASH_WaitForLastOperation) for FLASH_WaitForLastOperation
    stm32f10x_flash.o(i.FLASH_ProgramOptionByteData) refers to stm32f10x_flash.o(i.FLASH_WaitForLastOperation) for FLASH_WaitForLastOperation
    stm32f10x_flash.o(i.FLASH_ProgramWord) refers to stm32f10x_flash.o(i.FLASH_WaitForLastOperation) for FLASH_WaitForLastOperation
    stm32f10x_flash.o(i.FLASH_ReadOutProtection) refers to stm32f10x_flash.o(i.FLASH_WaitForLastOperation) for FLASH_WaitForLastOperation
    stm32f10x_flash.o(i.FLASH_UserOptionByteConfig) refers to stm32f10x_flash.o(i.FLASH_WaitForLastOperation) for FLASH_WaitForLastOperation
    stm32f10x_flash.o(i.FLASH_WaitForLastBank1Operation) refers to stm32f10x_flash.o(i.FLASH_GetBank1Status) for FLASH_GetBank1Status
    stm32f10x_flash.o(i.FLASH_WaitForLastOperation) refers to stm32f10x_flash.o(i.FLASH_GetBank1Status) for FLASH_GetBank1Status
[...]
    i.mpu_reset_fifo                         0x08005da4   Section        0  inv_mpu.o(i.mpu_reset_fifo)
    i.mpu_run_self_test                      0x08005f60   Section        0  inv_mpu.o(i.mpu_run_self_test)
    i.mpu_set_accel_fsr                      0x0800607c   Section        0  inv_mpu.o(i.mpu_set_accel_fsr)
    i.mpu_set_bypass                         0x08006100   Section        0  inv_mpu.o(i.mpu_set_bypass)
    i.mpu_set_dmp_state                      0x0800624c   Section        0  inv_mpu.o(i.mpu_set_dmp_state)
    i.mpu_set_gyro_fsr                       0x080062dc   Section        0  inv_mpu.o(i.mpu_set_gyro_fsr)
    i.mpu_set_int_latched                    0x08006364   Section        0  inv_mpu.o(i.mpu_set_int_latched)
    i.mpu_set_lpf                            0x080063d0   Section        0  inv_mpu.o(i.mpu_set_lpf)
    i.mpu_set_sample_rate                    0x08006454   Section        0  inv_mpu.o(i.mpu_set_sample_rate)
    i.mpu_set_sensors                        0x080064f0   Section        0  inv_mpu.o(i.mpu_set_sensors)
    i.mpu_write_mem                          0x080065c0   Section        0  inv_mpu.o(i.mpu_write_mem)
    i.myget_ms                               0x08006640   Section        0  inv_mpu.o(i.myget_ms)
    i.nvic_init                              0x08006642   Section        0  maincycle.o(i.nvic_init)
    nvic_init                                0x08006643   Thumb Code    32  maincycle.o(i.nvic_init)
    i.nvic_init                              0x08006664   Section        0  uart.o(i.nvic_init)
    nvic_init                                0x08006665   Thumb Code    34  uart.o(i.nvic_init)
    i.oled_pow                               0x0800668c   Section        0  oledspi.o(i.oled_pow)
    i.run_self_test                          0x080066a2   Section        0  mpu6050.o(i.run_self_test)
    run_self_test                            0x080066a3   Thumb Code   144  mpu6050.o(i.run_self_test)
    i.set_int_enable                         0x08006734   Section        0  inv_mpu.o(i.set_int_enable)
    set_int_enable                           0x08006735   Thumb Code   138  inv_mpu.o(i.set_int_enable)
    i.spin_add                               0x080067c4   Section        0  pwm.o(i.spin_add)
    i.sqrt                                   0x08006920   Section        0  sqrt.o(i.sqrt)
    i.straight_add                           0x0800696c   Section        0  pwm.o(i.straight_add)
    i.straight_set                           0x080069c4   Section        0  pwm.o(i.straight_set)
    i.tim1_init                              0x08006ac4   Section        0  oc.o(i.tim1_init)
    i.tim2_init                              0x08006bb8   Section        0  oc.o(i.tim2_init)
    i.tim_init                               0x08006cb8   Section        0  maincycle.o(i.tim_init)
    tim_init                                 0x08006cb9   Thumb Code    66  maincycle.o(i.tim_init)
    i.tim_init                               0x08006d04   Section        0  ic.o(i.tim_init)
    tim_init                                 0x08006d05   Thumb Code   118  ic.o(i.tim_init)
    i.trans_bt_R                             0x08006d84   Section        0  trans.o(i.trans_bt_R)
    i.trans_bt_T                             0x080070ac   Section        0  trans.o(i.trans_bt_T)
    i.trans_bt_init                          0x08007244   Section        0  trans.o(i.trans_bt_init)
    i.trans_others_R                         0x0800729c   Section        0  trans.o(i.trans_others_R)
    i.trans_others_init                      0x080073cc   Section        0  trans.o(i.trans_others_init)
    i.uart_init                              0x0800741c   Section        0  uart.o(i.uart_init)
    i.uart_singletrans                       0x080074d8   Section        0  uart.o(i.uart_singletrans)
    i.usart_init                             0x08007524   Section        0  uart.o(i.usart_init)
    usart_init                               0x08007525   Thumb Code    74  uart.o(i.usart_init)
    .constdata                               0x08007580   Section       80  inv_mpu.o(.constdata)
    .constdata                               0x080075d0   Section     3062  inv_mpu_dmp_motion_driver.o(.constdata)
    dmp_memory                               0x080075d0   Data        3062  inv_mpu_dmp_motion_driver.o(.constdata)
    .constdata                               0x080081c6   Section     2660  oledspi.o(.constdata)
    .constdata                               0x08008c30   Section       80  asin.o(.constdata)
    pS                                       0x08008c30   Data          48  asin.o(.constdata)
    qS                                       0x08008c60   Data          32  asin.o(.constdata)
    .constdata                               0x08008c80   Section      152  atan.o(.constdata)
    atanhi                                   0x08008c80   Data          32  atan.o(.constdata)
    atanlo                                   0x08008ca0   Data          32  atan.o(.constdata)
    aTodd                                    0x08008cc0   Data          40  atan.o(.constdata)
    aTeven                                   0x08008ce8   Data          48  atan.o(.constdata)
    .constdata                               0x08008d18   Section        8  qnan.o(.constdata)
    .data                                    0x20000000   Section       20  stm32f10x_rcc.o(.data)
    APBAHBPrescTable                         0x20000000   Data          16  stm32f10x_rcc.o(.data)
    ADCPrescTable                            0x20000010   Data           4  stm32f10x_rcc.o(.data)
    .data                                    0x20000014   Section        4  delay.o(.data)
    fac_us                                   0x20000014   Data           1  delay.o(.data)
    fac_ms                                   0x20000016   Data           2  delay.o(.data)
    .data                                    0x20000018   Section        4  maincycle.o(.data)
    TIM6_Period                              0x20000018   Data           2  maincycle.o(.data)
    TIM8_Counter                             0x2000001a   Data           2  maincycle.o(.data)
    .data                                    0x2000001c   Section       44  inv_mpu.o(.data)
    st                                       0x2000001c   Data          44  inv_mpu.o(.data)
    .data                                    0x20000048   Section       60  mpu6050.o(.data)
    gyro_orientation                         0x20000074   Data           9  mpu6050.o(.data)
    .data                                    0x20000084   Section        4  gpio.o(.data)
    i0                                       0x20000084   Data           4  gpio.o(.data)
    .data                                    0x20000088   Section       96  ic.o(.data)
    TIMx                                     0x20000088   Data          16  ic.o(.data)
    RCC_APB1Periph_TIMx                      0x20000098   Data          16  ic.o(.data)
    GPIOx                                    0x200000a8   Data          16  ic.o(.data)
    RCC_APB2Periph_GPIOx                     0x200000b8   Data          16  ic.o(.data)
    A_GPIO_Pin_x                             0x200000c8   Data          16  ic.o(.data)
    B_GPIO_Pin_x                             0x200000d8   Data          16  ic.o(.data)
    .data                                    0x200000e8   Section      228  uart.o(.data)
    USARTx                                   0x200000e8   Data          20  uart.o(.data)
    RCC_APB1Periph_USARTx                    0x200000fc   Data          20  uart.o(.data)
    RCC_APB2Periph_USARTx                    0x20000110   Data          20  uart.o(.data)
    GPIO_Remap_USARTx                        0x20000124   Data          20  uart.o(.data)
    GPIOx                                    0x20000138   Data          20  uart.o(.data)
    RCC_APB2Periph_GPIOx                     0x2000014c   Data          20  uart.o(.data)
    T_GPIO_Pin_x                             0x20000160   Data          20  uart.o(.data)
    R_GPIO_Pin_x                             0x20000174   Data          20  uart.o(.data)
    USARTx_IRQn                              0x20000188   Data           5  uart.o(.data)
    RCC_AHBPeriph_DMAx                       0x20000190   Data          20  uart.o(.data)
    T_DMA_Channel_x                          0x200001a4   Data          20  uart.o(.data)
    R_DMA_Channel_x                          0x200001b8   Data          20  uart.o(.data)
    .data                                    0x200001cc   Section       24  ccd.o(.data)
    first                                    0x200001d4   Data           1  ccd.o(.data)
    sixcnt                                   0x200001d5   Data           1  ccd.o(.data)
    CCD_MAX                                  0x200001d6   Data           2  ccd.o(.data)
    CCD_MIN                                  0x200001d8   Data           2  ccd.o(.data)
    CCD_Yuzhi                                0x200001da   Data           2  ccd.o(.data)
    Yuzhi_Queue_index                        0x200001dc   Data           1  ccd.o(.data)
    Yuzhi_Queue_Av                           0x200001e0   Data           4  ccd.o(.data)
    .data                                    0x200001e4   Section       36  mpu.o(.data)
    pitch_last1                              0x200001f0   Data           4  mpu.o(.data)
    pitch_last2                              0x200001f4   Data           4  mpu.o(.data)
    roll_last1                               0x200001f8   Data           4  mpu.o(.data)
    roll_last2                               0x200001fc   Data           4  mpu.o(.data)
    yaw_last1                                0x20000200   Data           4  mpu.o(.data)
    yaw_last2                                0x20000204   Data           4  mpu.o(.data)
    .data                                    0x20000208   Section       76  pwm.o(.data)
    pwm11_compare                            0x20000208   Data           4  pwm.o(.data)
    pwm12_compare                            0x2000020c   Data           4  pwm.o(.data)
    pwm13_compare                            0x20000210   Data           4  pwm.o(.data)
    pwm14_compare                            0x20000214   Data           4  pwm.o(.data)
    straight_value                           0x20000218   Data           4  pwm.o(.data)
    side_value                               0x2000021c   Data           4  pwm.o(.data)
    spin_value                               0x20000220   Data           4  pwm.o(.data)
    pwm_pre1                                 0x20000224   Data           4  pwm.o(.data)
    pwm_pre2                                 0x20000228   Data           4  pwm.o(.data)
    pwm_pre3                                 0x2000022c   Data           4  pwm.o(.data)
    pwm_pre4                                 0x20000230   Data           4  pwm.o(.data)
    pwm_spin1                                0x20000234   Data           4  pwm.o(.data)
    pwm_spin2                                0x20000238   Data           4  pwm.o(.data)
    pwm_spin3                                0x2000023c   Data           4  pwm.o(.data)
    pwm_spin4                                0x20000240   Data           4  pwm.o(.data)
    pwm_out1                                 0x20000244   Data           4  pwm.o(.data)
    pwm_out2                                 0x20000248   Data           4  pwm.o(.data)
    pwm_out3                                 0x2000024c   Data           4  pwm.o(.data)
    pwm_out4                                 0x20000250   Data           4  pwm.o(.data)
    .data                                    0x20000254   Section      128  main.o(.data)
    cnt                                      0x200002d0   Data           4  main.o(.data)
    .data                                    0x200002d4   Section       20  system_stm32f10x.o(.data)
    .data                                    0x200002e8   Section        4  errno.o(.data)
    _errno                                   0x200002e8   Data           4  errno.o(.data)
    .bss                                     0x200002ec   Section       16  inv_mpu_dmp_motion_driver.o(.bss)
    dmp                                      0x200002ec   Data          16  inv_mpu_dmp_motion_driver.o(.bss)
    .bss                                     0x200002fc   Section     1024  oledspi.o(.bss)
    .bss                                     0x200006fc   Section     1120  uart.o(.bss)
    rx_pre                                   0x200006fc   Data        1000  uart.o(.bss)
    bauds                                    0x20000ae4   Data          20  uart.o(.bss)
    tx_ptrs                                  0x20000af8   Data          20  uart.o(.bss)
    tx_lens                                  0x20000b0c   Data          20  uart.o(.bss)
    rx_ptrs                                  0x20000b20   Data          20  uart.o(.bss)
    rx_lens                                  0x20000b34   Data          20  uart.o(.bss)
    rx_flags                                 0x20000b48   Data          20  uart.o(.bss)
    .bss                                     0x20000b5c   Section      266  ccd.o(.bss)
    ADV                                      0x20000b5c   Data         256  ccd.o(.bss)
    Yuzhi_Queue                              0x20000c5c   Data          10  ccd.o(.bss)
    .bss                                     0x20000c68   Section     1480  trans.o(.bss)
    trans_bt_Tbuff                           0x20000c68   Data         512  trans.o(.bss)
    trans_bt_Rbuff                           0x20000e68   Data         512  trans.o(.bss)
    trans_bt_Rflag                           0x20001068   Data          16  trans.o(.bss)
    .bss                                     0x20001230   Section      120  main.o(.bss)
    STACK                                    0x200012a8   Section    16384  startup_stm32f10x_hd.o(STACK)

    Global Symbols

    Symbol Name                              Value     Ov Type        Size  Object(Section)

    BuildAttributes$$THM_ISAv4$P$D$K$B$S$PE$A:L22UL41UL21$X:L11$S22US41US21$IEEE1$IW$USESV6$~STKCKD$USESV7$~SHL$OTIME$ROPI$IEEEX$EBA8$MICROLIB$REQ8$PRES8$EABIv2 0x00000000   Number         0  anon$$obj.o ABSOLUTE
    __ARM_use_no_argv                        0x00000000   Number         0  main.o ABSOLUTE
    __arm_fini_                               - Undefined Weak Reference
    __cpp_initialize__aeabi_                  - Undefined Weak Reference
    __cxa_finalize                            - Undefined Weak Reference
    _clock_init                               - Undefined Weak Reference
    _microlib_exit                            - Undefined Weak Reference
    __Vectors_Size                           0x00000130   Number         0  startup_stm32f10x_hd.o ABSOLUTE
    __Vectors                                0x08000000   Data           4  startup_stm32f10x_hd.o(RESET)
    __Vectors_End                            0x08000130   Data           0  startup_stm32f10x_hd.o(RESET)
    __main                                   0x08000131   Thumb Code     0  entry.o(.ARM.Collect$$$$00000000)
    _main_stk                                0x08000131   Thumb Code     0  entry2.o(.ARM.Collect$$$$00000001)
    _main_scatterload                        0x08000135   Thumb Code     0  entry5.o(.ARM.Collect$$$$00000004)
    __main_after_scatterload                 0x08000139   Thumb Code     0  entry5.o(.ARM.Collect$$$$00000004)
    _main_clock                              0x08000139   Thumb Code     0  entry7b.o(.ARM.Collect$$$$00000008)
    _main_cpp_init                           0x08000139   Thumb Code     0  entry8b.o(.ARM.Collect$$$$0000000A)
    _main_init                               0x08000139   Thumb Code     0  entry9a.o(.ARM.Collect$$$$0000000B)
    __rt_lib_shutdown_fini                   0x08000141   Thumb Code     0  entry12b.o(.ARM.Collect$$$$0000000E)
    __rt_final_cpp                           0x08000145   Thumb Code     0  entry10a.o(.ARM.Collect$$$$0000000F)
    __rt_final_exit                          0x08000145   Thumb Code     0  entry11a.o(.ARM.Collect$$$$00000011)
    Reset_Handler                            0x08000149   Thumb Code     8  startup_stm32f10x_hd.o(.text)
    ADC1_2_IRQHandler                        0x08000163   Thumb Code     0  startup_stm32f10x_hd.o(.text)
    ADC3_IRQHandler                          0x08000163   Thumb Code     0  startup_stm32f10x_hd.o(.text)
    CAN1_RX1_IRQHandler                      0x08000163   Thumb Code     0  startup_stm32f10x_hd.o(.text)
    CAN1_SCE_IRQHandler                      0x08000163   Thumb Code     0  startup_stm32f10x_hd.o(.text)
    DMA1_Channel1_IRQHandler                 0x08000163   Thumb Code     0  startup_stm32f10x_hd.o(.text)
    DMA1_Channel2_IRQHandler                 0x08000163   Thumb Code     0  startup_stm32f10x_hd.o(.text)
    DMA1_Channel3_IRQHandler                 0x08000163   Thumb Code     0  startup_stm32f10x_hd.o(.text)
    DMA1_Channel4_IRQHandler                 0x08000163   Thumb Code     0  startup_stm32f10x_hd.o(.text)
    DMA1_Channel5_IRQHandler                 0x08000163   Thumb Code     0  startup_stm32f10x_hd.o(.text)
    DMA1_Channel6_IRQHandler                 0x08000163   Thumb Code     0  startup_stm32f10x_hd.o(.text)
    DMA1_Channel7_IRQHandler                 0x08000163   Thumb Code     0  startup_stm32f10x_hd.o(.text)
    DMA2_Channel1_IRQHandler                 0x08000163   Thumb Code     0  startup_stm32f10x_hd.o(.text)
    DMA2_Channel2_IRQHandler                 0x08000163   Thumb Code     0  startup_stm32f10x_hd.o(.text)
    DMA2_Channel3_IRQHandler                 0x08000163   Thumb Code     0  startup_stm32f10x_hd.o(.text)
    DMA2_Channel4_5_IRQHandler               0x08000163   Thumb Code     0  startup_stm32f10x_hd.o(.text)
    FLASH_IRQHandler                         0x08000163   Thumb Code     0  startup_stm32f10x_hd.o(.text)
    FSMC_IRQHandler                          0x08000163   Thumb Code     0  startup_stm32f10x_hd.o(.text)
    I2C1_ER_IRQHandler                       0x08000163   Thumb Code     0  startup_stm32f10x_hd.o(.text)
    I2C1_EV_IRQHandler                       0x08000163   Thumb Code     0  startup_stm32f10x_hd.o(.text)
    I2C2_ER_IRQHandler                       0x08000163   Thumb Code     0  startup_stm32f10x_hd.o(.text)
    I2C2_EV_IRQHandler                       0x08000163   Thumb Code     0  startup_stm32f10x_hd.o(.text)
    PVD_IRQHandler                           0x08000163   Thumb Code     0  startup_stm32f10x_hd.o(.text)
    RCC_IRQHandler                           0x08000163   Thumb Code     0  startup_stm32f10x_hd.o(.text)
    RTCAlarm_IRQHandler                      0x08000163   Thumb Code     0  startup_stm32f10x_hd.o(.text)
    RTC_IRQHandler                           0x08000163   Thumb Code     0  startup_stm32f10x_hd.o(.text)
    SDIO_IRQHandler                          0x08000163   Thumb Code     0  startup_stm32f10x_hd.o(.text)
    SPI1_IRQHandler                          0x08000163   Thumb Code     0  startup_stm32f10x_hd.o(.text)
    SPI2_IRQHandler                          0x08000163   Thumb Code     0  startup_stm32f10x_hd.o(.text)
    SPI3_IRQHandler                          0x08000163   Thumb Code     0  startup_stm32f10x_hd.o(.text)
    TAMPER_IRQHandler                        0x08000163   Thumb Code     0  startup_stm32f10x_hd.o(.text)
    TIM1_BRK_IRQHandler                      0x08000163   Thumb Code     0  startup_stm32f10x_hd.o(.text)
    TIM1_CC_IRQHandler                       0x08000163   Thumb Code     0  startup_stm32f10x_hd.o(.text)
    TIM1_TRG_COM_IRQHandler                  0x08000163   Thumb Code     0  startup_stm32f10x_hd.o(.text)
    TIM1_UP_IRQHandler                       0x08000163   Thumb Code     0  startup_stm32f10x_hd.o(.text)
    TIM2_IRQHandler                          0x08000163   Thumb Code     0  startup_stm32f10x_hd.o(.text)
    TIM3_IRQHandler                          0x08000163   Thumb Code     0  startup_stm32f10x_hd.o(.text)
    TIM4_IRQHandler                          0x08000163   Thumb Code     0  startup_stm32f10x_hd.o(.text)
    TIM5_IRQHandler                          0x08000163   Thumb Code     0  startup_stm32f10x_hd.o(.text)
    TIM7_IRQHandler                          0x08000163   Thumb Code     0  startup_stm32f10x_hd.o(.text)
    TIM8_BRK_IRQHandler                      0x08000163   Thumb Code     0  startup_stm32f10x_hd.o(.text)
    TIM8_CC_IRQHandler                       0x08000163   Thumb Code     0  startup_stm32f10x_hd.o(.text)
    TIM8_TRG_COM_IRQHandler                  0x08000163   Thumb Code     0  startup_stm32f10x_hd.o(.text)
    TIM8_UP_IRQHandler                       0x08000163   Thumb Code     0  startup_stm32f10x_hd.o(.text)
    UART5_IRQHandler                         0x08000163   Thumb Code     0  startup_stm32f10x_hd.o(.text)
    USBWakeUp_IRQHandler                     0x08000163   Thumb Code     0  startup_stm32f10x_hd.o(.text)
    USB_HP_CAN1_TX_IRQHandler                0x08000163   Thumb Code     0  startup_stm32f10x_hd.o(.text)
    USB_LP_CAN1_RX0_IRQHandler               0x08000163   Thumb Code     0  startup_stm32f10x_hd.o(.text)
    WWDG_IRQHandler                          0x08000163   Thumb Code     0  startup_stm32f10x_hd.o(.text)
    __aeabi_ldivmod                          0x0800016d   Thumb Code    98  ldiv.o(.text)
    __aeabi_memset                           0x080001cf   Thumb Code    14  memseta.o(.text)
    __aeabi_memset4                          0x080001cf   Thumb Code     0  memseta.o(.text)
    __aeabi_memset8                          0x080001cf   Thumb Code     0  memseta.o(.text)
    __aeabi_memclr                           0x080001dd   Thumb Code     4  memseta.o(.text)
    __aeabi_memclr4                          0x080001dd   Thumb Code     0  memseta.o(.text)
    __aeabi_memclr8                          0x080001dd   Thumb Code     0  memseta.o(.text)
    _memset$wrapper                          0x080001e1   Thumb Code    18  memseta.o(.text)
    memcmp                                   0x080001f3   Thumb Code    26  memcmp.o(.text)
    __aeabi_fadd                             0x0800020d   Thumb Code   164  fadd.o(.text)
    __aeabi_fsub                             0x080002b1   Thumb Code     6  fadd.o(.text)
    __aeabi_frsub                            0x080002b7   Thumb Code     6  fadd.o(.text)
    __aeabi_fmul                             0x080002bd   Thumb Code   100  fmul.o(.text)
    __aeabi_fdiv                             0x08000321   Thumb Code   124  fdiv.o(.text)
    __aeabi_dadd                             0x0800039d   Thumb Code   322  dadd.o(.text)
    __aeabi_dsub                             0x080004df   Thumb Code     6  dadd.o(.text)
    __aeabi_drsub                            0x080004e5   Thumb Code     6  dadd.o(.text)
    __aeabi_dmul                             0x080004eb   Thumb Code   228  dmul.o(.text)
    __aeabi_ddiv                             0x080005cf   Thumb Code   222  ddiv.o(.text)
    __aeabi_i2f                              0x080006ad   Thumb Code    18  fflti.o(.text)
    __aeabi_ui2f                             0x080006bf   Thumb Code    10  ffltui.o(.text)
    __aeabi_i2d                              0x080006c9   Thumb Code    34  dflti.o(.text)
    __aeabi_ui2d                             0x080006eb   Thumb Code    26  dfltui.o(.text)
    __aeabi_f2iz                             0x08000705   Thumb Code    50  ffixi.o(.text)
    __aeabi_f2uiz                            0x08000737   Thumb Code    40  ffixui.o(.text)
    __aeabi_f2d                              0x0800075f   Thumb Code    38  f2d.o(.text)
    __aeabi_d2f                              0x08000785   Thumb Code    56  d2f.o(.text)
    __aeabi_cfcmpeq                          0x080007bd   Thumb Code     0  cfcmple.o(.text)
    __aeabi_cfcmple                          0x080007bd   Thumb Code    20  cfcmple.o(.text)
    __aeabi_cfrcmple                         0x080007d1   Thumb Code    20  cfrcmple.o(.text)
    __aeabi_uldivmod                         0x080007e5   Thumb Code    98  uldiv.o(.text)
    __aeabi_llsl                             0x08000847   Thumb Code    30  llshl.o(.text)
    _ll_shift_l                              0x08000847   Thumb Code     0  llshl.o(.text)
    __aeabi_llsr                             0x08000865   Thumb Code    32  llushr.o(.text)
    _ll_ushift_r                             0x08000865   Thumb Code     0  llushr.o(.text)
    __aeabi_lasr                             0x08000885   Thumb Code    36  llsshr.o(.text)
    _ll_sshift_r                             0x08000885   Thumb Code     0  llsshr.o(.text)
    __I$use$fp                               0x080008a9   Thumb Code     0  iusefp.o(.text)
    _float_round                             0x080008a9   Thumb Code    18  fepilogue.o(.text)
    _float_epilogue                          0x080008bb   Thumb Code    92  fepilogue.o(.text)
    _double_round                            0x08000917   Thumb Code    30  depilogue.o(.text)
    _double_epilogue                         0x08000935   Thumb Code   156  depilogue.o(.text)
    __ARM_scalbn                             0x080009d1   Thumb Code    46  dscalb.o(.text)
    scalbn                                   0x080009d1   Thumb Code     0  dscalb.o(.text)
    _dsqrt                                   0x080009ff   Thumb Code   162  dsqrt.o(.text)
    __aeabi_cdcmpeq                          0x08000aa1   Thumb Code     0  cdcmple.o(.text)
    __aeabi_cdcmple                          0x08000aa1   Thumb Code    48  cdcmple.o(.text)
    __scatterload                            0x08000ad1   Thumb Code    28  init.o(.text)
    __scatterload_rt2                        0x08000ad1   Thumb Code     0  init.o(.text)
    __decompress                             0x08000af5   Thumb Code     0  __dczerorl2.o(.text)
    __decompress1                            0x08000af5   Thumb Code    86  __dczerorl2.o(.text)
    BusFault_Handler                         0x08000b4b   Thumb Code     4  stm32f10x_it.o(i.BusFault_Handler)
    CPUoccupationRate_Calculatefinish        0x08000b51   Thumb Code    68  maincycle.o(i.CPUoccupationRate_Calculatefinish)
    CPUoccupationRate_Calculatestart         0x08000ba5   Thumb Code    14  maincycle.o(i.CPUoccupationRate_Calculatestart)
    DMA_Cmd                                  0x08000bbd   Thumb Code    24  stm32f10x_dma.o(i.DMA_Cmd)
    DMA_GetCurrDataCounter                   0x08000bd5   Thumb Code     8  stm32f10x_dma.o(i.DMA_GetCurrDataCounter)
    DMA_Init                                 0x08000bdd   Thumb Code    60  stm32f10x_dma.o(i.DMA_Init)
    DMA_SetCurrDataCounter                   0x08000c19   Thumb Code     4  stm32f10x_dma.o(i.DMA_SetCurrDataCounter)
    DMP_Init                                 0x08000c1d   Thumb Code    84  mpu6050.o(i.DMP_Init)
    DebugMon_Handler                         0x08000c75   Thumb Code     2  stm32f10x_it.o(i.DebugMon_Handler)
    EXTI0_IRQHandler                         0x08000c85   Thumb Code    16  gpio.o(i.EXTI0_IRQHandler)
    EXTI15_10_IRQHandler                     0x08000c9d   Thumb Code    16  gpio.o(i.EXTI15_10_IRQHandler)
    EXTI1_IRQHandler                         0x08000cb5   Thumb Code    16  gpio.o(i.EXTI1_IRQHandler)
    EXTI2_IRQHandler                         0x08000ccd   Thumb Code    16  gpio.o(i.EXTI2_IRQHandler)
    EXTI3_IRQHandler                         0x08000ce5   Thumb Code    16  gpio.o(i.EXTI3_IRQHandler)
    EXTI4_IRQHandler                         0x08000cfd   Thumb Code    16  gpio.o(i.EXTI4_IRQHandler)
    EXTI9_5_IRQHandler                       0x08000d15   Thumb Code    16  gpio.o(i.EXTI9_5_IRQHandler)
    EXTI_ClearITPendingBit                   0x08000d2d   Thumb Code     6  stm32f10x_exti.o(i.EXTI_ClearITPendingBit)
    EXTI_Init                                0x08000d39   Thumb Code   142  stm32f10x_exti.o(i.EXTI_Init)
    GPIO_EXTILineConfig                      0x08000dcd   Thumb Code    60  stm32f10x_gpio.o(i.GPIO_EXTILineConfig)
    GPIO_Init                                0x08000e0d   Thumb Code   278  stm32f10x_gpio.o(i.GPIO_Init)
    GPIO_PinRemapConfig                      0x08000f25   Thumb Code   138  stm32f10x_gpio.o(i.GPIO_PinRemapConfig)
    GPIO_SetBits                             0x08000fb5   Thumb Code     4  stm32f10x_gpio.o(i.GPIO_SetBits)
    GPIO_StructInit                          0x08000fb9   Thumb Code    16  stm32f10x_gpio.o(i.GPIO_StructInit)
    HardFault_Handler                        0x0800100d   Thumb Code     4  stm32f10x_it.o(i.HardFault_Handler)
    I2C_ReadOneByte                          0x08001011   Thumb Code    70  ioi2c.o(i.I2C_ReadOneByte)
    IIC_Ack                                  0x08001059   Thumb Code    64  ioi2c.o(i.IIC_Ack)
    IIC_Init                                 0x080010a5   Thumb Code    40  ioi2c.o(i.IIC_Init)
    IIC_NAck                                 0x080010d1   Thumb Code    62  ioi2c.o(i.IIC_NAck)
    IIC_Read_Byte                            0x0800111d   Thumb Code    98  ioi2c.o(i.IIC_Read_Byte)
    IIC_Send_Byte                            0x0800118d   Thumb Code    88  ioi2c.o(i.IIC_Send_Byte)
    IIC_Start                                0x080011f1   Thumb Code    92  ioi2c.o(i.IIC_Start)
    IIC_Stop                                 0x08001259   Thumb Code    60  ioi2c.o(i.IIC_Stop)
    IIC_Wait_Ack                             0x080012a1   Thumb Code    92  ioi2c.o(i.IIC_Wait_Ack)
    IICreadByte                              0x08001309   Thumb Code    22  ioi2c.o(i.IICreadByte)
    IICwriteBit                              0x0800131f   Thumb Code    64  ioi2c.o(i.IICwriteBit)
    IICwriteBits                             0x0800135f   Thumb Code   106  ioi2c.o(i.IICwriteBits)
    IICwriteByte                             0x080013c9   Thumb Code    20  ioi2c.o(i.IICwriteByte)
    IICwriteBytes                            0x080013dd   Thumb Code    70  ioi2c.o(i.IICwriteBytes)
    MPU6050_initialize                       0x08001423   Thumb Code    40  mpu6050.o(i.MPU6050_initialize)
    MPU6050_setClockSource                   0x0800144b   Thumb Code    20  mpu6050.o(i.MPU6050_setClockSource)
    MPU6050_setFullScaleAccelRange           0x0800145f   Thumb Code    20  mpu6050.o(i.MPU6050_setFullScaleAccelRange)
    MPU6050_setFullScaleGyroRange            0x08001473   Thumb Code    20  mpu6050.o(i.MPU6050_setFullScaleGyroRange)
    MPU6050_setI2CBypassEnabled              0x08001487   Thumb Code    18  mpu6050.o(i.MPU6050_setI2CBypassEnabled)
    MPU6050_setI2CMasterModeEnabled          0x08001499   Thumb Code    18  mpu6050.o(i.MPU6050_setI2CMasterModeEnabled)
    MPU6050_setSleepEnabled                  0x080014ab   Thumb Code    18  mpu6050.o(i.MPU6050_setSleepEnabled)
    MemManage_Handler                        0x080014bd   Thumb Code     4  stm32f10x_it.o(i.MemManage_Handler)
    NMI_Handler                              0x080014c1   Thumb Code     2  stm32f10x_it.o(i.NMI_Handler)
    NVIC_Init                                0x080014c5   Thumb Code   100  misc.o(i.NVIC_Init)
    NVIC_PriorityGroupConfig                 0x08001535   Thumb Code    10  misc.o(i.NVIC_PriorityGroupConfig)
    OLED_Clear                               0x08001549   Thumb Code    42  oledspi.o(i.OLED_Clear)
    OLED_DrawPoint                           0x08001579   Thumb Code   100  oledspi.o(i.OLED_DrawPoint)
    OLED_Init                                0x080015e1   Thumb Code   296  oledspi.o(i.OLED_Init)
    OLED_Refresh_Gram                        0x0800171d   Thumb Code    70  oledspi.o(i.OLED_Refresh_Gram)
    OLED_Refresh_Gram0                       0x08001769   Thumb Code    60  oledspi.o(i.OLED_Refresh_Gram0)
    OLED_ShowChar                            0x080017a9   Thumb Code   158  oledspi.o(i.OLED_ShowChar)
    OLED_ShowNumber                          0x08001851   Thumb Code   148  oledspi.o(i.OLED_ShowNumber)
    OLED_ShowString                          0x080018e5   Thumb Code    68  oledspi.o(i.OLED_ShowString)
    OLED_WR_Byte                             0x08001929   Thumb Code    78  oledspi.o(i.OLED_WR_Byte)
    PID_calc1                                0x08001981   Thumb Code    92  pid.o(i.PID_calc1)
    PID_calc2                                0x080019dd   Thumb Code   112  pid.o(i.PID_calc2)
    PID_init                                 0x08001a4d   Thumb Code    24  pid.o(i.PID_init)
    PendSV_Handler                           0x08001a65   Thumb Code     2  stm32f10x_it.o(i.PendSV_Handler)
    RCC_AHBPeriphClockCmd                    0x08001a69   Thumb Code    26  stm32f10x_rcc.o(i.RCC_AHBPeriphClockCmd)
    RCC_APB1PeriphClockCmd                   0x08001a89   Thumb Code    26  stm32f10x_rcc.o(i.RCC_APB1PeriphClockCmd)
    RCC_APB2PeriphClockCmd                   0x08001aa9   Thumb Code    26  stm32f10x_rcc.o(i.RCC_APB2PeriphClockCmd)
    RCC_GetClocksFreq                        0x08001ac9   Thumb Code   192  stm32f10x_rcc.o(i.RCC_GetClocksFreq)
    Read_DMP                                 0x08001b9d   Thumb Code   560  mpu6050.o(i.Read_DMP)
    SVC_Handler                              0x08001df9   Thumb Code     2  stm32f10x_it.o(i.SVC_Handler)
    SysTick_CLKSourceConfig                  0x08001ee5   Thumb Code    40  misc.o(i.SysTick_CLKSourceConfig)
    SysTick_Handler                          0x08001f0d   Thumb Code     2  stm32f10x_it.o(i.SysTick_Handler)
    SystemInit                               0x08001f11   Thumb Code    78  system_stm32f10x.o(i.SystemInit)
    TIM6_IRQHandler                          0x080021b1   Thumb Code  1372  main.o(i.TIM6_IRQHandler)
    TIM_ARRPreloadConfig                     0x08002739   Thumb Code    24  stm32f10x_tim.o(i.TIM_ARRPreloadConfig)
    TIM_ClearITPendingBit                    0x08002751   Thumb Code     6  stm32f10x_tim.o(i.TIM_ClearITPendingBit)
    TIM_Cmd                                  0x08002757   Thumb Code    24  stm32f10x_tim.o(i.TIM_Cmd)
    TIM_CtrlPWMOutputs                       0x0800276f   Thumb Code    30  stm32f10x_tim.o(i.TIM_CtrlPWMOutputs)
    TIM_EncoderInterfaceConfig               0x0800278d   Thumb Code    66  stm32f10x_tim.o(i.TIM_EncoderInterfaceConfig)
    TIM_GetCounter                           0x080027cf   Thumb Code     6  stm32f10x_tim.o(i.TIM_GetCounter)
    TIM_ICInit                               0x080027d5   Thumb Code   150  stm32f10x_tim.o(i.TIM_ICInit)
    TIM_ICStructInit                         0x08002881   Thumb Code    18  stm32f10x_tim.o(i.TIM_ICStructInit)
    TIM_ITConfig                             0x08002893   Thumb Code    18  stm32f10x_tim.o(i.TIM_ITConfig)
    TIM_OC1Init                              0x080028a5   Thumb Code   132  stm32f10x_tim.o(i.TIM_OC1Init)
    TIM_OC1PreloadConfig                     0x0800293d   Thumb Code    18  stm32f10x_tim.o(i.TIM_OC1PreloadConfig)
    TIM_OC2Init                              0x08002951   Thumb Code   154  stm32f10x_tim.o(i.TIM_OC2Init)
    TIM_OC2PreloadConfig                     0x080029f5   Thumb Code    26  stm32f10x_tim.o(i.TIM_OC2PreloadConfig)
    TIM_OC3Init                              0x08002a11   Thumb Code   150  stm32f10x_tim.o(i.TIM_OC3Init)
    TIM_OC3PreloadConfig                     0x08002ab1   Thumb Code    18  stm32f10x_tim.o(i.TIM_OC3PreloadConfig)
    TIM_OC4Init                              0x08002ac5   Thumb Code   114  stm32f10x_tim.o(i.TIM_OC4Init)
    TIM_OC4PreloadConfig                     0x08002b41   Thumb Code    26  stm32f10x_tim.o(i.TIM_OC4PreloadConfig)
    TIM_SetCompare1                          0x08002b5b   Thumb Code     4  stm32f10x_tim.o(i.TIM_SetCompare1)
    TIM_SetCompare2                          0x08002b5f   Thumb Code     4  stm32f10x_tim.o(i.TIM_SetCompare2)
    TIM_SetCompare3                          0x08002b63   Thumb Code     4  stm32f10x_tim.o(i.TIM_SetCompare3)
    TIM_SetCompare4                          0x08002b67   Thumb Code     6  stm32f10x_tim.o(i.TIM_SetCompare4)
    TIM_SetCounter                           0x08002b6d   Thumb Code     4  stm32f10x_tim.o(i.TIM_SetCounter)
    TIM_SetIC1Prescaler                      0x08002b71   Thumb Code    18  stm32f10x_tim.o(i.TIM_SetIC1Prescaler)
    TIM_SetIC2Prescaler                      0x08002b83   Thumb Code    26  stm32f10x_tim.o(i.TIM_SetIC2Prescaler)
    TIM_SetIC3Prescaler                      0x08002b9d   Thumb Code    18  stm32f10x_tim.o(i.TIM_SetIC3Prescaler)
    TIM_SetIC4Prescaler                      0x08002baf   Thumb Code    26  stm32f10x_tim.o(i.TIM_SetIC4Prescaler)
    TIM_TimeBaseInit                         0x08002bc9   Thumb Code   122  stm32f10x_tim.o(i.TIM_TimeBaseInit)
    TIM_TimeBaseStructInit                   0x08002c6d   Thumb Code    18  stm32f10x_tim.o(i.TIM_TimeBaseStructInit)
    UART4_IRQHandler                         0x08002c7f   Thumb Code    10  uart.o(i.UART4_IRQHandler)
    USART1_IRQHandler                        0x08002c89   Thumb Code    10  uart.o(i.USART1_IRQHandler)
    USART2_IRQHandler                        0x08002c93   Thumb Code    10  uart.o(i.USART2_IRQHandler)
    USART3_IRQHandler                        0x08002c9d   Thumb Code    10  uart.o(i.USART3_IRQHandler)
    USART_ClearITPendingBit                  0x08002ca7   Thumb Code    30  stm32f10x_usart.o(i.USART_ClearITPendingBit)
    USART_Cmd                                0x08002cc5   Thumb Code    24  stm32f10x_usart.o(i.USART_Cmd)
    USART_DMACmd                             0x08002cdd   Thumb Code    18  stm32f10x_usart.o(i.USART_DMACmd)
    USART_GetITStatus                        0x08002cef   Thumb Code    84  stm32f10x_usart.o(i.USART_GetITStatus)
    USART_ITConfig                           0x08002d43   Thumb Code    74  stm32f10x_usart.o(i.USART_ITConfig)
    USART_Init                               0x08002d8d   Thumb Code   210  stm32f10x_usart.o(i.USART_Init)
    USART_ReceiveData                        0x08002e65   Thumb Code    10  stm32f10x_usart.o(i.USART_ReceiveData)
    UsageFault_Handler                       0x08002f29   Thumb Code     4  stm32f10x_it.o(i.UsageFault_Handler)
    __ARM_fpclassify                         0x08002f2d   Thumb Code    40  fpclassify.o(i.__ARM_fpclassify)
    __kernel_poly                            0x08002f55   Thumb Code   170  poly.o(i.__kernel_poly)
    __mathlib_dbl_infnan                     0x08002fff   Thumb Code     6  dunder.o(i.__mathlib_dbl_infnan)
    __mathlib_dbl_infnan2                    0x08003005   Thumb Code     4  dunder.o(i.__mathlib_dbl_infnan2)
    __mathlib_dbl_invalid                    0x08003009   Thumb Code    12  dunder.o(i.__mathlib_dbl_invalid)
    __mathlib_dbl_underflow                  0x08003015   Thumb Code    10  dunder.o(i.__mathlib_dbl_underflow)
    __scatterload_copy                       0x08003025   Thumb Code    14  handlers.o(i.__scatterload_copy)
    __scatterload_null                       0x08003033   Thumb Code     2  handlers.o(i.__scatterload_null)
    __scatterload_zeroinit                   0x08003035   Thumb Code    14  handlers.o(i.__scatterload_zeroinit)
    __set_errno                              0x08003045   Thumb Code     6  errno.o(i.__set_errno)
    asin                                     0x080030f9   Thumb Code   572  asin.o(i.asin)
    atan                                     0x08003369   Thumb Code   474  atan.o(i.atan)
    atan2                                    0x08003589   Thumb Code   374  atan2.o(i.atan2)
    ccd_getdata                              0x08003a21   Thumb Code   124  ccd.o(i.ccd_getdata)
    ccd_init                                 0x08003aa9   Thumb Code   322  ccd.o(i.ccd_init)
    delay_init                               0x08003c65   Thumb Code    50  delay.o(i.delay_init)
    delay_ms                                 0x08003ca9   Thumb Code    72  delay.o(i.delay_ms)
    delay_us                                 0x08003cf5   Thumb Code    72  delay.o(i.delay_us)
    dmp_enable_6x_lp_quat                    0x08003e29   Thumb Code    60  inv_mpu_dmp_motion_driver.o(i.dmp_enable_6x_lp_quat)
    dmp_enable_feature                       0x08003e65   Thumb Code   530  inv_mpu_dmp_motion_driver.o(i.dmp_enable_feature)
    dmp_enable_gyro_cal                      0x08004081   Thumb Code    62  inv_mpu_dmp_motion_driver.o(i.dmp_enable_gyro_cal)
    dmp_enable_lp_quat                       0x080040d9   Thumb Code    60  inv_mpu_dmp_motion_driver.o(i.dmp_enable_lp_quat)
    dmp_load_motion_driver_firmware          0x08004115   Thumb Code    20  inv_mpu_dmp_motion_driver.o(i.dmp_load_motion_driver_firmware)
    dmp_read_fifo                            0x0800412d   Thumb Code   456  inv_mpu_dmp_motion_driver.o(i.dmp_read_fifo)
    dmp_set_accel_bias                       0x080042f9   Thumb Code   300  inv_mpu_dmp_motion_driver.o(i.dmp_set_accel_bias)
    dmp_set_fifo_rate                        0x08004429   Thumb Code    96  inv_mpu_dmp_motion_driver.o(i.dmp_set_fifo_rate)
    dmp_set_gyro_bias                        0x08004499   Thumb Code   294  inv_mpu_dmp_motion_driver.o(i.dmp_set_gyro_bias)
    dmp_set_orientation                      0x080045c9   Thumb Code   290  inv_mpu_dmp_motion_driver.o(i.dmp_set_orientation)
    dmp_set_shake_reject_thresh              0x08004701   Thumb Code    56  inv_mpu_dmp_motion_driver.o(i.dmp_set_shake_reject_thresh)
    dmp_set_shake_reject_time                0x08004739   Thumb Code    38  inv_mpu_dmp_motion_driver.o(i.dmp_set_shake_reject_time)
    dmp_set_shake_reject_timeout             0x0800475f   Thumb Code    38  inv_mpu_dmp_motion_driver.o(i.dmp_set_shake_reject_timeout)
    dmp_set_tap_axes                         0x08004785   Thumb Code    70  inv_mpu_dmp_motion_driver.o(i.dmp_set_tap_axes)
    dmp_set_tap_count                        0x080047cb   Thumb Code    38  inv_mpu_dmp_motion_driver.o(i.dmp_set_tap_count)
    dmp_set_tap_thresh                       0x080047f1   Thumb Code   396  inv_mpu_dmp_motion_driver.o(i.dmp_set_tap_thresh)
    dmp_set_tap_time                         0x08004991   Thumb Code    38  inv_mpu_dmp_motion_driver.o(i.dmp_set_tap_time)
    dmp_set_tap_time_multi                   0x080049b7   Thumb Code    38  inv_mpu_dmp_motion_driver.o(i.dmp_set_tap_time_multi)
    gpi_init                                 0x08004efd   Thumb Code   304  gpio.o(i.gpi_init)
    gpo_init                                 0x08005129   Thumb Code    46  gpio.o(i.gpo_init)
    i0                                       0x0800526d   Thumb Code    38  main.o(i.i0)
    i2cRead                                  0x0800529d   Thumb Code   118  ioi2c.o(i.i2cRead)
    i2cWrite                                 0x08005313   Thumb Code    96  ioi2c.o(i.i2cWrite)
    ic_getdata                               0x08005375   Thumb Code    36  ic.o(i.ic_getdata)
    ic_init                                  0x0800539d   Thumb Code    32  ic.o(i.ic_init)
    main                                     0x08005439   Thumb Code   260  main.o(i.main)
    maincycle_ms_init                        0x0800555d   Thumb Code    34  maincycle.o(i.maincycle_ms_init)
    move_init                                0x08005585   Thumb Code    16  pwm.o(i.move_init)
    mpu__init                                0x080056c5   Thumb Code    28  mpu.o(i.mpu__init)
    mpu_configure_fifo                       0x080056e1   Thumb Code   106  inv_mpu.o(i.mpu_configure_fifo)
    mpu_get_accel_fsr                        0x08005751   Thumb Code    72  inv_mpu.o(i.mpu_get_accel_fsr)
    mpu_get_accel_sens                       0x0800579d   Thumb Code    78  inv_mpu.o(i.mpu_get_accel_sens)
    mpu_get_fifo_config                      0x080057f1   Thumb Code    12  inv_mpu.o(i.mpu_get_fifo_config)
    mpu_get_gyro_fsr                         0x08005801   Thumb Code    64  inv_mpu.o(i.mpu_get_gyro_fsr)
    mpu_get_gyro_sens                        0x08005845   Thumb Code    58  inv_mpu.o(i.mpu_get_gyro_sens)
    mpu_get_lpf                              0x08005895   Thumb Code    74  inv_mpu.o(i.mpu_get_lpf)
    mpu_get_sample_rate                      0x080058e5   Thumb Code    26  inv_mpu.o(i.mpu_get_sample_rate)
    mpu_getdata                              0x08005905   Thumb Code    32  mpu.o(i.mpu_getdata)
    mpu_init                                 0x0800593d   Thumb Code   396  inv_mpu.o(i.mpu_init)
    mpu_load_firmware                        0x08005acd   Thumb Code   180  inv_mpu.o(i.mpu_load_firmware)
    mpu_lp_accel_mode                        0x08005b85   Thumb Code   218  inv_mpu.o(i.mpu_lp_accel_mode)
    mpu_read_fifo_stream                     0x08005c65   Thumb Code   186  inv_mpu.o(i.mpu_read_fifo_stream)
    mpu_read_mem                             0x08005d25   Thumb Code   122  inv_mpu.o(i.mpu_read_mem)
    mpu_reset_fifo                           0x08005da5   Thumb Code   438  inv_mpu.o(i.mpu_reset_fifo)
    mpu_run_self_test                        0x08005f61   Thumb Code   278  inv_mpu.o(i.mpu_run_self_test)
    mpu_set_accel_fsr                        0x0800607d   Thumb Code   126  inv_mpu.o(i.mpu_set_accel_fsr)
    mpu_set_bypass                           0x08006101   Thumb Code   328  inv_mpu.o(i.mpu_set_bypass)
    mpu_set_dmp_state                        0x0800624d   Thumb Code   138  inv_mpu.o(i.mpu_set_dmp_state)
    mpu_set_gyro_fsr                         0x080062dd   Thumb Code   132  inv_mpu.o(i.mpu_set_gyro_fsr)
    mpu_set_int_latched                      0x08006365   Thumb Code   102  inv_mpu.o(i.mpu_set_int_latched)
    mpu_set_lpf                              0x080063d1   Thumb Code   126  inv_mpu.o(i.mpu_set_lpf)
    mpu_set_sample_rate                      0x08006455   Thumb Code   152  inv_mpu.o(i.mpu_set_sample_rate)
    mpu_set_sensors                          0x080064f1   Thumb Code   202  inv_mpu.o(i.mpu_set_sensors)
    mpu_write_mem                            0x080065c1   Thumb Code   122  inv_mpu.o(i.mpu_write_mem)
    myget_ms                                 0x08006641   Thumb Code     2  inv_mpu.o(i.myget_ms)
    oled_pow                                 0x0800668d   Thumb Code    22  oledspi.o(i.oled_pow)
    spin_add                                 0x080067c5   Thumb Code   290  pwm.o(i.spin_add)
    sqrt                                     0x08006921   Thumb Code    76  sqrt.o(i.sqrt)
    straight_add                             0x0800696d   Thumb Code    72  pwm.o(i.straight_add)
    straight_set                             0x080069c5   Thumb Code   246  pwm.o(i.straight_set)
    tim1_init                                0x08006ac5   Thumb Code   232  oc.o(i.tim1_init)
    tim2_init                                0x08006bb9   Thumb Code   242  oc.o(i.tim2_init)
    trans_bt_R                               0x08006d85   Thumb Code   798  trans.o(i.trans_bt_R)
    trans_bt_T                               0x080070ad   Thumb Code   402  trans.o(i.trans_bt_T)
    trans_bt_init                            0x08007245   Thumb Code    74  trans.o(i.trans_bt_init)
    trans_others_R                           0x0800729d   Thumb Code   294  trans.o(i.trans_others_R)
    trans_others_init                        0x080073cd   Thumb Code    66  trans.o(i.trans_others_init)
    uart_init                                0x0800741d   Thumb Code   150  uart.o(i.uart_init)
    uart_singletrans                         0x080074d9   Thumb Code    66  uart.o(i.uart_singletrans)
    hw                                       0x08007580   Data          12  inv_mpu.o(.constdata)
    reg                                      0x0800758c   Data          27  inv_mpu.o(.constdata)
    test                                     0x080075a8   Data          40  inv_mpu.o(.constdata)
    oled_asc2_1206                           0x080081c6   Data        1140  oledspi.o(.constdata)
    oled_asc2_1608                           0x0800863a   Data        1520  oledspi.o(.constdata)
    __mathlib_zero                           0x08008d18   Data           8  qnan.o(.constdata)
    Region$$Table$$Base                      0x08008d20   Number         0  anon$$obj.o(Region$$Table)
    Region$$Table$$Limit                     0x08008d40   Number         0  anon$$obj.o(Region$$Table)
    gyro                                     0x20000048   Data           6  mpu6050.o(.data)
    accel                                    0x2000004e   Data           6  mpu6050.o(.data)
    sensors                                  0x20000054   Data           2  mpu6050.o(.data)
    Pitch                                    0x20000058   Data           4  mpu6050.o(.data)
    Roll                                     0x2000005c   Data           4  mpu6050.o(.data)
    Yaw                                      0x20000060   Data           4  mpu6050.o(.data)
    q0                                       0x20000064   Data           4  mpu6050.o(.data)
    q1                                       0x20000068   Data           4  mpu6050.o(.data)
    q2                                       0x2000006c   Data           4  mpu6050.o(.data)
    q3                                       0x20000070   Data           4  mpu6050.o(.data)
    Gx_offset                                0x2000007e   Data           2  mpu6050.o(.data)
    Gy_offset                                0x20000080   Data           2  mpu6050.o(.data)
    Gz_offset                                0x20000082   Data           2  mpu6050.o(.data)
    ccd_middle                               0x200001cc   Data           4  ccd.o(.data)
    black_cnt                                0x200001d0   Data           4  ccd.o(.data)
    pitch                                    0x200001e4   Data           4  mpu.o(.data)
    roll                                     0x200001e8   Data           4  mpu.o(.data)
    yaw                                      0x200001ec   Data           4  mpu.o(.data)
    ch                                       0x20000254   Data           4  main.o(.data)
    P_v                                      0x20000258   Data           4  main.o(.data)
    I_v                                      0x2000025c   Data           4  main.o(.data)
    D_v                                      0x20000260   Data           4  main.o(.data)
    a_v1                                     0x20000264   Data           4  main.o(.data)
    a_v2                                     0x20000268   Data           4  main.o(.data)
    a_v3                                     0x2000026c   Data           4  main.o(.data)
    a_v4                                     0x20000270   Data           4  main.o(.data)
    v1                                       0x20000274   Data           4  main.o(.data)
    v2                                       0x20000278   Data           4  main.o(.data)
    v3                                       0x2000027c   Data           4  main.o(.data)
    v4                                       0x20000280   Data           4  main.o(.data)
    P_yaw                                    0x20000284   Data           4  main.o(.data)
    I_yaw                                    0x20000288   Data           4  main.o(.data)
    D_yaw                                    0x2000028c   Data           4  main.o(.data)
    a_yaw                                    0x20000290   Data           4  main.o(.data)
    vd                                       0x20000294   Data           4  main.o(.data)
    state                                    0x20000298   Data           1  main.o(.data)
    cnt_c                                    0x2000029c   Data           4  main.o(.data)
    cnt_max                                  0x200002a0   Data           4  main.o(.data)
    work                                     0x200002a4   Data           1  main.o(.data)
    a_vs                                     0x200002a8   Data           4  main.o(.data)
    a_vs_max                                 0x200002ac   Data           4  main.o(.data)
    a_v_max                                  0x200002b0   Data           4  main.o(.data)
    dicr1                                    0x200002b4   Data           4  main.o(.data)
    dicr2                                    0x200002b8   Data           4  main.o(.data)
    i1                                       0x200002bc   Data           4  main.o(.data)
    i2                                       0x200002c0   Data           4  main.o(.data)
    i3                                       0x200002c4   Data           4  main.o(.data)
    i4                                       0x200002c8   Data           4  main.o(.data)
    i5                                       0x200002cc   Data           4  main.o(.data)
    SystemCoreClock                          0x200002d4   Data           4  system_stm32f10x.o(.data)
    AHBPrescTable                            0x200002d8   Data          16  system_stm32f10x.o(.data)
    OLED_GRAM                                0x200002fc   Data        1024  oledspi.o(.bss)
    trans_others_Tbuff                       0x20001078   Data         208  trans.o(.bss)
    trans_others_TFlag                       0x20001148   Data          16  trans.o(.bss)
    trans_others_Rbuff                       0x20001158   Data         200  trans.o(.bss)
    trans_others_RFlag                       0x20001220   Data          16  trans.o(.bss)
    v1_pid                                   0x20001230   Data          24  main.o(.bss)
    v2_pid                                   0x20001248   Data          24  main.o(.bss)
    v3_pid                                   0x20001260   Data          24  main.o(.bss)
    v4_pid                                   0x20001278   Data          24  main.o(.bss)
    yaw_pid                                  0x20001290   Data          24  main.o(.bss)
    __initial_sp                             0x200052a8   Data           0  startup_stm32f10x_hd.o(STACK)



==============================================================================

Memory Map of the image

  Image Entry point : 0x08000131

  Load Region LR_IROM1 (Base: 0x08000000, Size: 0x0000902c, Max: 0x00080000, ABSOLUTE, COMPRESSED[0x00008e18])

    Execution Region ER_IROM1 (Exec base: 0x08000000, Load base: 0x08000000, Size: 0x00008d40, Max: 0x00080000, ABSOLUTE)

    Exec Addr    Load Addr    Size         Type   Attr      Idx    E Section Name        Object

    0x08000000   0x08000000   0x00000130   Data   RO           19    RESET               startup_stm32f10x_hd.o
    0x08000130   0x08000130   0x00000000   Code   RO         4756  * .ARM.Collect$$$$00000000  mc_w.l(entry.o)
    0x08000130   0x08000130   0x00000004   Code   RO         4828    .ARM.Collect$$$$00000001  mc_w.l(entry2.o)
    0x08000134   0x08000134   0x00000004   Code   RO         4831    .ARM.Collect$$$$00000004  mc_w.l(entry5.o)
    0x08000138   0x08000138   0x00000000   Code   RO         4833    .ARM.Collect$$$$00000008  mc_w.l(entry7b.o)
    0x08000138   0x08000138   0x00000000   Code   RO         4835    .ARM.Collect$$$$0000000A  mc_w.l(entry8b.o)
    0x08000138   0x08000138   0x00000008   Code   RO         4836    .ARM.Collect$$$$0000000B  mc_w.l(entry9a.o)
    0x08000140   0x08000140   0x00000004   Code   RO         4843    .ARM.Collect$$$$0000000E  mc_w.l(entry12b.o)
    0x08000144   0x08000144   0x00000000   Code   RO         4838    .ARM.Collect$$$$0000000F  mc_w.l(entry10a.o)
    0x08000144   0x08000144   0x00000000   Code   RO         4840    .ARM.Collect$$$$00000011  mc_w.l(entry11a.o)
    0x08000144   0x08000144   0x00000004   Code   RO         4829    .ARM.Collect$$$$00002712  mc_w.l(entry2.o)
    0x08000148   0x08000148   0x00000024   Code   RO           20    .text               startup_stm32f10x_hd.o
    0x0800016c   0x0800016c   0x00000062   Code   RO         4759    .text               mc_w.l(ldiv.o)
    0x080001ce   0x080001ce   0x00000024   Code   RO         4761    .text               mc_w.l(memseta.o)
    0x080001f2   0x080001f2   0x0000001a   Code   RO         4763    .text               mc_w.l(memcmp.o)
    0x0800020c   0x0800020c   0x000000b0   Code   RO         4765    .text               mf_w.l(fadd.o)
    0x080002bc   0x080002bc   0x00000064   Code   RO         4767    .text               mf_w.l(fmul.o)
    0x08000320   0x08000320   0x0000007c   Code   RO         4769    .text               mf_w.l(fdiv.o)
    0x0800039c   0x0800039c   0x0000014e   Code   RO         4771    .text               mf_w.l(dadd.o)
    0x080004ea   0x080004ea   0x000000e4   Code   RO         4773    .text               mf_w.l(dmul.o)
    0x080005ce   0x080005ce   0x000000de   Code   RO         4775    .text               mf_w.l(ddiv.o)
    0x080006ac   0x080006ac   0x00000012   Code   RO         4777    .text               mf_w.l(fflti.o)
    0x080006be   0x080006be   0x0000000a   Code   RO         4779    .text               mf_w.l(ffltui.o)
    0x080006c8   0x080006c8   0x00000022   Code   RO         4781    .text               mf_w.l(dflti.o)
    0x080006ea   0x080006ea   0x0000001a   Code   RO         4783    .text               mf_w.l(dfltui.o)
    0x08000704   0x08000704   0x00000032   Code   RO         4785    .text               mf_w.l(ffixi.o)
    0x08000736   0x08000736   0x00000028   Code   RO         4787    .text               mf_w.l(ffixui.o)
    0x0800075e   0x0800075e   0x00000026   Code   RO         4791    .text               mf_w.l(f2d.o)
    0x08000784   0x08000784   0x00000038   Code   RO         4793    .text               mf_w.l(d2f.o)
    0x080007bc   0x080007bc   0x00000014   Code   RO         4795    .text               mf_w.l(cfcmple.o)
    0x080007d0   0x080007d0   0x00000014   Code   RO         4797    .text               mf_w.l(cfrcmple.o)
    0x080007e4   0x080007e4   0x00000062   Code   RO         4844    .text               mc_w.l(uldiv.o)
    0x08000846   0x08000846   0x0000001e   Code   RO         4846    .text               mc_w.l(llshl.o)
    0x08000864   0x08000864   0x00000020   Code   RO         4848    .text               mc_w.l(llushr.o)
    0x08000884   0x08000884   0x00000024   Code   RO         4850    .text               mc_w.l(llsshr.o)
    0x080008a8   0x080008a8   0x00000000   Code   RO         4859    .text               mc_w.l(iusefp.o)
    0x080008a8   0x080008a8   0x0000006e   Code   RO         4860    .text               mf_w.l(fepilogue.o)
    0x08000916   0x08000916   0x000000ba   Code   RO         4862    .text               mf_w.l(depilogue.o)
    0x080009d0   0x080009d0   0x0000002e   Code   RO         4864    .text               mf_w.l(dscalb.o)
    0x080009fe   0x080009fe   0x000000a2   Code   RO         4866    .text               mf_w.l(dsqrt.o)
    0x08000aa0   0x08000aa0   0x00000030   Code   RO         4868    .text               mf_w.l(cdcmple.o)
    0x08000ad0   0x08000ad0   0x00000024   Code   RO         4870    .text               mc_w.l(init.o)
    0x08000af4   0x08000af4   0x00000056   Code   RO         4880    .text               mc_w.l(__dczerorl2.o)
    0x08000b4a   0x08000b4a   0x00000004   Code   RO         4607    i.BusFault_Handler  stm32f10x_it.o
    0x08000b4e   0x08000b4e   0x00000002   PAD
    0x08000b50   0x08000b50   0x00000054   Code   RO         3134    i.CPUoccupationRate_Calculatefinish  maincycle.o
    0x08000ba4   0x08000ba4   0x00000018   Code   RO         3135    i.CPUoccupationRate_Calculatestart  maincycle.o
    0x08000bbc   0x08000bbc   0x00000018   Code   RO          834    i.DMA_Cmd           stm32f10x_dma.o
    0x08000bd4   0x08000bd4   0x00000008   Code   RO          836    i.DMA_GetCurrDataCounter  stm32f10x_dma.o
    0x08000bdc   0x08000bdc   0x0000003c   Code   RO          840    i.DMA_Init          stm32f10x_dma.o
    0x08000c18   0x08000c18   0x00000004   Code   RO          841    i.DMA_SetCurrDataCounter  stm32f10x_dma.o
    0x08000c1c   0x08000c1c   0x00000058   Code   RO         3807    i.DMP_Init          mpu6050.o
    0x08000c74   0x08000c74   0x00000002   Code   RO         4608    i.DebugMon_Handler  stm32f10x_it.o
    0x08000c76   0x08000c76   0x0000000c   Code   RO         4223    i.Dly_us            ccd.o
    0x08000c82   0x08000c82   0x00000002   PAD
    0x08000c84   0x08000c84   0x00000018   Code   RO         4014    i.EXTI0_IRQHandler  gpio.o
    0x08000c9c   0x08000c9c   0x00000018   Code   RO         4015    i.EXTI15_10_IRQHandler  gpio.o
    0x08000cb4   0x08000cb4   0x00000018   Code   RO         4016    i.EXTI1_IRQHandler  gpio.o
    0x08000ccc   0x08000ccc   0x00000018   Code   RO         4017    i.EXTI2_IRQHandler  gpio.o
    0x08000ce4   0x08000ce4   0x00000018   Code   RO         4018    i.EXTI3_IRQHandler  gpio.o
    0x08000cfc   0x08000cfc   0x00000018   Code   RO         4019    i.EXTI4_IRQHandler  gpio.o
    0x08000d14   0x08000d14   0x00000018   Code   RO         4020    i.EXTI9_5_IRQHandler  gpio.o
    0x08000d2c   0x08000d2c   0x0000000c   Code   RO          905    i.EXTI_ClearITPendingBit  stm32f10x_exti.o
    0x08000d38   0x08000d38   0x00000094   Code   RO          910    i.EXTI_Init         stm32f10x_exti.o
    0x08000dcc   0x08000dcc   0x00000040   Code   RO         1255    i.GPIO_EXTILineConfig  stm32f10x_gpio.o
    0x08000e0c   0x08000e0c   0x00000116   Code   RO         1258    i.GPIO_Init         stm32f10x_gpio.o
    0x08000f22   0x08000f22   0x00000002   PAD
    0x08000f24   0x08000f24   0x00000090   Code   RO         1260    i.GPIO_PinRemapConfig  stm32f10x_gpio.o
    0x08000fb4   0x08000fb4   0x00000004   Code   RO         1266    i.GPIO_SetBits      stm32f10x_gpio.o
    0x08000fb8   0x08000fb8   0x00000010   Code   RO         1267    i.GPIO_StructInit   stm32f10x_gpio.o
    0x08000fc8   0x08000fc8   0x00000044   Code   RO         4224    i.Get_Adc           ccd.o
    0x0800100c   0x0800100c   0x00000004   Code   RO         4609    i.HardFault_Handler  stm32f10x_it.o
    0x08001010   0x08001010   0x00000046   Code   RO         3699    i.I2C_ReadOneByte   ioi2c.o
    0x08001056   0x08001056   0x00000002   PAD
    0x08001058   0x08001058   0x0000004c   Code   RO         3700    i.IIC_Ack           ioi2c.o
    0x080010a4   0x080010a4   0x0000002c   Code   RO         3701    i.IIC_Init          ioi2c.o
    0x080010d0   0x080010d0   0x0000004c   Code   RO         3702    i.IIC_NAck          ioi2c.o
    0x0800111c   0x0800111c   0x00000070   Code   RO         3703    i.IIC_Read_Byte     ioi2c.o
    0x0800118c   0x0800118c   0x00000064   Code   RO         3704    i.IIC_Send_Byte     ioi2c.o
    0x080011f0   0x080011f0   0x00000068   Code   RO         3705    i.IIC_Start         ioi2c.o
    0x08001258   0x08001258   0x00000048   Code   RO         3706    i.IIC_Stop          ioi2c.o
    0x080012a0   0x080012a0   0x00000068   Code   RO         3707    i.IIC_Wait_Ack      ioi2c.o
    0x08001308   0x08001308   0x00000016   Code   RO         3708    i.IICreadByte       ioi2c.o
    0x0800131e   0x0800131e   0x00000040   Code   RO         3710    i.IICwriteBit       ioi2c.o
    0x0800135e   0x0800135e   0x0000006a   Code   RO         3711    i.IICwriteBits      ioi2c.o
    0x080013c8   0x080013c8   0x00000014   Code   RO         3712    i.IICwriteByte      ioi2c.o
    0x080013dc   0x080013dc   0x00000046   Code   RO         3713    i.IICwriteBytes     ioi2c.o
    0x08001422   0x08001422   0x00000028   Code   RO         3809    i.MPU6050_initialize  mpu6050.o
    0x0800144a   0x0800144a   0x00000014   Code   RO         3811    i.MPU6050_setClockSource  mpu6050.o
    0x0800145e   0x0800145e   0x00000014   Code   RO         3812    i.MPU6050_setFullScaleAccelRange  mpu6050.o
    0x08001472   0x08001472   0x00000014   Code   RO         3813    i.MPU6050_setFullScaleGyroRange  mpu6050.o
    0x08001486   0x08001486   0x00000012   Code   RO         3814    i.MPU6050_setI2CBypassEnabled  mpu6050.o
    0x08001498   0x08001498   0x00000012   Code   RO         3815    i.MPU6050_setI2CMasterModeEnabled  mpu6050.o
    0x080014aa   0x080014aa   0x00000012   Code   RO         3816    i.MPU6050_setSleepEnabled  mpu6050.o
    0x080014bc   0x080014bc   0x00000004   Code   RO         4610    i.MemManage_Handler  stm32f10x_it.o
    0x080014c0   0x080014c0   0x00000002   Code   RO         4611    i.NMI_Handler       stm32f10x_it.o
    0x080014c2   0x080014c2   0x00000002   PAD
    0x080014c4   0x080014c4   0x00000070   Code   RO           24    i.NVIC_Init         misc.o
    0x08001534   0x08001534   0x00000014   Code   RO           25    i.NVIC_PriorityGroupConfig  misc.o
    0x08001548   0x08001548   0x00000030   Code   RO         3923    i.OLED_Clear        oledspi.o
    0x08001578   0x08001578   0x00000068   Code   RO         3926    i.OLED_DrawPoint    oledspi.o
    0x080015e0   0x080015e0   0x0000013c   Code   RO         3927    i.OLED_Init         oledspi.o
    0x0800171c   0x0800171c   0x0000004c   Code   RO         3928    i.OLED_Refresh_Gram  oledspi.o
    0x08001768   0x08001768   0x00000040   Code   RO         3929    i.OLED_Refresh_Gram0  oledspi.o
    0x080017a8   0x080017a8   0x000000a8   Code   RO         3930    i.OLED_ShowChar     oledspi.o
    0x08001850   0x08001850   0x00000094   Code   RO         3931    i.OLED_ShowNumber   oledspi.o
    0x080018e4   0x080018e4   0x00000044   Code   RO         3932    i.OLED_ShowString   oledspi.o
    0x08001928   0x08001928   0x00000058   Code   RO         3933    i.OLED_WR_Byte      oledspi.o
    0x08001980   0x08001980   0x0000005c   Code   RO         3173    i.PID_calc1         pid.o
    0x080019dc   0x080019dc   0x00000070   Code   RO         3174    i.PID_calc2         pid.o
    0x08001a4c   0x08001a4c   0x00000018   Code   RO         3175    i.PID_init          pid.o
    0x08001a64   0x08001a64   0x00000002   Code   RO         4612    i.PendSV_Handler    stm32f10x_it.o
    0x08001a66   0x08001a66   0x00000002   PAD
    0x08001a68   0x08001a68   0x00000020   Code   RO         1673    i.RCC_AHBPeriphClockCmd  stm32f10x_rcc.o
    0x08001a88   0x08001a88   0x00000020   Code   RO         1674    i.RCC_APB1PeriphClockCmd  stm32f10x_rcc.o
    0x08001aa8   0x08001aa8   0x00000020   Code   RO         1676    i.RCC_APB2PeriphClockCmd  stm32f10x_rcc.o
    0x08001ac8   0x08001ac8   0x000000d4   Code   RO         1684    i.RCC_GetClocksFreq  stm32f10x_rcc.o
    0x08001b9c   0x08001b9c   0x0000025c   Code   RO         3818    i.Read_DMP          mpu6050.o
    0x08001df8   0x08001df8   0x00000002   Code   RO         4613    i.SVC_Handler       stm32f10x_it.o
    0x08001dfa   0x08001dfa   0x00000008   Code   RO         4696    i.SetSysClock       system_stm32f10x.o
    0x08001e02   0x08001e02   0x00000002   PAD
    0x08001e04   0x08001e04   0x000000e0   Code   RO         4697    i.SetSysClockTo72   system_stm32f10x.o
    0x08001ee4   0x08001ee4   0x00000028   Code   RO           28    i.SysTick_CLKSourceConfig  misc.o
    0x08001f0c   0x08001f0c   0x00000002   Code   RO         4614    i.SysTick_Handler   stm32f10x_it.o
    0x08001f0e   0x08001f0e   0x00000002   PAD
    0x08001f10   0x08001f10   0x00000060   Code   RO         4699    i.SystemInit        system_stm32f10x.o
    0x08001f70   0x08001f70   0x00000080   Code   RO         2292    i.TI1_Config        stm32f10x_tim.o
    0x08001ff0   0x08001ff0   0x00000098   Code   RO         2293    i.TI2_Config        stm32f10x_tim.o
    0x08002088   0x08002088   0x00000090   Code   RO         2294    i.TI3_Config        stm32f10x_tim.o
    0x08002118   0x08002118   0x00000098   Code   RO         2295    i.TI4_Config        stm32f10x_tim.o
    0x080021b0   0x080021b0   0x00000588   Code   RO         4449    i.TIM6_IRQHandler   main.o
    0x08002738   0x08002738   0x00000018   Code   RO         2296    i.TIM_ARRPreloadConfig  stm32f10x_tim.o
    0x08002750   0x08002750   0x00000006   Code   RO         2303    i.TIM_ClearITPendingBit  stm32f10x_tim.o
    0x08002756   0x08002756   0x00000018   Code   RO         2308    i.TIM_Cmd           stm32f10x_tim.o
    0x0800276e   0x0800276e   0x0000001e   Code   RO         2310    i.TIM_CtrlPWMOutputs  stm32f10x_tim.o
    0x0800278c   0x0800278c   0x00000042   Code   RO         2317    i.TIM_EncoderInterfaceConfig  stm32f10x_tim.o
    0x080027ce   0x080027ce   0x00000006   Code   RO         2327    i.TIM_GetCounter    stm32f10x_tim.o
    0x080027d4   0x080027d4   0x000000ac   Code   RO         2331    i.TIM_ICInit        stm32f10x_tim.o
    0x08002880   0x08002880   0x00000012   Code   RO         2332    i.TIM_ICStructInit  stm32f10x_tim.o
    0x08002892   0x08002892   0x00000012   Code   RO         2333    i.TIM_ITConfig      stm32f10x_tim.o
    0x080028a4   0x080028a4   0x00000098   Code   RO         2337    i.TIM_OC1Init       stm32f10x_tim.o
    0x0800293c   0x0800293c   0x00000012   Code   RO         2340    i.TIM_OC1PreloadConfig  stm32f10x_tim.o
    0x0800294e   0x0800294e   0x00000002   PAD
    0x08002950   0x08002950   0x000000a4   Code   RO         2342    i.TIM_OC2Init       stm32f10x_tim.o
    0x080029f4   0x080029f4   0x0000001a   Code   RO         2345    i.TIM_OC2PreloadConfig  stm32f10x_tim.o
    0x08002a0e   0x08002a0e   0x00000002   PAD
    0x08002a10   0x08002a10   0x000000a0   Code   RO         2347    i.TIM_OC3Init       stm32f10x_tim.o
    0x08002ab0   0x08002ab0   0x00000012   Code   RO         2350    i.TIM_OC3PreloadConfig  stm32f10x_tim.o
    0x08002ac2   0x08002ac2   0x00000002   PAD
    0x08002ac4   0x08002ac4   0x0000007c   Code   RO         2352    i.TIM_OC4Init       stm32f10x_tim.o
    0x08002b40   0x08002b40   0x0000001a   Code   RO         2354    i.TIM_OC4PreloadConfig  stm32f10x_tim.o
    0x08002b5a   0x08002b5a   0x00000004   Code   RO         2369    i.TIM_SetCompare1   stm32f10x_tim.o
    0x08002b5e   0x08002b5e   0x00000004   Code   RO         2370    i.TIM_SetCompare2   stm32f10x_tim.o
    0x08002b62   0x08002b62   0x00000004   Code   RO         2371    i.TIM_SetCompare3   stm32f10x_tim.o
    0x08002b66   0x08002b66   0x00000006   Code   RO         2372    i.TIM_SetCompare4   stm32f10x_tim.o
    0x08002b6c   0x08002b6c   0x00000004   Code   RO         2373    i.TIM_SetCounter    stm32f10x_tim.o
    0x08002b70   0x08002b70   0x00000012   Code   RO         2374    i.TIM_SetIC1Prescaler  stm32f10x_tim.o
    0x08002b82   0x08002b82   0x0000001a   Code   RO         2375    i.TIM_SetIC2Prescaler  stm32f10x_tim.o
    0x08002b9c   0x08002b9c   0x00000012   Code   RO         2376    i.TIM_SetIC3Prescaler  stm32f10x_tim.o
    0x08002bae   0x08002bae   0x0000001a   Code   RO         2377    i.TIM_SetIC4Prescaler  stm32f10x_tim.o
    0x08002bc8   0x08002bc8   0x000000a4   Code   RO         2379    i.TIM_TimeBaseInit  stm32f10x_tim.o
    0x08002c6c   0x08002c6c   0x00000012   Code   RO         2380    i.TIM_TimeBaseStructInit  stm32f10x_tim.o
    0x08002c7e   0x08002c7e   0x0000000a   Code   RO         4139    i.UART4_IRQHandler  uart.o
    0x08002c88   0x08002c88   0x0000000a   Code   RO         4140    i.USART1_IRQHandler  uart.o
    0x08002c92   0x08002c92   0x0000000a   Code   RO         4141    i.USART2_IRQHandler  uart.o
    0x08002c9c   0x08002c9c   0x0000000a   Code   RO         4142    i.USART3_IRQHandler  uart.o
    0x08002ca6   0x08002ca6   0x0000001e   Code   RO         2841    i.USART_ClearITPendingBit  stm32f10x_usart.o
    0x08002cc4   0x08002cc4   0x00000018   Code   RO         2844    i.USART_Cmd         stm32f10x_usart.o
    0x08002cdc   0x08002cdc   0x00000012   Code   RO         2845    i.USART_DMACmd      stm32f10x_usart.o
    0x08002cee   0x08002cee   0x00000054   Code   RO         2848    i.USART_GetITStatus  stm32f10x_usart.o
    0x08002d42   0x08002d42   0x0000004a   Code   RO         2850    i.USART_ITConfig    stm32f10x_usart.o
    0x08002d8c   0x08002d8c   0x000000d8   Code   RO         2851    i.USART_Init        stm32f10x_usart.o
    0x08002e64   0x08002e64   0x0000000a   Code   RO         2858    i.USART_ReceiveData  stm32f10x_usart.o
    0x08002e6e   0x08002e6e   0x00000002   PAD
    0x08002e70   0x08002e70   0x000000b8   Code   RO         4143    i.USARTx_IRQHandler  uart.o
    0x08002f28   0x08002f28   0x00000004   Code   RO         4615    i.UsageFault_Handler  stm32f10x_it.o
    0x08002f2c   0x08002f2c   0x00000028   Code   RO         4823    i.__ARM_fpclassify  m_ws.l(fpclassify.o)
    0x08002f54   0x08002f54   0x000000aa   Code   RO         4825    i.__kernel_poly     m_ws.l(poly.o)
    0x08002ffe   0x08002ffe   0x00000006   Code   RO         4810    i.__mathlib_dbl_infnan  m_ws.l(dunder.o)
    0x08003004   0x08003004   0x00000004   Code   RO         4811    i.__mathlib_dbl_infnan2  m_ws.l(dunder.o)
    0x08003008   0x08003008   0x0000000c   Code   RO         4812    i.__mathlib_dbl_invalid  m_ws.l(dunder.o)
    0x08003014   0x08003014   0x00000010   Code   RO         4815    i.__mathlib_dbl_underflow  m_ws.l(dunder.o)
    0x08003024   0x08003024   0x0000000e   Code   RO         4874    i.__scatterload_copy  mc_w.l(handlers.o)
    0x08003032   0x08003032   0x00000002   Code   RO         4875    i.__scatterload_null  mc_w.l(handlers.o)
    0x08003034   0x08003034   0x0000000e   Code   RO         4876    i.__scatterload_zeroinit  mc_w.l(handlers.o)
    0x08003042   0x08003042   0x00000002   PAD
    0x08003044   0x08003044   0x0000000c   Code   RO         4854    i.__set_errno       mc_w.l(errno.o)
    0x08003050   0x08003050   0x000000a8   Code   RO         3206    i.accel_self_test   inv_mpu.o
    0x080030f8   0x080030f8   0x00000270   Code   RO         4731    i.asin              m_ws.l(asin.o)
    0x08003368   0x08003368   0x00000220   Code   RO         4800    i.atan              m_ws.l(atan.o)
    0x08003588   0x08003588   0x0000019c   Code   RO         4741    i.atan2             m_ws.l(atan2.o)
    0x08003724   0x08003724   0x000002fc   Code   RO         4225    i.ccd_calculator    ccd.o
    0x08003a20   0x08003a20   0x00000088   Code   RO         4226    i.ccd_getdata       ccd.o
    0x08003aa8   0x08003aa8   0x00000158   Code   RO         4227    i.ccd_init          ccd.o
    0x08003c00   0x08003c00   0x00000064   Code   RO         3510    i.decode_gesture    inv_mpu_dmp_motion_driver.o
    0x08003c64   0x08003c64   0x00000044   Code   RO         3074    i.delay_init        delay.o
    0x08003ca8   0x08003ca8   0x0000004c   Code   RO         3075    i.delay_ms          delay.o
    0x08003cf4   0x08003cf4   0x0000004c   Code   RO         3076    i.delay_us          delay.o
    0x08003d40   0x08003d40   0x0000007c   Code   RO         4144    i.dma_Rinit         uart.o
    0x08003dbc   0x08003dbc   0x0000006c   Code   RO         4145    i.dma_Tinit         uart.o
    0x08003e28   0x08003e28   0x0000003c   Code   RO         3511    i.dmp_enable_6x_lp_quat  inv_mpu_dmp_motion_driver.o
    0x08003e64   0x08003e64   0x0000021c   Code   RO         3512    i.dmp_enable_feature  inv_mpu_dmp_motion_driver.o
    0x08004080   0x08004080   0x00000058   Code   RO         3513    i.dmp_enable_gyro_cal  inv_mpu_dmp_motion_driver.o
    0x080040d8   0x080040d8   0x0000003c   Code   RO         3514    i.dmp_enable_lp_quat  inv_mpu_dmp_motion_driver.o
    0x08004114   0x08004114   0x00000018   Code   RO         3519    i.dmp_load_motion_driver_firmware  inv_mpu_dmp_motion_driver.o
    0x0800412c   0x0800412c   0x000001cc   Code   RO         3520    i.dmp_read_fifo     inv_mpu_dmp_motion_driver.o
    0x080042f8   0x080042f8   0x00000130   Code   RO         3523    i.dmp_set_accel_bias  inv_mpu_dmp_motion_driver.o
    0x08004428   0x08004428   0x00000070   Code   RO         3524    i.dmp_set_fifo_rate  inv_mpu_dmp_motion_driver.o
    0x08004498   0x08004498   0x00000130   Code   RO         3525    i.dmp_set_gyro_bias  inv_mpu_dmp_motion_driver.o
    0x080045c8   0x080045c8   0x00000138   Code   RO         3527    i.dmp_set_orientation  inv_mpu_dmp_motion_driver.o
    0x08004700   0x08004700   0x00000038   Code   RO         3530    i.dmp_set_shake_reject_thresh  inv_mpu_dmp_motion_driver.o
    0x08004738   0x08004738   0x00000026   Code   RO         3531    i.dmp_set_shake_reject_time  inv_mpu_dmp_motion_driver.o
    0x0800475e   0x0800475e   0x00000026   Code   RO         3532    i.dmp_set_shake_reject_timeout  inv_mpu_dmp_motion_driver.o
    0x08004784   0x08004784   0x00000046   Code   RO         3533    i.dmp_set_tap_axes  inv_mpu_dmp_motion_driver.o
    0x080047ca   0x080047ca   0x00000026   Code   RO         3534    i.dmp_set_tap_count  inv_mpu_dmp_motion_driver.o
    0x080047f0   0x080047f0   0x000001a0   Code   RO         3535    i.dmp_set_tap_thresh  inv_mpu_dmp_motion_driver.o
    0x08004990   0x08004990   0x00000026   Code   RO         3536    i.dmp_set_tap_time  inv_mpu_dmp_motion_driver.o
    0x080049b6   0x080049b6   0x00000026   Code   RO         3537    i.dmp_set_tap_time_multi  inv_mpu_dmp_motion_driver.o
    0x080049dc   0x080049dc   0x000000b4   Code   RO         3207    i.get_accel_prod_shift  inv_mpu.o
    0x08004a90   0x08004a90   0x0000046c   Code   RO         3208    i.get_st_biases     inv_mpu.o
    0x08004efc   0x08004efc   0x00000138   Code   RO         4021    i.gpi_init          gpio.o
    0x08005034   0x08005034   0x00000080   Code   RO         4079    i.gpio_init         ic.o
    0x080050b4   0x080050b4   0x00000074   Code   RO         4147    i.gpio_init         uart.o
    0x08005128   0x08005128   0x00000034   Code   RO         4022    i.gpo_init          gpio.o
    0x0800515c   0x0800515c   0x00000110   Code   RO         3209    i.gyro_self_test    inv_mpu.o
    0x0800526c   0x0800526c   0x00000030   Code   RO         4450    i.i0                main.o
    0x0800529c   0x0800529c   0x00000076   Code   RO         3714    i.i2cRead           ioi2c.o
    0x08005312   0x08005312   0x00000060   Code   RO         3715    i.i2cWrite          ioi2c.o
    0x08005372   0x08005372   0x00000002   PAD
    0x08005374   0x08005374   0x00000028   Code   RO         4080    i.ic_getdata        ic.o
    0x0800539c   0x0800539c   0x00000024   Code   RO         4081    i.ic_init           ic.o
    0x080053c0   0x080053c0   0x00000028   Code   RO         3821    i.inv_orientation_matrix_to_scalar  mpu6050.o
    0x080053e8   0x080053e8   0x0000004e   Code   RO         3822    i.inv_row_2_scale   mpu6050.o
    0x08005436   0x08005436   0x00000002   PAD
    0x08005438   0x08005438   0x00000124   Code   RO         4451    i.main              main.o
    0x0800555c   0x0800555c   0x00000028   Code   RO         3136    i.maincycle_ms_init  maincycle.o
    0x08005584   0x08005584   0x00000010   Code   RO         4295    i.move_init         pwm.o
    0x08005594   0x08005594   0x00000130   Code   RO         4296    i.move_set          pwm.o
    0x080056c4   0x080056c4   0x0000001c   Code   RO         4267    i.mpu__init         mpu.o
    0x080056e0   0x080056e0   0x00000070   Code   RO         3210    i.mpu_configure_fifo  inv_mpu.o
    0x08005750   0x08005750   0x0000004c   Code   RO         3211    i.mpu_get_accel_fsr  inv_mpu.o
    0x0800579c   0x0800579c   0x00000054   Code   RO         3213    i.mpu_get_accel_sens  inv_mpu.o
    0x080057f0   0x080057f0   0x00000010   Code   RO         3218    i.mpu_get_fifo_config  inv_mpu.o
    0x08005800   0x08005800   0x00000044   Code   RO         3219    i.mpu_get_gyro_fsr  inv_mpu.o
    0x08005844   0x08005844   0x00000050   Code   RO         3221    i.mpu_get_gyro_sens  inv_mpu.o
    0x08005894   0x08005894   0x00000050   Code   RO         3223    i.mpu_get_lpf       inv_mpu.o
    0x080058e4   0x080058e4   0x00000020   Code   RO         3225    i.mpu_get_sample_rate  inv_mpu.o
    0x08005904   0x08005904   0x00000038   Code   RO         4268    i.mpu_getdata       mpu.o
    0x0800593c   0x0800593c   0x00000190   Code   RO         3227    i.mpu_init          inv_mpu.o
    0x08005acc   0x08005acc   0x000000b8   Code   RO         3228    i.mpu_load_firmware  inv_mpu.o
    0x08005b84   0x08005b84   0x000000e0   Code   RO         3229    i.mpu_lp_accel_mode  inv_mpu.o
    0x08005c64   0x08005c64   0x000000c0   Code   RO         3232    i.mpu_read_fifo_stream  inv_mpu.o
    0x08005d24   0x08005d24   0x00000080   Code   RO         3233    i.mpu_read_mem      inv_mpu.o
    0x08005da4   0x08005da4   0x000001bc   Code   RO         3236    i.mpu_reset_fifo    inv_mpu.o
    0x08005f60   0x08005f60   0x0000011c   Code   RO         3237    i.mpu_run_self_test  inv_mpu.o
    0x0800607c   0x0800607c   0x00000084   Code   RO         3239    i.mpu_set_accel_fsr  inv_mpu.o
    0x08006100   0x08006100   0x0000014c   Code   RO         3240    i.mpu_set_bypass    inv_mpu.o
    0x0800624c   0x0800624c   0x00000090   Code   RO         3242    i.mpu_set_dmp_state  inv_mpu.o
    0x080062dc   0x080062dc   0x00000088   Code   RO         3243    i.mpu_set_gyro_fsr  inv_mpu.o
    0x08006364   0x08006364   0x0000006c   Code   RO         3244    i.mpu_set_int_latched  inv_mpu.o
    0x080063d0   0x080063d0   0x00000084   Code   RO         3246    i.mpu_set_lpf       inv_mpu.o
    0x08006454   0x08006454   0x0000009c   Code   RO         3247    i.mpu_set_sample_rate  inv_mpu.o
    0x080064f0   0x080064f0   0x000000d0   Code   RO         3248    i.mpu_set_sensors   inv_mpu.o
    0x080065c0   0x080065c0   0x00000080   Code   RO         3249    i.mpu_write_mem     inv_mpu.o
    0x08006640   0x08006640   0x00000002   Code   RO         3250    i.myget_ms          inv_mpu.o
    0x08006642   0x08006642   0x00000020   Code   RO         3137    i.nvic_init         maincycle.o
    0x08006662   0x08006662   0x00000002   PAD
    0x08006664   0x08006664   0x00000028   Code   RO         4148    i.nvic_init         uart.o
    0x0800668c   0x0800668c   0x00000016   Code   RO         3934    i.oled_pow          oledspi.o
    0x080066a2   0x080066a2   0x00000090   Code   RO         3823    i.run_self_test     mpu6050.o
    0x08006732   0x08006732   0x00000002   PAD
    0x08006734   0x08006734   0x00000090   Code   RO         3251    i.set_int_enable    inv_mpu.o
    0x080067c4   0x080067c4   0x0000015c   Code   RO         4305    i.spin_add          pwm.o
    0x08006920   0x08006920   0x0000004c   Code   RO         4749    i.sqrt              m_ws.l(sqrt.o)
    0x0800696c   0x0800696c   0x00000058   Code   RO         4308    i.straight_add      pwm.o
    0x080069c4   0x080069c4   0x00000100   Code   RO         4309    i.straight_set      pwm.o
    0x08006ac4   0x08006ac4   0x000000f4   Code   RO         4112    i.tim1_init         oc.o
    0x08006bb8   0x08006bb8   0x00000100   Code   RO         4113    i.tim2_init         oc.o
    0x08006cb8   0x08006cb8   0x0000004c   Code   RO         3138    i.tim_init          maincycle.o
    0x08006d04   0x08006d04   0x00000080   Code   RO         4082    i.tim_init          ic.o
    0x08006d84   0x08006d84   0x00000328   Code   RO         4395    i.trans_bt_R        trans.o
    0x080070ac   0x080070ac   0x00000198   Code   RO         4396    i.trans_bt_T        trans.o
    0x08007244   0x08007244   0x00000058   Code   RO         4397    i.trans_bt_init     trans.o
    0x0800729c   0x0800729c   0x00000130   Code   RO         4398    i.trans_others_R    trans.o
    0x080073cc   0x080073cc   0x00000050   Code   RO         4400    i.trans_others_init  trans.o
    0x0800741c   0x0800741c   0x000000bc   Code   RO         4149    i.uart_init         uart.o
    0x080074d8   0x080074d8   0x0000004c   Code   RO         4150    i.uart_singletrans  uart.o
    0x08007524   0x08007524   0x0000005c   Code   RO         4151    i.usart_init        uart.o
    0x08007580   0x08007580   0x00000050   Data   RO         3252    .constdata          inv_mpu.o
    0x080075d0   0x080075d0   0x00000bf6   Data   RO         3539    .constdata          inv_mpu_dmp_motion_driver.o
    0x080081c6   0x080081c6   0x00000a64   Data   RO         3936    .constdata          oledspi.o
    0x08008c2a   0x08008c2a   0x00000006   PAD
    0x08008c30   0x08008c30   0x00000050   Data   RO         4732    .constdata          m_ws.l(asin.o)
    0x08008c80   0x08008c80   0x00000098   Data   RO         4801    .constdata          m_ws.l(atan.o)
    0x08008d18   0x08008d18   0x00000008   Data   RO         4827    .constdata          m_ws.l(qnan.o)
    0x08008d20   0x08008d20   0x00000020   Data   RO         4872    Region$$Table       anon$$obj.o


    Execution Region RW_IRAM1 (Exec base: 0x20000000, Load base: 0x08008d40, Size: 0x000052a8, Max: 0x00010000, ABSOLUTE, COMPRESSED[0x000000d8])

    Exec Addr    Load Addr    Size         Type   Attr      Idx    E Section Name        Object

    0x20000000   COMPRESSED   0x00000014   Data   RW         1704    .data               stm32f10x_rcc.o
    0x20000014   COMPRESSED   0x00000004   Data   RW         3077    .data               delay.o
    0x20000018   COMPRESSED   0x00000004   Data   RW         3139    .data               maincycle.o
    0x2000001c   COMPRESSED   0x0000002c   Data   RW         3253    .data               inv_mpu.o
    0x20000048   COMPRESSED   0x0000003c   Data   RW         3825    .data               mpu6050.o
    0x20000084   COMPRESSED   0x00000004   Data   RW         4023    .data               gpio.o
    0x20000088   COMPRESSED   0x00000060   Data   RW         4083    .data               ic.o
    0x200000e8   COMPRESSED   0x000000e4   Data   RW         4153    .data               uart.o
    0x200001cc   COMPRESSED   0x00000018   Data   RW         4229    .data               ccd.o
    0x200001e4   COMPRESSED   0x00000024   Data   RW         4269    .data               mpu.o
    0x20000208   COMPRESSED   0x0000004c   Data   RW         4310    .data               pwm.o
    0x20000254   COMPRESSED   0x00000080   Data   RW         4453    .data               main.o
    0x200002d4   COMPRESSED   0x00000014   Data   RW         4700    .data               system_stm32f10x.o
    0x200002e8   COMPRESSED   0x00000004   Data   RW         4855    .data               mc_w.l(errno.o)
    0x200002ec        -       0x00000010   Zero   RW         3538    .bss                inv_mpu_dmp_motion_driver.o
    0x200002fc        -       0x00000400   Zero   RW         3935    .bss                oledspi.o
    0x200006fc        -       0x00000460   Zero   RW         4152    .bss                uart.o
    0x20000b5c        -       0x0000010a   Zero   RW         4228    .bss                ccd.o
    0x20000c66   COMPRESSED   0x00000002   PAD
    0x20000c68        -       0x000005c8   Zero   RW         4401    .bss                trans.o
    0x20001230        -       0x00000078   Zero   RW         4452    .bss                main.o
    0x200012a8        -       0x00004000   Zero   RW           17    STACK               startup_stm32f10x_hd.o


==============================================================================

Image component sizes


      Code (inc. data)   RO Data    RW Data    ZI Data      Debug   Object Name

      1324        112          0         24        266       3824   ccd.o
         0          0          0          0          0       4548   core_cm3.o
       220         26          0          4          0       1643   delay.o
       532         70          0          4          0       4761   gpio.o
       332         38          0         96          0       2683   ic.o
      5778        202         80         44          0      26114   inv_mpu.o
      3096        122       3062          0         16      19978   inv_mpu_dmp_motion_driver.o
      1254         92          0          0          0      10187   ioi2c.o
      1756        250          0        128        120       3452   main.o
       256         42          0          4          0       2719   maincycle.o
       172         22          0          0          0     262141   misc.o
        84         24          0         36          0       1239   mpu.o
      1108         48          0         60          0       7965   mpu6050.o
       500         26          0          0          0       1376   oc.o
      1102         60       2660          0       1024       7483   oledspi.o
       228          0          0          0          0       2539   pid.o
      1012        104          0         76          0       3297   pwm.o
        36          8        304          0      16384        776   startup_stm32f10x_hd.o
        96          0          0          0          0       3795   stm32f10x_dma.o
       160         12          0          0          0       1441   stm32f10x_exti.o
       506         10          0          0          0       4357   stm32f10x_gpio.o
        26          0          0          0          0       3538   stm32f10x_it.o
       308         38          0         20          0       4878   stm32f10x_rcc.o
      1920        200          0          0          0      19604   stm32f10x_tim.o
       456          6          0          0          0       6071   stm32f10x_usart.o
       328         28          0         20          0       1985   system_stm32f10x.o
      1688         54          0          0       1480       7897   trans.o
       968        152          0        228       1120       7322   uart.o

    ----------------------------------------------------------------------
     25278       1746       6144        744      20412     427613   Object Totals
         0          0         32          0          0          0   (incl. Generated)
        32          0          6          0          2          0   (incl. Padding)

    ----------------------------------------------------------------------

      Code (inc. data)   RO Data    RW Data    ZI Data      Debug   Library Member Name

       624         52         80          0          0        168   asin.o
       544         70        152          0          0        124   atan.o
       412         38          0          0          0        144   atan2.o
        38          6          0          0          0        272   dunder.o
        40          0          0          0          0         68   fpclassify.o
       170          0          0          0          0         96   poly.o
         0          0          8          0          0          0   qnan.o
        76          0          0          0          0         84   sqrt.o
        86          0          0          0          0          0   __dczerorl2.o
         0          0          0          0          0          0   entry.o
         0          0          0          0          0          0   entry10a.o
         0          0          0          0          0          0   entry11a.o
         4          0          0          0          0          0   entry12b.o
         8          4          0          0          0          0   entry2.o
         4          0          0          0          0          0   entry5.o
         0          0          0          0          0          0   entry7b.o
         0          0          0          0          0          0   entry8b.o
         8          4          0          0          0          0   entry9a.o
        12          6          0          4          0         68   errno.o
        30          0          0          0          0          0   handlers.o
        36          8          0          0          0         68   init.o
         0          0          0          0          0          0   iusefp.o
        98          0          0          0          0         84   ldiv.o
        30          0          0          0          0         68   llshl.o
        36          0          0          0          0         68   llsshr.o
        32          0          0          0          0         68   llushr.o
        26          0          0          0          0         80   memcmp.o
        36          0          0          0          0        108   memseta.o
        98          0          0          0          0         92   uldiv.o
        48          0          0          0          0         68   cdcmple.o
        20          0          0          0          0         68   cfcmple.o
        20          0          0          0          0         68   cfrcmple.o
        56          0          0          0          0         88   d2f.o
       334          0          0          0          0        148   dadd.o
       222          0          0          0          0        100   ddiv.o
       186          0          0          0          0        176   depilogue.o
        34          0          0          0          0         76   dflti.o
        26          0          0          0          0         76   dfltui.o
       228          0          0          0          0         96   dmul.o
        46          0          0          0          0         80   dscalb.o
       162          0          0          0          0        100   dsqrt.o
        38          0          0          0          0         68   f2d.o
       176          0          0          0          0        140   fadd.o
       124          0          0          0          0         88   fdiv.o
       110          0          0          0          0        168   fepilogue.o
        50          0          0          0          0         68   ffixi.o
        40          0          0          0          0         68   ffixui.o
        18          0          0          0          0         68   fflti.o
        10          0          0          0          0         68   ffltui.o
       100          0          0          0          0         76   fmul.o

    ----------------------------------------------------------------------
      4498        188        240          4          0       3616   Library Totals
         2          0          0          0          0          0   (incl. Padding)

    ----------------------------------------------------------------------

      Code (inc. data)   RO Data    RW Data    ZI Data      Debug   Library Name

      1904        166        240          0          0        956   m_ws.l
       544         22          0          4          0        704   mc_w.l
      2048          0          0          0          0       1956   mf_w.l

    ----------------------------------------------------------------------
      4498        188        240          4          0       3616   Library Totals

    ----------------------------------------------------------------------

==============================================================================


      Code (inc. data)   RO Data    RW Data    ZI Data      Debug   

     29776       1934       6384        748      20412     418617   Grand Totals
     29776       1934       6384        216      20412     418617   ELF Image Totals (compressed)
     29776       1934       6384        216          0          0   ROM Totals

==============================================================================

    Total RO  Size (Code + RO Data)                36160 (  35.31kB)
    Total RW  Size (RW Data + ZI Data)             21160 (  20.66kB)
    Total ROM Size (Code + RO Data + RW Data)      36376 (  35.52kB)

==============================================================================

